Jun 11 06:25:44 ubuntu kernel: [  478.175677] usb 1-1: USB disconnect, device number 2
Jun 11 06:25:52 ubuntu kernel: [  486.306710] usb 1-1: new full-speed USB device number 3 using xhci-hcd
Jun 11 06:25:53 ubuntu kernel: [  486.457206] usb 1-1: New USB device found, idVendor=413c, idProduct=301d, bcdDevice= 0.09
Jun 11 06:25:53 ubuntu kernel: [  486.457211] usb 1-1: New USB device strings: Mfr=1, Product=2, SerialNumber=0
Jun 11 06:25:53 ubuntu kernel: [  486.457215] usb 1-1: Product: Dell Universal Receiver
Jun 11 06:25:53 ubuntu kernel: [  486.457219] usb 1-1: Manufacturer: Dell
Jun 11 06:25:53 ubuntu kernel: [  486.491843] input: Dell Dell Universal Receiver as /devices/platform/amba/ff9d0000.usb0/fe200000.dwc3/xhci-hcd.0.auto/usb1/1-1/1-1:1.0/0003:413C:301D.0001/input/input2
Jun 11 06:25:53 ubuntu kernel: [  486.551155] hid-generic 0003:413C:301D.0001: input: USB HID v1.11 Keyboard [Dell Dell Universal Receiver] on usb-xhci-hcd.0.auto-1/input0
Jun 11 06:25:53 ubuntu kernel: [  486.556603] input: Dell Dell Universal Receiver Mouse as /devices/platform/amba/ff9d0000.usb0/fe200000.dwc3/xhci-hcd.0.auto/usb1/1-1/1-1:1.1/0003:413C:301D.0002/input/input3
Jun 11 06:25:53 ubuntu kernel: [  486.556949] input: Dell Dell Universal Receiver Consumer Control as /devices/platform/amba/ff9d0000.usb0/fe200000.dwc3/xhci-hcd.0.auto/usb1/1-1/1-1:1.1/0003:413C:301D.0002/input/input4
Jun 11 06:25:53 ubuntu kernel: [  486.614943] input: Dell Dell Universal Receiver System Control as /devices/platform/amba/ff9d0000.usb0/fe200000.dwc3/xhci-hcd.0.auto/usb1/1-1/1-1:1.1/0003:413C:301D.0002/input/input5
Jun 11 06:25:53 ubuntu kernel: [  486.615038] hid-generic 0003:413C:301D.0002: input: USB HID v1.11 Mouse [Dell Dell Universal Receiver] on usb-xhci-hcd.0.auto-1/input1
Jun 11 06:25:53 ubuntu kernel: [  486.617189] hid-generic 0003:413C:301D.0003: device has no listeners, quitting
Jun 11 06:36:10 ubuntu kernel: [    0.000000] Booting Linux on physical CPU 0x0000000000 [0x410fd034]
Jun 11 06:36:10 ubuntu kernel: [    0.000000] Linux version 4.19.0-xilinx-v2019.1 (oe-user@oe-host) (gcc version 8.2.0 (GCC)) #1 SMP Mon Jun 10 07:54:03 UTC 2019
Jun 11 06:36:10 ubuntu kernel: [    0.000000] Machine model: ZynqMP ZCU106 RevA
Jun 11 06:36:10 ubuntu kernel: [    0.000000] earlycon: cdns0 at MMIO 0x00000000ff000000 (options '115200n8')
Jun 11 06:36:10 ubuntu kernel: [    0.000000] bootconsole [cdns0] enabled
Jun 11 06:36:10 ubuntu kernel: [    0.000000] efi: Getting EFI parameters from FDT:
Jun 11 06:36:10 ubuntu kernel: [    0.000000] efi: UEFI not found.
Jun 11 06:36:10 ubuntu kernel: [    0.000000] cma: Reserved 1024 MiB at 0x000000003dc00000
Jun 11 06:36:10 ubuntu kernel: [    0.000000] On node 0 totalpages: 1048320
Jun 11 06:36:10 ubuntu kernel: [    0.000000]   DMA32 zone: 7165 pages used for memmap
Jun 11 06:36:10 ubuntu kernel: [    0.000000]   DMA32 zone: 0 pages reserved
Jun 11 06:36:10 ubuntu kernel: [    0.000000]   DMA32 zone: 524032 pages, LIFO batch:63
Jun 11 06:36:10 ubuntu kernel: [    0.000000]   Normal zone: 7168 pages used for memmap
Jun 11 06:36:10 ubuntu kernel: [    0.000000]   Normal zone: 524288 pages, LIFO batch:63
Jun 11 06:36:10 ubuntu kernel: [    0.000000] psci: probing for conduit method from DT.
Jun 11 06:36:10 ubuntu kernel: [    0.000000] psci: PSCIv1.1 detected in firmware.
Jun 11 06:36:10 ubuntu kernel: [    0.000000] psci: Using standard PSCI v0.2 function IDs
Jun 11 06:36:10 ubuntu kernel: [    0.000000] psci: MIGRATE_INFO_TYPE not supported.
Jun 11 06:36:10 ubuntu kernel: [    0.000000] psci: SMC Calling Convention v1.1
Jun 11 06:36:10 ubuntu kernel: [    0.000000] random: get_random_bytes called from start_kernel+0x9c/0x3e8 with crng_init=0
Jun 11 06:36:10 ubuntu kernel: [    0.000000] percpu: Embedded 24 pages/cpu @(____ptrval____) s58136 r8192 d31976 u98304
Jun 11 06:36:10 ubuntu kernel: [    0.000000] pcpu-alloc: s58136 r8192 d31976 u98304 alloc=24*4096
Jun 11 06:36:10 ubuntu kernel: [    0.000000] pcpu-alloc: [0] 0 [0] 1 [0] 2 [0] 3 
Jun 11 06:36:10 ubuntu kernel: [    0.000000] Detected VIPT I-cache on CPU0
Jun 11 06:36:10 ubuntu kernel: [    0.000000] CPU features: enabling workaround for ARM erratum 845719
Jun 11 06:36:10 ubuntu kernel: [    0.000000] Speculative Store Bypass Disable mitigation not required
Jun 11 06:36:10 ubuntu kernel: [    0.000000] CPU features: detected: Kernel page table isolation (KPTI)
Jun 11 06:36:10 ubuntu kernel: [    0.000000] Built 1 zonelists, mobility grouping on.  Total pages: 1033987
Jun 11 06:36:10 ubuntu kernel: [    0.000000] Kernel command line: earlycon clk_ignore_unused earlyprintk consoleblank=0 root=/dev/mmcblk0p2 rw rootwait debug cma=1024M
Jun 11 06:36:10 ubuntu kernel: [    0.000000] Dentry cache hash table entries: 524288 (order: 10, 4194304 bytes)
Jun 11 06:36:10 ubuntu kernel: [    0.000000] Inode-cache hash table entries: 262144 (order: 9, 2097152 bytes)
Jun 11 06:36:10 ubuntu kernel: [    0.000000] software IO TLB: mapped [mem 0x39c00000-0x3dc00000] (64MB)
Jun 11 06:36:10 ubuntu kernel: [    0.000000] Memory: 2992708K/4193280K available (12348K kernel code, 1220K rwdata, 5964K rodata, 1408K init, 524K bss, 151996K reserved, 1048576K cma-reserved)
Jun 11 06:36:10 ubuntu kernel: [    0.000000] ftrace: allocating 41163 entries in 161 pages
Jun 11 06:36:10 ubuntu kernel: [    0.000000] rcu: Hierarchical RCU implementation.
Jun 11 06:36:10 ubuntu kernel: [    0.000000] rcu: 	RCU event tracing is enabled.
Jun 11 06:36:10 ubuntu kernel: [    0.000000] rcu: 	RCU restricting CPUs from NR_CPUS=8 to nr_cpu_ids=4.
Jun 11 06:36:10 ubuntu kernel: [    0.000000] rcu: Adjusting geometry for rcu_fanout_leaf=16, nr_cpu_ids=4
Jun 11 06:36:10 ubuntu kernel: [    0.000000] NR_IRQS: 64, nr_irqs: 64, preallocated irqs: 0
Jun 11 06:36:10 ubuntu kernel: [    0.000000] GIC: Adjusting CPU interface base to 0x00000000f902f000
Jun 11 06:36:10 ubuntu kernel: [    0.000000] GIC: Using split EOI/Deactivate mode
Jun 11 06:36:10 ubuntu kernel: [    0.000000] arch_timer: cp15 timer(s) running at 99.99MHz (phys).
Jun 11 06:36:10 ubuntu kernel: [    0.000000] clocksource: arch_sys_counter: mask: 0xffffffffffffff max_cycles: 0x170f8de2d3, max_idle_ns: 440795206112 ns
Jun 11 06:36:10 ubuntu kernel: [    0.000003] sched_clock: 56 bits at 99MHz, resolution 10ns, wraps every 4398046511101ns
Jun 11 06:36:10 ubuntu kernel: [    0.008306] Console: colour dummy device 80x25
Jun 11 06:36:10 ubuntu kernel: [    0.012378] console [tty0] enabled
Jun 11 06:36:10 ubuntu kernel: [    0.015743] bootconsole [cdns0] disabled
Jun 11 06:36:10 ubuntu kernel: [    0.019657] Calibrating delay loop (skipped), value calculated using timer frequency.. 199.98 BogoMIPS (lpj=399960)
Jun 11 06:36:10 ubuntu kernel: [    0.019673] pid_max: default: 32768 minimum: 301
Jun 11 06:36:10 ubuntu kernel: [    0.019805] Mount-cache hash table entries: 8192 (order: 4, 65536 bytes)
Jun 11 06:36:10 ubuntu kernel: [    0.019825] Mountpoint-cache hash table entries: 8192 (order: 4, 65536 bytes)
Jun 11 06:36:10 ubuntu kernel: [    0.020558] ASID allocator initialised with 32768 entries
Jun 11 06:36:10 ubuntu kernel: [    0.020615] rcu: Hierarchical SRCU implementation.
Jun 11 06:36:10 ubuntu kernel: [    0.020904] EFI services will not be available.
Jun 11 06:36:10 ubuntu kernel: [    0.021033] smp: Bringing up secondary CPUs ...
Jun 11 06:36:10 ubuntu kernel: [    0.021349] Detected VIPT I-cache on CPU1
Jun 11 06:36:10 ubuntu kernel: [    0.021380] CPU1: Booted secondary processor 0x0000000001 [0x410fd034]
Jun 11 06:36:10 ubuntu kernel: [    0.021710] Detected VIPT I-cache on CPU2
Jun 11 06:36:10 ubuntu kernel: [    0.021731] CPU2: Booted secondary processor 0x0000000002 [0x410fd034]
Jun 11 06:36:10 ubuntu kernel: [    0.022044] Detected VIPT I-cache on CPU3
Jun 11 06:36:10 ubuntu kernel: [    0.022064] CPU3: Booted secondary processor 0x0000000003 [0x410fd034]
Jun 11 06:36:10 ubuntu kernel: [    0.022113] smp: Brought up 1 node, 4 CPUs
Jun 11 06:36:10 ubuntu kernel: [    0.022153] SMP: Total of 4 processors activated.
Jun 11 06:36:10 ubuntu kernel: [    0.022163] CPU features: detected: 32-bit EL0 Support
Jun 11 06:36:10 ubuntu kernel: [    0.023842] CPU: All CPU(s) started at EL2
Jun 11 06:36:10 ubuntu kernel: [    0.023859] alternatives: patching kernel code
Jun 11 06:36:10 ubuntu kernel: [    0.024828] devtmpfs: initialized
Jun 11 06:36:10 ubuntu kernel: [    0.030749] clocksource: jiffies: mask: 0xffffffff max_cycles: 0xffffffff, max_idle_ns: 7645041785100000 ns
Jun 11 06:36:10 ubuntu kernel: [    0.030775] futex hash table entries: 1024 (order: 4, 65536 bytes)
Jun 11 06:36:10 ubuntu kernel: [    0.054472] xor: measuring software checksum speed
Jun 11 06:36:10 ubuntu kernel: [    0.091965]    8regs     :  2363.000 MB/sec
Jun 11 06:36:10 ubuntu kernel: [    0.131997]    8regs_prefetch:  2041.000 MB/sec
Jun 11 06:36:10 ubuntu kernel: [    0.172033]    32regs    :  2706.000 MB/sec
Jun 11 06:36:10 ubuntu kernel: [    0.212066]    32regs_prefetch:  2294.000 MB/sec
Jun 11 06:36:10 ubuntu kernel: [    0.212075] xor: using function: 32regs (2706.000 MB/sec)
Jun 11 06:36:10 ubuntu kernel: [    0.212090] pinctrl core: initialized pinctrl subsystem
Jun 11 06:36:10 ubuntu kernel: [    0.212728] NET: Registered protocol family 16
Jun 11 06:36:10 ubuntu kernel: [    0.213101] audit: initializing netlink subsys (disabled)
Jun 11 06:36:10 ubuntu kernel: [    0.213175] audit: type=2000 audit(0.204:1): state=initialized audit_enabled=0 res=1
Jun 11 06:36:10 ubuntu kernel: [    0.213559] cpuidle: using governor menu
Jun 11 06:36:10 ubuntu kernel: [    0.213785] vdso: 2 pages (1 code @ (____ptrval____), 1 data @ (____ptrval____))
Jun 11 06:36:10 ubuntu kernel: [    0.213800] hw-breakpoint: found 6 breakpoint and 4 watchpoint registers.
Jun 11 06:36:10 ubuntu kernel: [    0.214568] DMA: preallocated 256 KiB pool for atomic allocations
Jun 11 06:36:10 ubuntu kernel: [    0.230039] HugeTLB registered 2.00 MiB page size, pre-allocated 0 pages
Jun 11 06:36:10 ubuntu kernel: [    0.296291] raid6: int64x1  gen()   446 MB/s
Jun 11 06:36:10 ubuntu kernel: [    0.364259] raid6: int64x1  xor()   451 MB/s
Jun 11 06:36:10 ubuntu kernel: [    0.432359] raid6: int64x2  gen()   680 MB/s
Jun 11 06:36:10 ubuntu kernel: [    0.500431] raid6: int64x2  xor()   599 MB/s
Jun 11 06:36:10 ubuntu kernel: [    0.568501] raid6: int64x4  gen()   981 MB/s
Jun 11 06:36:10 ubuntu kernel: [    0.636528] raid6: int64x4  xor()   737 MB/s
Jun 11 06:36:10 ubuntu kernel: [    0.704615] raid6: int64x8  gen()  1161 MB/s
Jun 11 06:36:10 ubuntu kernel: [    0.772657] raid6: int64x8  xor()   759 MB/s
Jun 11 06:36:10 ubuntu kernel: [    0.840762] raid6: neonx1   gen()   736 MB/s
Jun 11 06:36:10 ubuntu kernel: [    0.908804] raid6: neonx1   xor()   881 MB/s
Jun 11 06:36:10 ubuntu kernel: [    0.976847] raid6: neonx2   gen()  1127 MB/s
Jun 11 06:36:10 ubuntu kernel: [    1.044934] raid6: neonx2   xor()  1168 MB/s
Jun 11 06:36:10 ubuntu kernel: [    1.113000] raid6: neonx4   gen()  1472 MB/s
Jun 11 06:36:10 ubuntu kernel: [    1.181046] raid6: neonx4   xor()  1412 MB/s
Jun 11 06:36:10 ubuntu kernel: [    1.249105] raid6: neonx8   gen()  1530 MB/s
Jun 11 06:36:10 ubuntu kernel: [    1.317177] raid6: neonx8   xor()  1451 MB/s
Jun 11 06:36:10 ubuntu kernel: [    1.317186] raid6: using algorithm neonx8 gen() 1530 MB/s
Jun 11 06:36:10 ubuntu kernel: [    1.317194] raid6: .... xor() 1451 MB/s, rmw enabled
Jun 11 06:36:10 ubuntu kernel: [    1.317203] raid6: using neon recovery algorithm
Jun 11 06:36:10 ubuntu kernel: [    1.317996] SCSI subsystem initialized
Jun 11 06:36:10 ubuntu kernel: [    1.318039] libata version 3.00 loaded.
Jun 11 06:36:10 ubuntu kernel: [    1.318195] usbcore: registered new interface driver usbfs
Jun 11 06:36:10 ubuntu kernel: [    1.318235] usbcore: registered new interface driver hub
Jun 11 06:36:10 ubuntu kernel: [    1.318281] usbcore: registered new device driver usb
Jun 11 06:36:10 ubuntu kernel: [    1.318351] media: Linux media interface: v0.10
Jun 11 06:36:10 ubuntu kernel: [    1.318381] videodev: Linux video capture interface: v2.00
Jun 11 06:36:10 ubuntu kernel: [    1.318413] pps_core: LinuxPPS API ver. 1 registered
Jun 11 06:36:10 ubuntu kernel: [    1.318422] pps_core: Software ver. 5.3.6 - Copyright 2005-2007 Rodolfo Giometti <giometti@linux.it>
Jun 11 06:36:10 ubuntu kernel: [    1.318448] PTP clock support registered
Jun 11 06:36:10 ubuntu kernel: [    1.318477] EDAC MC: Ver: 3.0.0
Jun 11 06:36:10 ubuntu kernel: [    1.318950] zynqmp-ipi-mbox mailbox@ff990400: Probed ZynqMP IPI Mailbox driver.
Jun 11 06:36:10 ubuntu kernel: [    1.319190] FPGA manager framework
Jun 11 06:36:10 ubuntu kernel: [    1.319371] Advanced Linux Sound Architecture Driver Initialized.
Jun 11 06:36:10 ubuntu kernel: [    1.319659] Bluetooth: Core ver 2.22
Jun 11 06:36:10 ubuntu kernel: [    1.319688] NET: Registered protocol family 31
Jun 11 06:36:10 ubuntu kernel: [    1.319697] Bluetooth: HCI device and connection manager initialized
Jun 11 06:36:10 ubuntu kernel: [    1.319710] Bluetooth: HCI socket layer initialized
Jun 11 06:36:10 ubuntu kernel: [    1.319721] Bluetooth: L2CAP socket layer initialized
Jun 11 06:36:10 ubuntu kernel: [    1.319748] Bluetooth: SCO socket layer initialized
Jun 11 06:36:10 ubuntu kernel: [    1.320152] clocksource: Switched to clocksource arch_sys_counter
Jun 11 06:36:10 ubuntu kernel: [    1.378635] VFS: Disk quotas dquot_6.6.0
Jun 11 06:36:10 ubuntu kernel: [    1.378697] VFS: Dquot-cache hash table entries: 512 (order 0, 4096 bytes)
Jun 11 06:36:10 ubuntu kernel: [    1.383313] NET: Registered protocol family 2
Jun 11 06:36:10 ubuntu kernel: [    1.383691] tcp_listen_portaddr_hash hash table entries: 2048 (order: 3, 32768 bytes)
Jun 11 06:36:10 ubuntu kernel: [    1.383742] TCP established hash table entries: 32768 (order: 6, 262144 bytes)
Jun 11 06:36:10 ubuntu kernel: [    1.383952] TCP bind hash table entries: 32768 (order: 7, 524288 bytes)
Jun 11 06:36:10 ubuntu kernel: [    1.384365] TCP: Hash tables configured (established 32768 bind 32768)
Jun 11 06:36:10 ubuntu kernel: [    1.384440] UDP hash table entries: 2048 (order: 4, 65536 bytes)
Jun 11 06:36:10 ubuntu kernel: [    1.384525] UDP-Lite hash table entries: 2048 (order: 4, 65536 bytes)
Jun 11 06:36:10 ubuntu kernel: [    1.384687] NET: Registered protocol family 1
Jun 11 06:36:10 ubuntu kernel: [    1.384917] RPC: Registered named UNIX socket transport module.
Jun 11 06:36:10 ubuntu kernel: [    1.384928] RPC: Registered udp transport module.
Jun 11 06:36:10 ubuntu kernel: [    1.384936] RPC: Registered tcp transport module.
Jun 11 06:36:10 ubuntu kernel: [    1.384944] RPC: Registered tcp NFSv4.1 backchannel transport module.
Jun 11 06:36:10 ubuntu kernel: [    1.385604] hw perfevents: no interrupt-affinity property for /pmu, guessing.
Jun 11 06:36:10 ubuntu kernel: [    1.385765] hw perfevents: enabled with armv8_pmuv3 PMU driver, 7 counters available
Jun 11 06:36:10 ubuntu kernel: [    1.386764] Initialise system trusted keyrings
Jun 11 06:36:10 ubuntu kernel: [    1.386853] workingset: timestamp_bits=62 max_order=20 bucket_order=0
Jun 11 06:36:10 ubuntu kernel: [    1.387621] NFS: Registering the id_resolver key type
Jun 11 06:36:10 ubuntu kernel: [    1.387639] Key type id_resolver registered
Jun 11 06:36:10 ubuntu kernel: [    1.387647] Key type id_legacy registered
Jun 11 06:36:10 ubuntu kernel: [    1.387661] nfs4filelayout_init: NFSv4 File Layout Driver Registering...
Jun 11 06:36:10 ubuntu kernel: [    1.387683] jffs2: version 2.2. (NAND) Â© 2001-2006 Red Hat, Inc.
Jun 11 06:36:10 ubuntu kernel: [    2.470558] NET: Registered protocol family 38
Jun 11 06:36:10 ubuntu kernel: [    2.534787] Key type asymmetric registered
Jun 11 06:36:10 ubuntu kernel: [    2.534797] Asymmetric key parser 'x509' registered
Jun 11 06:36:10 ubuntu kernel: [    2.534838] Block layer SCSI generic (bsg) driver version 0.4 loaded (major 247)
Jun 11 06:36:10 ubuntu kernel: [    2.534852] io scheduler noop registered
Jun 11 06:36:10 ubuntu kernel: [    2.534861] io scheduler deadline registered
Jun 11 06:36:10 ubuntu kernel: [    2.534900] io scheduler cfq registered (default)
Jun 11 06:36:10 ubuntu kernel: [    2.534910] io scheduler mq-deadline registered
Jun 11 06:36:10 ubuntu kernel: [    2.534919] io scheduler kyber registered
Jun 11 06:36:10 ubuntu kernel: [    2.536611] xilinx-frmbuf a0040000.v_frmbuf_rd: Probe deferred due to GPIO reset defer
Jun 11 06:36:10 ubuntu kernel: [    2.564709] Serial: 8250/16550 driver, 4 ports, IRQ sharing disabled
Jun 11 06:36:10 ubuntu kernel: [    2.568618] cacheinfo: Unable to detect cache hierarchy for CPU 0
Jun 11 06:36:10 ubuntu kernel: [    2.573387] brd: module loaded
Jun 11 06:36:10 ubuntu kernel: [    2.577421] loop: module loaded
Jun 11 06:36:10 ubuntu kernel: [    2.578400] mtdoops: mtd device (mtddev=name/number) must be supplied
Jun 11 06:36:10 ubuntu kernel: [    2.579782] libphy: Fixed MDIO Bus: probed
Jun 11 06:36:10 ubuntu kernel: [    2.581064] tun: Universal TUN/TAP device driver, 1.6
Jun 11 06:36:10 ubuntu kernel: [    2.581203] CAN device driver interface
Jun 11 06:36:10 ubuntu kernel: [    2.582283] usbcore: registered new interface driver asix
Jun 11 06:36:10 ubuntu kernel: [    2.582340] usbcore: registered new interface driver ax88179_178a
Jun 11 06:36:10 ubuntu kernel: [    2.582374] usbcore: registered new interface driver cdc_ether
Jun 11 06:36:10 ubuntu kernel: [    2.582410] usbcore: registered new interface driver net1080
Jun 11 06:36:10 ubuntu kernel: [    2.582443] usbcore: registered new interface driver cdc_subset
Jun 11 06:36:10 ubuntu kernel: [    2.582478] usbcore: registered new interface driver zaurus
Jun 11 06:36:10 ubuntu kernel: [    2.582520] usbcore: registered new interface driver cdc_ncm
Jun 11 06:36:10 ubuntu kernel: [    2.583075] ehci_hcd: USB 2.0 'Enhanced' Host Controller (EHCI) Driver
Jun 11 06:36:10 ubuntu kernel: [    2.583353] usbcore: registered new interface driver uas
Jun 11 06:36:10 ubuntu kernel: [    2.583395] usbcore: registered new interface driver usb-storage
Jun 11 06:36:10 ubuntu kernel: [    2.583534] udc-core: couldn't find an available UDC - added [g_webcam] to list of pending drivers
Jun 11 06:36:10 ubuntu kernel: [    2.583670] mousedev: PS/2 mouse device common for all mice
Jun 11 06:36:10 ubuntu kernel: [    2.584106] rtc_zynqmp ffa60000.rtc: rtc core: registered ffa60000.rtc as rtc0
Jun 11 06:36:10 ubuntu kernel: [    2.584208] i2c /dev entries driver
Jun 11 06:36:10 ubuntu kernel: [    2.585113] si5324 0-0068: si5319 probed
Jun 11 06:36:10 ubuntu kernel: [    2.654098] si5324 0-0068: si5319 probe successful
Jun 11 06:36:10 ubuntu kernel: [    2.656054] usbcore: registered new interface driver uvcvideo
Jun 11 06:36:10 ubuntu kernel: [    2.656065] USB Video Class driver (1.1.1)
Jun 11 06:36:10 ubuntu kernel: [    2.656917] Bluetooth: HCI UART driver ver 2.3
Jun 11 06:36:10 ubuntu kernel: [    2.656933] Bluetooth: HCI UART protocol H4 registered
Jun 11 06:36:10 ubuntu kernel: [    2.656942] Bluetooth: HCI UART protocol BCSP registered
Jun 11 06:36:10 ubuntu kernel: [    2.656974] Bluetooth: HCI UART protocol LL registered
Jun 11 06:36:10 ubuntu kernel: [    2.656984] Bluetooth: HCI UART protocol ATH3K registered
Jun 11 06:36:10 ubuntu kernel: [    2.657015] Bluetooth: HCI UART protocol Three-wire (H5) registered
Jun 11 06:36:10 ubuntu kernel: [    2.657071] Bluetooth: HCI UART protocol Intel registered
Jun 11 06:36:10 ubuntu kernel: [    2.657100] Bluetooth: HCI UART protocol QCA registered
Jun 11 06:36:10 ubuntu kernel: [    2.657146] usbcore: registered new interface driver bcm203x
Jun 11 06:36:10 ubuntu kernel: [    2.657183] usbcore: registered new interface driver bpa10x
Jun 11 06:36:10 ubuntu kernel: [    2.657222] usbcore: registered new interface driver bfusb
Jun 11 06:36:10 ubuntu kernel: [    2.657259] usbcore: registered new interface driver btusb
Jun 11 06:36:10 ubuntu kernel: [    2.657269] Bluetooth: Generic Bluetooth SDIO driver ver 0.1
Jun 11 06:36:10 ubuntu kernel: [    2.657328] usbcore: registered new interface driver ath3k
Jun 11 06:36:10 ubuntu kernel: [    2.657478] EDAC MC: ECC not enabled
Jun 11 06:36:10 ubuntu kernel: [    2.657652] EDAC DEVICE0: Giving out device to module zynqmp-ocm-edac controller zynqmp_ocm: DEV ff960000.memory-controller (INTERRUPT)
Jun 11 06:36:10 ubuntu kernel: [    2.658402] sdhci: Secure Digital Host Controller Interface driver
Jun 11 06:36:10 ubuntu kernel: [    2.658413] sdhci: Copyright(c) Pierre Ossman
Jun 11 06:36:10 ubuntu kernel: [    2.658421] sdhci-pltfm: SDHCI platform and OF driver helper
Jun 11 06:36:10 ubuntu kernel: [    2.658783] ledtrig-cpu: registered to indicate activity on CPUs
Jun 11 06:36:10 ubuntu kernel: [    2.658836] zynqmp_firmware_probe Platform Management API v1.1
Jun 11 06:36:10 ubuntu kernel: [    2.658848] zynqmp_firmware_probe Trustzone version v1.0
Jun 11 06:36:10 ubuntu kernel: [    2.661758] zynqmp-pinctrl firmware:zynqmp-firmware:pinctrl: zynqmp pinctrl initialized
Jun 11 06:36:10 ubuntu kernel: [    2.685518] zynqmp_clk_mux_get_parent() getparent failed for clock: lpd_wdt, ret = -22
Jun 11 06:36:10 ubuntu kernel: [    2.685998] alg: No test for xilinx-zynqmp-aes (zynqmp-aes)
Jun 11 06:36:10 ubuntu kernel: [    2.686021] zynqmp_aes zynqmp_aes: AES Successfully Registered
Jun 11 06:36:10 ubuntu kernel: [    2.686021] 
Jun 11 06:36:10 ubuntu kernel: [    2.686206] alg: No test for xilinx-keccak-384 (zynqmp-keccak-384)
Jun 11 06:36:10 ubuntu kernel: [    2.686384] alg: No test for xilinx-zynqmp-rsa (zynqmp-rsa)
Jun 11 06:36:10 ubuntu kernel: [    2.686614] usbcore: registered new interface driver usbhid
Jun 11 06:36:10 ubuntu kernel: [    2.686624] usbhid: USB HID core driver
Jun 11 06:36:10 ubuntu kernel: [    2.689206] fpga_manager fpga0: Xilinx ZynqMP FPGA Manager registered
Jun 11 06:36:10 ubuntu kernel: [    2.689632] usbcore: registered new interface driver snd-usb-audio
Jun 11 06:36:10 ubuntu kernel: [    2.690600] pktgen: Packet Generator for packet performance testing. Version: 2.75
Jun 11 06:36:10 ubuntu kernel: [    2.690988] Initializing XFRM netlink socket
Jun 11 06:36:10 ubuntu kernel: [    2.691077] NET: Registered protocol family 10
Jun 11 06:36:10 ubuntu kernel: [    2.691450] Segment Routing with IPv6
Jun 11 06:36:10 ubuntu kernel: [    2.691547] sit: IPv6, IPv4 and MPLS over IPv4 tunneling driver
Jun 11 06:36:10 ubuntu kernel: [    2.691895] NET: Registered protocol family 17
Jun 11 06:36:10 ubuntu kernel: [    2.691913] NET: Registered protocol family 15
Jun 11 06:36:10 ubuntu kernel: [    2.691933] bridge: filtering via arp/ip/ip6tables is no longer available by default. Update your scripts to load br_netfilter if you need this.
Jun 11 06:36:10 ubuntu kernel: [    2.691989] can: controller area network core (rev 20170425 abi 9)
Jun 11 06:36:10 ubuntu kernel: [    2.692024] NET: Registered protocol family 29
Jun 11 06:36:10 ubuntu kernel: [    2.692035] can: raw protocol (rev 20170425)
Jun 11 06:36:10 ubuntu kernel: [    2.692043] can: broadcast manager protocol (rev 20170425 t)
Jun 11 06:36:10 ubuntu kernel: [    2.692055] can: netlink gateway (rev 20170425) max_hops=1
Jun 11 06:36:10 ubuntu kernel: [    2.692124] Bluetooth: RFCOMM TTY layer initialized
Jun 11 06:36:10 ubuntu kernel: [    2.692137] Bluetooth: RFCOMM socket layer initialized
Jun 11 06:36:10 ubuntu kernel: [    2.692178] Bluetooth: RFCOMM ver 1.11
Jun 11 06:36:10 ubuntu kernel: [    2.692192] Bluetooth: BNEP (Ethernet Emulation) ver 1.3
Jun 11 06:36:10 ubuntu kernel: [    2.692201] Bluetooth: BNEP filters: protocol multicast
Jun 11 06:36:10 ubuntu kernel: [    2.692213] Bluetooth: BNEP socket layer initialized
Jun 11 06:36:10 ubuntu kernel: [    2.692222] Bluetooth: HIDP (Human Interface Emulation) ver 1.2
Jun 11 06:36:10 ubuntu kernel: [    2.692233] Bluetooth: HIDP socket layer initialized
Jun 11 06:36:10 ubuntu kernel: [    2.692354] 9pnet: Installing 9P2000 support
Jun 11 06:36:10 ubuntu kernel: [    2.692378] Key type dns_resolver registered
Jun 11 06:36:10 ubuntu kernel: [    2.692878] registered taskstats version 1
Jun 11 06:36:10 ubuntu kernel: [    2.692887] Loading compiled-in X.509 certificates
Jun 11 06:36:10 ubuntu kernel: [    2.693250] Btrfs loaded, crc32c=crc32c-generic
Jun 11 06:36:10 ubuntu kernel: [    2.700307] ff000000.serial: ttyPS0 at MMIO 0xff000000 (irq = 42, base_baud = 6249375) is a xuartps
Jun 11 06:36:10 ubuntu kernel: [    4.030812] console [ttyPS0] enabled
Jun 11 06:36:10 ubuntu kernel: [    4.035630] of-fpga-region fpga-full: FPGA Region probed
Jun 11 06:36:10 ubuntu kernel: [    4.041855] xilinx-dpdma fd4c0000.dma: Xilinx DPDMA engine is probed
Jun 11 06:36:10 ubuntu kernel: [    4.048453] xilinx-zynqmp-dma fd500000.dma: ZynqMP DMA driver Probe success
Jun 11 06:36:10 ubuntu kernel: [    4.055583] xilinx-zynqmp-dma fd510000.dma: ZynqMP DMA driver Probe success
Jun 11 06:36:10 ubuntu kernel: [    4.062703] xilinx-zynqmp-dma fd520000.dma: ZynqMP DMA driver Probe success
Jun 11 06:36:10 ubuntu kernel: [    4.069821] xilinx-zynqmp-dma fd530000.dma: ZynqMP DMA driver Probe success
Jun 11 06:36:10 ubuntu kernel: [    4.076939] xilinx-zynqmp-dma fd540000.dma: ZynqMP DMA driver Probe success
Jun 11 06:36:10 ubuntu kernel: [    4.084062] xilinx-zynqmp-dma fd550000.dma: ZynqMP DMA driver Probe success
Jun 11 06:36:10 ubuntu kernel: [    4.091178] xilinx-zynqmp-dma fd560000.dma: ZynqMP DMA driver Probe success
Jun 11 06:36:10 ubuntu kernel: [    4.098296] xilinx-zynqmp-dma fd570000.dma: ZynqMP DMA driver Probe success
Jun 11 06:36:10 ubuntu kernel: [    4.105486] xilinx-zynqmp-dma ffa80000.dma: ZynqMP DMA driver Probe success
Jun 11 06:36:10 ubuntu kernel: [    4.112602] xilinx-zynqmp-dma ffa90000.dma: ZynqMP DMA driver Probe success
Jun 11 06:36:10 ubuntu kernel: [    4.119723] xilinx-zynqmp-dma ffaa0000.dma: ZynqMP DMA driver Probe success
Jun 11 06:36:10 ubuntu kernel: [    4.126833] xilinx-zynqmp-dma ffab0000.dma: ZynqMP DMA driver Probe success
Jun 11 06:36:10 ubuntu kernel: [    4.133967] xilinx-zynqmp-dma ffac0000.dma: ZynqMP DMA driver Probe success
Jun 11 06:36:10 ubuntu kernel: [    4.141081] xilinx-zynqmp-dma ffad0000.dma: ZynqMP DMA driver Probe success
Jun 11 06:36:10 ubuntu kernel: [    4.148214] xilinx-zynqmp-dma ffae0000.dma: ZynqMP DMA driver Probe success
Jun 11 06:36:10 ubuntu kernel: [    4.155337] xilinx-zynqmp-dma ffaf0000.dma: ZynqMP DMA driver Probe success
Jun 11 06:36:10 ubuntu kernel: [    4.162447] xilinx-frmbuf a0040000.v_frmbuf_rd: Xilinx AXI frmbuf DMA_MEM_TO_DEV
Jun 11 06:36:10 ubuntu kernel: [    4.169909] xilinx-frmbuf a0040000.v_frmbuf_rd: Xilinx AXI FrameBuffer Engine Driver Probed!!
Jun 11 06:36:10 ubuntu kernel: [    4.178625] xlnx-mixer a0070000.v_mix: vtc bridge property not present
Jun 11 06:36:10 ubuntu kernel: [    4.185285] xlnx-mixer a0070000.v_mix: Xilinx Mixer driver probed success
Jun 11 06:36:10 ubuntu kernel: [    4.192424] xilinx-psgtr fd400000.zynqmp_phy: Lane:1 type:8 protocol:4 pll_locked:yes
Jun 11 06:36:10 ubuntu kernel: [    4.202428] xilinx-dp-snd-codec fd4a0000.zynqmp-display:zynqmp_dp_snd_codec0: Xilinx DisplayPort Sound Codec probed
Jun 11 06:36:10 ubuntu kernel: [    4.213147] xilinx-dp-snd-pcm zynqmp_dp_snd_pcm0: Xilinx DisplayPort Sound PCM probed
Jun 11 06:36:10 ubuntu kernel: [    4.221221] xilinx-dp-snd-pcm zynqmp_dp_snd_pcm1: Xilinx DisplayPort Sound PCM probed
Jun 11 06:36:10 ubuntu kernel: [    4.229653] xilinx-dp-snd-card fd4a0000.zynqmp-display:zynqmp_dp_snd_card: xilinx-dp-snd-codec-dai <-> xilinx-dp-snd-codec-dai mapping ok
Jun 11 06:36:10 ubuntu kernel: [    4.242116] xilinx-dp-snd-card fd4a0000.zynqmp-display:zynqmp_dp_snd_card: xilinx-dp-snd-codec-dai <-> xilinx-dp-snd-codec-dai mapping ok
Jun 11 06:36:10 ubuntu kernel: [    4.254894] xilinx-dp-snd-card fd4a0000.zynqmp-display:zynqmp_dp_snd_card: Xilinx DisplayPort Sound Card probed
Jun 11 06:36:10 ubuntu kernel: [    4.265095] OF: graph: no port node found in /amba/zynqmp-display@fd4a0000
Jun 11 06:36:10 ubuntu kernel: [    4.272138] [drm] Supports vblank timestamp caching Rev 2 (21.10.2013).
Jun 11 06:36:10 ubuntu kernel: [    4.278759] [drm] No driver support for vblank timestamp query.
Jun 11 06:36:10 ubuntu kernel: [    4.284751] xlnx-drm xlnx-drm.1: bound fd4a0000.zynqmp-display (ops 0xffffff8008d61bc0)
Jun 11 06:36:10 ubuntu kernel: [    5.372166] [drm] Cannot find any crtc or sizes
Jun 11 06:36:10 ubuntu kernel: [    5.376941] [drm] Initialized xlnx 1.0.0 20130509 for fd4a0000.zynqmp-display on minor 0
Jun 11 06:36:10 ubuntu kernel: [    5.385059] zynqmp-display fd4a0000.zynqmp-display: ZynqMP DisplayPort Subsystem driver probed
Jun 11 06:36:10 ubuntu kernel: [    5.394072] xilinx-psgtr fd400000.zynqmp_phy: Lane:3 type:3 protocol:2 pll_locked:yes
Jun 11 06:36:10 ubuntu kernel: [    5.401967] ahci-ceva fd0c0000.ahci: AHCI 0001.0301 32 slots 2 ports 6 Gbps 0x3 impl platform mode
Jun 11 06:36:10 ubuntu kernel: [    5.410937] ahci-ceva fd0c0000.ahci: flags: 64bit ncq sntf pm clo only pmp fbs pio slum part ccc sds apst 
Jun 11 06:36:10 ubuntu kernel: [    5.421469] scsi host0: ahci-ceva
Jun 11 06:36:10 ubuntu kernel: [    5.425083] scsi host1: ahci-ceva
Jun 11 06:36:10 ubuntu kernel: [    5.428559] ata1: SATA max UDMA/133 mmio [mem 0xfd0c0000-0xfd0c1fff] port 0x100 irq 40
Jun 11 06:36:10 ubuntu kernel: [    5.436480] ata2: SATA max UDMA/133 mmio [mem 0xfd0c0000-0xfd0c1fff] port 0x180 irq 40
Jun 11 06:36:10 ubuntu kernel: [    5.445138] m25p80 spi0.0: found n25q512a, expected m25p80
Jun 11 06:36:10 ubuntu kernel: [    5.451623] m25p80 spi0.0: n25q512a (131072 Kbytes)
Jun 11 06:36:10 ubuntu kernel: [    5.456527] 4 fixed-partitions partitions found on MTD device spi0.0
Jun 11 06:36:10 ubuntu kernel: [    5.462882] Creating 4 MTD partitions on "spi0.0":
Jun 11 06:36:10 ubuntu kernel: [    5.467674] 0x000000000000-0x000000100000 : "qspi-fsbl-uboot"
Jun 11 06:36:10 ubuntu kernel: [    5.473916] 0x000000100000-0x000000600000 : "qspi-linux"
Jun 11 06:36:10 ubuntu kernel: [    5.479652] 0x000000600000-0x000000620000 : "qspi-device-tree"
Jun 11 06:36:10 ubuntu kernel: [    5.485898] 0x000000620000-0x000000c00000 : "qspi-rootfs"
Jun 11 06:36:10 ubuntu kernel: [    5.493887] macb ff0e0000.ethernet: Not enabling partial store and forward
Jun 11 06:36:10 ubuntu kernel: [    5.501289] libphy: MACB_mii_bus: probed
Jun 11 06:36:10 ubuntu kernel: [    5.507372] TI DP83867 ff0e0000.ethernet-ffffffff:0c: attached PHY driver [TI DP83867] (mii_bus:phy_addr=ff0e0000.ethernet-ffffffff:0c, irq=POLL)
Jun 11 06:36:10 ubuntu kernel: [    5.520427] macb ff0e0000.ethernet eth0: Cadence GEM rev 0x50070106 at 0xff0e0000 irq 30 (00:0a:35:00:22:01)
Jun 11 06:36:10 ubuntu kernel: [    5.530594] xilinx-axipmon ffa00000.perf-monitor: Probed Xilinx APM
Jun 11 06:36:10 ubuntu kernel: [    5.537148] xilinx-axipmon fd0b0000.perf-monitor: Probed Xilinx APM
Jun 11 06:36:10 ubuntu kernel: [    5.543658] xilinx-axipmon fd490000.perf-monitor: Probed Xilinx APM
Jun 11 06:36:10 ubuntu kernel: [    5.550171] xilinx-axipmon ffa10000.perf-monitor: Probed Xilinx APM
Jun 11 06:36:10 ubuntu kernel: [    5.558035] dwc3 fe200000.dwc3: Failed to get clk 'ref': -2
Jun 11 06:36:10 ubuntu kernel: [    5.563905] xilinx-psgtr fd400000.zynqmp_phy: Lane:2 type:0 protocol:3 pll_locked:yes
Jun 11 06:36:10 ubuntu kernel: [    5.571987] xhci-hcd xhci-hcd.0.auto: xHCI Host Controller
Jun 11 06:36:10 ubuntu kernel: [    5.577483] xhci-hcd xhci-hcd.0.auto: new USB bus registered, assigned bus number 1
Jun 11 06:36:10 ubuntu kernel: [    5.585491] xhci-hcd xhci-hcd.0.auto: hcc params 0x0238f625 hci version 0x100 quirks 0x0000000202010810
Jun 11 06:36:10 ubuntu kernel: [    5.594911] xhci-hcd xhci-hcd.0.auto: irq 54, io mem 0xfe200000
Jun 11 06:36:10 ubuntu kernel: [    5.601057] usb usb1: New USB device found, idVendor=1d6b, idProduct=0002, bcdDevice= 4.19
Jun 11 06:36:10 ubuntu kernel: [    5.609327] usb usb1: New USB device strings: Mfr=3, Product=2, SerialNumber=1
Jun 11 06:36:10 ubuntu kernel: [    5.616553] usb usb1: Product: xHCI Host Controller
Jun 11 06:36:10 ubuntu kernel: [    5.621428] usb usb1: Manufacturer: Linux 4.19.0-xilinx-v2019.1 xhci-hcd
Jun 11 06:36:10 ubuntu kernel: [    5.628130] usb usb1: SerialNumber: xhci-hcd.0.auto
Jun 11 06:36:10 ubuntu kernel: [    5.633310] hub 1-0:1.0: USB hub found
Jun 11 06:36:10 ubuntu kernel: [    5.637087] hub 1-0:1.0: 1 port detected
Jun 11 06:36:10 ubuntu kernel: [    5.641215] xhci-hcd xhci-hcd.0.auto: xHCI Host Controller
Jun 11 06:36:10 ubuntu kernel: [    5.646709] xhci-hcd xhci-hcd.0.auto: new USB bus registered, assigned bus number 2
Jun 11 06:36:10 ubuntu kernel: [    5.654376] xhci-hcd xhci-hcd.0.auto: Host supports USB 3.0  SuperSpeed
Jun 11 06:36:10 ubuntu kernel: [    5.661120] usb usb2: New USB device found, idVendor=1d6b, idProduct=0003, bcdDevice= 4.19
Jun 11 06:36:10 ubuntu kernel: [    5.669392] usb usb2: New USB device strings: Mfr=3, Product=2, SerialNumber=1
Jun 11 06:36:10 ubuntu kernel: [    5.676617] usb usb2: Product: xHCI Host Controller
Jun 11 06:36:10 ubuntu kernel: [    5.681492] usb usb2: Manufacturer: Linux 4.19.0-xilinx-v2019.1 xhci-hcd
Jun 11 06:36:10 ubuntu kernel: [    5.688194] usb usb2: SerialNumber: xhci-hcd.0.auto
Jun 11 06:36:10 ubuntu kernel: [    5.693338] hub 2-0:1.0: USB hub found
Jun 11 06:36:10 ubuntu kernel: [    5.697104] hub 2-0:1.0: 1 port detected
Jun 11 06:36:10 ubuntu kernel: [    5.702255] pca953x 1-0020: 1-0020 supply vcc not found, using dummy regulator
Jun 11 06:36:10 ubuntu kernel: [    5.709520] pca953x 1-0020: Linked as a consumer to regulator.0
Jun 11 06:36:10 ubuntu kernel: [    5.716212] pca953x 1-0021: 1-0021 supply vcc not found, using dummy regulator
Jun 11 06:36:10 ubuntu kernel: [    5.723456] pca953x 1-0021: Linked as a consumer to regulator.0
Jun 11 06:36:10 ubuntu kernel: [    5.731044] ina2xx 4-0040: power monitor ina226 (Rshunt = 5000 uOhm)
Jun 11 06:36:10 ubuntu kernel: [    5.737850] ina2xx 4-0041: power monitor ina226 (Rshunt = 5000 uOhm)
Jun 11 06:36:10 ubuntu kernel: [    5.744659] ina2xx 4-0042: power monitor ina226 (Rshunt = 5000 uOhm)
Jun 11 06:36:10 ubuntu kernel: [    5.751459] ina2xx 4-0043: power monitor ina226 (Rshunt = 5000 uOhm)
Jun 11 06:36:10 ubuntu kernel: [    5.758267] ina2xx 4-0044: power monitor ina226 (Rshunt = 5000 uOhm)
Jun 11 06:36:10 ubuntu kernel: [    5.758375] ata2: SATA link down (SStatus 0 SControl 330)
Jun 11 06:36:10 ubuntu kernel: [    5.765084] ina2xx 4-0045: power monitor ina226 (Rshunt = 5000 uOhm)
Jun 11 06:36:10 ubuntu kernel: [    5.770067] ata1: SATA link down (SStatus 0 SControl 330)
Jun 11 06:36:10 ubuntu kernel: [    5.776840] ina2xx 4-0046: power monitor ina226 (Rshunt = 5000 uOhm)
Jun 11 06:36:10 ubuntu kernel: [    5.788613] ina2xx 4-0047: power monitor ina226 (Rshunt = 5000 uOhm)
Jun 11 06:36:10 ubuntu kernel: [    5.795424] ina2xx 4-004a: power monitor ina226 (Rshunt = 5000 uOhm)
Jun 11 06:36:10 ubuntu kernel: [    5.802228] ina2xx 4-004b: power monitor ina226 (Rshunt = 5000 uOhm)
Jun 11 06:36:10 ubuntu kernel: [    5.808617] i2c i2c-1: Added multiplexed i2c bus 4
Jun 11 06:36:10 ubuntu kernel: [    5.814068] ina2xx 5-0040: power monitor ina226 (Rshunt = 2000 uOhm)
Jun 11 06:36:10 ubuntu kernel: [    5.820875] ina2xx 5-0041: power monitor ina226 (Rshunt = 5000 uOhm)
Jun 11 06:36:10 ubuntu kernel: [    5.827677] ina2xx 5-0042: power monitor ina226 (Rshunt = 5000 uOhm)
Jun 11 06:36:10 ubuntu kernel: [    5.834485] ina2xx 5-0043: power monitor ina226 (Rshunt = 5000 uOhm)
Jun 11 06:36:10 ubuntu kernel: [    5.841295] ina2xx 5-0044: power monitor ina226 (Rshunt = 5000 uOhm)
Jun 11 06:36:10 ubuntu kernel: [    5.848099] ina2xx 5-0045: power monitor ina226 (Rshunt = 5000 uOhm)
Jun 11 06:36:10 ubuntu kernel: [    5.855152] ina2xx 5-0046: power monitor ina226 (Rshunt = 5000 uOhm)
Jun 11 06:36:10 ubuntu kernel: [    5.861964] ina2xx 5-0047: power monitor ina226 (Rshunt = 5000 uOhm)
Jun 11 06:36:10 ubuntu kernel: [    5.868358] i2c i2c-1: Added multiplexed i2c bus 5
Jun 11 06:36:10 ubuntu kernel: [    5.874415] i2c i2c-1: Added multiplexed i2c bus 6
Jun 11 06:36:10 ubuntu kernel: [    5.879347] i2c i2c-1: Added multiplexed i2c bus 7
Jun 11 06:36:10 ubuntu kernel: [    5.884147] pca954x 1-0075: registered 4 multiplexed busses for I2C mux pca9544
Jun 11 06:36:10 ubuntu kernel: [    5.891490] cdns-i2c ff020000.i2c: 400 kHz mmio ff020000 irq 32
Jun 11 06:36:10 ubuntu kernel: [    5.899293] at24 8-0054: 1024 byte 24c08 EEPROM, writable, 1 bytes/write
Jun 11 06:36:10 ubuntu kernel: [    5.906035] i2c i2c-2: Added multiplexed i2c bus 8
Jun 11 06:36:10 ubuntu kernel: [    5.911054] i2c i2c-2: Added multiplexed i2c bus 9
Jun 11 06:36:10 ubuntu kernel: [    5.918019] si570 10-005d: registered, current frequency 300000000 Hz
Jun 11 06:36:10 ubuntu kernel: [    5.924500] i2c i2c-2: Added multiplexed i2c bus 10
Jun 11 06:36:10 ubuntu kernel: [    5.943461] si570 11-005d: registered, current frequency 148500000 Hz
Jun 11 06:36:10 ubuntu kernel: [    5.949939] i2c i2c-2: Added multiplexed i2c bus 11
Jun 11 06:36:10 ubuntu kernel: [    5.955031] si5324 12-0069: si5328 probed
Jun 11 06:36:10 ubuntu kernel: [    5.988159] usb 1-1: new full-speed USB device number 2 using xhci-hcd
Jun 11 06:36:10 ubuntu kernel: [    6.014376] random: fast init done
Jun 11 06:36:10 ubuntu kernel: [    6.021287] si5324 12-0069: si5328 probe successful
Jun 11 06:36:10 ubuntu kernel: [    6.026202] i2c i2c-2: Added multiplexed i2c bus 12
Jun 11 06:36:10 ubuntu kernel: [    6.031312] i2c i2c-2: Added multiplexed i2c bus 13
Jun 11 06:36:10 ubuntu kernel: [    6.036333] i2c i2c-2: Added multiplexed i2c bus 14
Jun 11 06:36:10 ubuntu kernel: [    6.041342] i2c i2c-2: Added multiplexed i2c bus 15
Jun 11 06:36:10 ubuntu kernel: [    6.046225] pca954x 2-0074: registered 8 multiplexed busses for I2C switch pca9548
Jun 11 06:36:10 ubuntu kernel: [    6.054161] i2c i2c-2: Added multiplexed i2c bus 16
Jun 11 06:36:10 ubuntu kernel: [    6.059184] i2c i2c-2: Added multiplexed i2c bus 17
Jun 11 06:36:10 ubuntu kernel: [    6.064240] i2c i2c-2: Added multiplexed i2c bus 18
Jun 11 06:36:10 ubuntu kernel: [    6.069663] i2c i2c-2: Added multiplexed i2c bus 19
Jun 11 06:36:10 ubuntu kernel: [    6.074691] i2c i2c-2: Added multiplexed i2c bus 20
Jun 11 06:36:10 ubuntu kernel: [    6.079714] i2c i2c-2: Added multiplexed i2c bus 21
Jun 11 06:36:10 ubuntu kernel: [    6.084733] i2c i2c-2: Added multiplexed i2c bus 22
Jun 11 06:36:10 ubuntu kernel: [    6.089748] i2c i2c-2: Added multiplexed i2c bus 23
Jun 11 06:36:10 ubuntu kernel: [    6.094629] pca954x 2-0075: registered 8 multiplexed busses for I2C switch pca9548
Jun 11 06:36:10 ubuntu kernel: [    6.102223] cdns-i2c ff030000.i2c: 400 kHz mmio ff030000 irq 33
Jun 11 06:36:10 ubuntu kernel: [    6.108804] cdns-wdt fd4d0000.watchdog: Xilinx Watchdog Timer at (____ptrval____) with timeout 60s
Jun 11 06:36:10 ubuntu kernel: [    6.118076] cdns-wdt ff150000.watchdog: Xilinx Watchdog Timer at (____ptrval____) with timeout 10s
Jun 11 06:36:10 ubuntu kernel: [    6.127357] cpufreq: cpufreq_online: CPU0: Running at unlisted freq: 1199880 KHz
Jun 11 06:36:10 ubuntu kernel: [    6.134816] cpufreq: cpufreq_online: CPU0: Unlisted initial frequency changed to: 1199999 KHz
Jun 11 06:36:10 ubuntu kernel: [    6.166759] usb 1-1: New USB device found, idVendor=413c, idProduct=301d, bcdDevice= 0.09
Jun 11 06:36:10 ubuntu kernel: [    6.174953] usb 1-1: New USB device strings: Mfr=1, Product=2, SerialNumber=0
Jun 11 06:36:10 ubuntu kernel: [    6.182091] usb 1-1: Product: Dell Universal Receiver
Jun 11 06:36:10 ubuntu kernel: [    6.187145] usb 1-1: Manufacturer: Dell
Jun 11 06:36:10 ubuntu kernel: [    6.191079] mmc0: SDHCI controller on ff170000.mmc [ff170000.mmc] using ADMA 64-bit
Jun 11 06:36:10 ubuntu kernel: [    6.207047] input: gpio-keys as /devices/platform/gpio-keys/input/input0
Jun 11 06:36:10 ubuntu kernel: [    6.214010] rtc_zynqmp ffa60000.rtc: setting system clock to 2019-06-11 06:35:49 UTC (1560234949)
Jun 11 06:36:10 ubuntu kernel: [    6.222893] of_cfs_init
Jun 11 06:36:10 ubuntu kernel: [    6.225358] of_cfs_init: OK
Jun 11 06:36:10 ubuntu kernel: [    6.228298] cfg80211: Loading compiled-in X.509 certificates for regulatory database
Jun 11 06:36:10 ubuntu kernel: [    6.240021] input: Dell Dell Universal Receiver as /devices/platform/amba/ff9d0000.usb0/fe200000.dwc3/xhci-hcd.0.auto/usb1/1-1/1-1:1.0/0003:413C:301D.0001/input/input1
Jun 11 06:36:10 ubuntu kernel: [    6.262129] mmc0: new high speed SDHC card at address 0007
Jun 11 06:36:10 ubuntu kernel: [    6.268117] mmcblk0: mmc0:0007 SD08G 7.42 GiB 
Jun 11 06:36:10 ubuntu kernel: [    6.274787]  mmcblk0: p1 p2
Jun 11 06:36:10 ubuntu kernel: [    6.312530] hid-generic 0003:413C:301D.0001: input: USB HID v1.11 Keyboard [Dell Dell Universal Receiver] on usb-xhci-hcd.0.auto-1/input0
Jun 11 06:36:10 ubuntu kernel: [    6.330109] input: Dell Dell Universal Receiver Mouse as /devices/platform/amba/ff9d0000.usb0/fe200000.dwc3/xhci-hcd.0.auto/usb1/1-1/1-1:1.1/0003:413C:301D.0002/input/input2
Jun 11 06:36:10 ubuntu kernel: [    6.345871] input: Dell Dell Universal Receiver Consumer Control as /devices/platform/amba/ff9d0000.usb0/fe200000.dwc3/xhci-hcd.0.auto/usb1/1-1/1-1:1.1/0003:413C:301D.0002/input/input3
Jun 11 06:36:10 ubuntu kernel: [    6.367311] cfg80211: Loaded X.509 cert 'sforshee: 00b28ddf47aef9cea7'
Jun 11 06:36:10 ubuntu kernel: [    6.373844] clk: Not disabling unused clocks
Jun 11 06:36:10 ubuntu kernel: [    6.378117] ALSA device list:
Jun 11 06:36:10 ubuntu kernel: [    6.381080]   #0: DisplayPort monitor
Jun 11 06:36:10 ubuntu kernel: [    6.385012] platform regulatory.0: Direct firmware load for regulatory.db failed with error -2
Jun 11 06:36:10 ubuntu kernel: [    6.393629] cfg80211: failed to load regulatory.db
Jun 11 06:36:10 ubuntu kernel: [    6.420307] input: Dell Dell Universal Receiver System Control as /devices/platform/amba/ff9d0000.usb0/fe200000.dwc3/xhci-hcd.0.auto/usb1/1-1/1-1:1.1/0003:413C:301D.0002/input/input4
Jun 11 06:36:10 ubuntu kernel: [    6.436654] hid-generic 0003:413C:301D.0002: input: USB HID v1.11 Mouse [Dell Dell Universal Receiver] on usb-xhci-hcd.0.auto-1/input1
Jun 11 06:36:10 ubuntu kernel: [    6.450686] hid-generic 0003:413C:301D.0003: device has no listeners, quitting
Jun 11 06:36:10 ubuntu kernel: [    6.460271] EXT4-fs (mmcblk0p2): mounting ext3 file system using the ext4 subsystem
Jun 11 06:36:10 ubuntu kernel: [    6.480999] EXT4-fs (mmcblk0p2): warning: maximal mount count reached, running e2fsck is recommended
Jun 11 06:36:10 ubuntu kernel: [    6.493975] EXT4-fs (mmcblk0p2): mounted filesystem with ordered data mode. Opts: (null)
Jun 11 06:36:10 ubuntu kernel: [    6.502088] VFS: Mounted root (ext3 filesystem) on device 179:2.
Jun 11 06:36:10 ubuntu kernel: [    6.512164] [drm] Cannot find any crtc or sizes
Jun 11 06:36:10 ubuntu kernel: [    6.517875] devtmpfs: mounted
Jun 11 06:36:10 ubuntu kernel: [    6.523487] Freeing unused kernel memory: 1408K
Jun 11 06:36:10 ubuntu kernel: [    6.528076] Run /sbin/init as init process
Jun 11 06:36:10 ubuntu kernel: [    7.034487] random: systemd: uninitialized urandom read (16 bytes read)
Jun 11 06:36:10 ubuntu kernel: [    7.147426] random: systemd: uninitialized urandom read (16 bytes read)
Jun 11 06:36:10 ubuntu kernel: [    7.155167] random: systemd: uninitialized urandom read (16 bytes read)
Jun 11 06:36:10 ubuntu kernel: [    7.879255] systemd-sysv-ge: 231 output lines suppressed due to ratelimiting
Jun 11 06:36:10 ubuntu kernel: [    9.040147] random: crng init done
Jun 11 06:36:10 ubuntu kernel: [    9.043550] random: 7 urandom warning(s) missed due to ratelimiting
Jun 11 06:36:10 ubuntu kernel: [   12.668229] pps pps0: new PPS source ptp0
Jun 11 06:36:10 ubuntu kernel: [   12.668241] macb ff0e0000.ethernet: gem-ptp-timer ptp clock registered.
Jun 11 06:36:10 ubuntu kernel: [   12.668359] IPv6: ADDRCONF(NETDEV_UP): eth0: link is not ready
Jun 11 06:36:10 ubuntu kernel: [   13.676554] macb ff0e0000.ethernet eth0: link up (1000/Full)
Jun 11 06:36:10 ubuntu kernel: [   13.676576] IPv6: ADDRCONF(NETDEV_CHANGE): eth0: link becomes ready
Jun 11 06:36:10 ubuntu kernel: [   26.939127] new mount options do not match the existing superblock, will be ignored
Jun 11 06:36:11 ubuntu kernel: [   27.873528] VCU PLL: enable
Jun 11 06:36:11 ubuntu kernel: [   27.874397] xilinx-vcu xilinx-vcu: xvcu_probe: Probed successfully
Jun 11 06:36:11 ubuntu kernel: [   27.937128] new mount options do not match the existing superblock, will be ignored
Jun 11 06:36:11 ubuntu kernel: [   28.001757] mali: loading out-of-tree module taints kernel.
Jun 11 06:36:11 ubuntu kernel: [   28.059146] dp159 0-005e: probed
Jun 11 06:36:11 ubuntu kernel: [   28.064632] dp159 0-005e: probe successful
Jun 11 06:36:11 ubuntu kernel: [   28.183250] new mount options do not match the existing superblock, will be ignored
Jun 11 06:36:12 ubuntu kernel: [   28.362860] al5e a0100000.al5e: l2 prefetch size:10526720 (bits), l2 color bitdepth:8
Jun 11 06:36:12 ubuntu kernel: [   28.425177] new mount options do not match the existing superblock, will be ignored
Jun 11 06:36:12 ubuntu kernel: [   28.463892] al5d a0120000.al5d: l2 prefetch size:10526720 (bits), l2 color bitdepth:8
Jun 11 06:36:12 ubuntu kernel: [   28.568033] xilinx-vphy a0060000.vid_phy_controller: probed
Jun 11 06:36:12 ubuntu kernel: [   28.580362] VPhy version : 02.02 (0000)
Jun 11 06:36:12 ubuntu kernel: [   28.580487] xilinx-vphy a0060000.vid_phy_controller: probe successful
Jun 11 06:36:12 ubuntu kernel: [   28.646598] xlnx-drm-hdmi a0020000.v_hdmi_tx_ss: probed
Jun 11 06:36:12 ubuntu kernel: [   28.647590] xlnx-drm-hdmi a0020000.v_hdmi_tx_ss: hdmi tx audio disabled in DT
Jun 11 06:36:12 ubuntu kernel: [   28.647617] xvphy_phy_init(00000000074f9ab2).
Jun 11 06:36:12 ubuntu kernel: [   28.647629] xvphy_phy_init(0000000010247a45).
Jun 11 06:36:12 ubuntu kernel: [   28.647641] xvphy_phy_init(00000000d045be62).
Jun 11 06:36:12 ubuntu kernel: [   28.647851] xlnx-drm-hdmi a0020000.v_hdmi_tx_ss: probe successful
Jun 11 06:36:12 ubuntu kernel: [   28.648448] [drm] Supports vblank timestamp caching Rev 2 (21.10.2013).
Jun 11 06:36:12 ubuntu kernel: [   28.648451] [drm] No driver support for vblank timestamp query.
Jun 11 06:36:12 ubuntu kernel: [   28.648637] xlnx-drm xlnx-drm.0: bound a0070000.v_mix (ops 0xffffff8008d5dda8)
Jun 11 06:36:12 ubuntu kernel: [   28.648676] xlnx-drm xlnx-drm.0: bound a0020000.v_hdmi_tx_ss (ops xlnx_drm_hdmi_component_ops [xilinx_hdmi_tx])
Jun 11 06:36:12 ubuntu kernel: [   28.743335] Warning: Unknown drm_fourcc format code: 875713089
Jun 11 06:36:12 ubuntu kernel: [   29.102762] Console: switching to colour frame buffer device 480x135
Jun 11 06:36:12 ubuntu kernel: [   29.218828] xlnx-mixer a0070000.v_mix: fb0:  frame buffer device
Jun 11 06:36:12 ubuntu kernel: [   29.253324] [drm] Initialized xlnx 1.0.0 20130509 for a0070000.v_mix on minor 1
Jun 11 06:36:13 ubuntu kernel: [   29.277343] new mount options do not match the existing superblock, will be ignored
Jun 11 06:57:26 ubuntu kernel: [ 1302.614326] usb 1-1: USB disconnect, device number 2
Jun 11 06:57:32 ubuntu kernel: [ 1308.732742] usb 2-1: new SuperSpeed Gen 1 USB device number 2 using xhci-hcd
Jun 11 06:57:32 ubuntu kernel: [ 1308.753427] usb 2-1: New USB device found, idVendor=0781, idProduct=558a, bcdDevice= 1.00
Jun 11 06:57:32 ubuntu kernel: [ 1308.753433] usb 2-1: New USB device strings: Mfr=1, Product=2, SerialNumber=3
Jun 11 06:57:32 ubuntu kernel: [ 1308.753437] usb 2-1: Product: Ultra
Jun 11 06:57:32 ubuntu kernel: [ 1308.753440] usb 2-1: Manufacturer: SanDisk
Jun 11 06:57:32 ubuntu kernel: [ 1308.753444] usb 2-1: SerialNumber: 4C530001281104102363
Jun 11 06:57:32 ubuntu kernel: [ 1308.754581] usb-storage 2-1:1.0: USB Mass Storage device detected
Jun 11 06:57:32 ubuntu kernel: [ 1308.755732] scsi host2: usb-storage 2-1:1.0
Jun 11 06:57:33 ubuntu kernel: [ 1309.781520] scsi 2:0:0:0: Direct-Access     SanDisk  Ultra            1.00 PQ: 0 ANSI: 6
Jun 11 06:57:33 ubuntu kernel: [ 1309.782754] sd 2:0:0:0: [sda] 240254976 512-byte logical blocks: (123 GB/115 GiB)
Jun 11 06:57:33 ubuntu kernel: [ 1309.783601] sd 2:0:0:0: [sda] Write Protect is off
Jun 11 06:57:33 ubuntu kernel: [ 1309.783609] sd 2:0:0:0: [sda] Mode Sense: 43 00 00 00
Jun 11 06:57:33 ubuntu kernel: [ 1309.783902] sd 2:0:0:0: [sda] Write cache: disabled, read cache: enabled, doesn't support DPO or FUA
Jun 11 06:57:33 ubuntu kernel: [ 1309.797756]  sda: sda1 sda2
Jun 11 06:57:33 ubuntu kernel: [ 1309.799865] sd 2:0:0:0: [sda] Attached SCSI removable disk
Jun 11 06:58:28 ubuntu kernel: [ 1364.249482] FAT-fs (sda1): Volume was not properly unmounted. Some data may be corrupt. Please run fsck.
Jun 11 07:02:02 ubuntu kernel: [ 1579.032533] usb 2-1: USB disconnect, device number 2
Jun 11 07:02:08 ubuntu kernel: [ 1584.843784] usb 2-1: new SuperSpeed Gen 1 USB device number 3 using xhci-hcd
Jun 11 07:02:08 ubuntu kernel: [ 1584.864850] usb 2-1: New USB device found, idVendor=0781, idProduct=558a, bcdDevice= 1.00
Jun 11 07:02:08 ubuntu kernel: [ 1584.864856] usb 2-1: New USB device strings: Mfr=1, Product=2, SerialNumber=3
Jun 11 07:02:08 ubuntu kernel: [ 1584.864860] usb 2-1: Product: Ultra
Jun 11 07:02:08 ubuntu kernel: [ 1584.864864] usb 2-1: Manufacturer: SanDisk
Jun 11 07:02:08 ubuntu kernel: [ 1584.864867] usb 2-1: SerialNumber: 4C531001400123106044
Jun 11 07:02:08 ubuntu kernel: [ 1584.866018] usb-storage 2-1:1.0: USB Mass Storage device detected
Jun 11 07:02:08 ubuntu kernel: [ 1584.866262] scsi host2: usb-storage 2-1:1.0
Jun 11 07:02:09 ubuntu kernel: [ 1585.872444] scsi 2:0:0:0: Direct-Access     SanDisk  Ultra            1.00 PQ: 0 ANSI: 6
Jun 11 07:02:09 ubuntu kernel: [ 1585.873924] sd 2:0:0:0: [sda] 120127488 512-byte logical blocks: (61.5 GB/57.3 GiB)
Jun 11 07:02:09 ubuntu kernel: [ 1585.874800] sd 2:0:0:0: [sda] Write Protect is off
Jun 11 07:02:09 ubuntu kernel: [ 1585.874807] sd 2:0:0:0: [sda] Mode Sense: 43 00 00 00
Jun 11 07:02:09 ubuntu kernel: [ 1585.875119] sd 2:0:0:0: [sda] Write cache: disabled, read cache: enabled, doesn't support DPO or FUA
Jun 11 07:02:09 ubuntu kernel: [ 1585.885368]  sda: sda1
Jun 11 07:02:09 ubuntu kernel: [ 1585.887559] sd 2:0:0:0: [sda] Attached SCSI removable disk
Jun 11 07:02:18 ubuntu kernel: [ 1595.107772] FAT-fs (sda1): Volume was not properly unmounted. Some data may be corrupt. Please run fsck.
Jun 11 07:03:22 ubuntu kernel: [ 1658.713940] Unknown ioctl: 0xC2147102
Jun 11 07:03:22 ubuntu kernel: [ 1658.718224] Known ioctl are:
Jun 11 07:03:22 ubuntu kernel: [ 1658.721106] AL_MCU_CONFIG_CHANNEL:C2187102
Jun 11 07:03:22 ubuntu kernel: [ 1658.725199] AL_MCU_DESTROY_CHANNEL:00007104
Jun 11 07:03:22 ubuntu kernel: [ 1658.729381] AL_MCU_ENCODE_ONE_FRM:C4087105
Jun 11 07:03:22 ubuntu kernel: [ 1658.733473] AL_MCU_WAIT_FOR_STATUS:C2047106
Jun 11 07:03:22 ubuntu kernel: [ 1658.737654] GET_DMA_FD:C00C710D
Jun 11 07:12:31 ubuntu kernel: [    0.000000] Booting Linux on physical CPU 0x0000000000 [0x410fd034]
Jun 11 07:12:31 ubuntu kernel: [    0.000000] Linux version 4.19.0-xilinx-v2019.1 (oe-user@oe-host) (gcc version 8.2.0 (GCC)) #1 SMP Mon Jun 10 07:54:03 UTC 2019
Jun 11 07:12:31 ubuntu kernel: [    0.000000] Machine model: ZynqMP ZCU106 RevA
Jun 11 07:12:31 ubuntu kernel: [    0.000000] earlycon: cdns0 at MMIO 0x00000000ff000000 (options '115200n8')
Jun 11 07:12:31 ubuntu kernel: [    0.000000] bootconsole [cdns0] enabled
Jun 11 07:12:31 ubuntu kernel: [    0.000000] efi: Getting EFI parameters from FDT:
Jun 11 07:12:31 ubuntu kernel: [    0.000000] efi: UEFI not found.
Jun 11 07:12:31 ubuntu kernel: [    0.000000] cma: Reserved 1024 MiB at 0x000000003dc00000
Jun 11 07:12:31 ubuntu kernel: [    0.000000] On node 0 totalpages: 1048320
Jun 11 07:12:31 ubuntu kernel: [    0.000000]   DMA32 zone: 7165 pages used for memmap
Jun 11 07:12:31 ubuntu kernel: [    0.000000]   DMA32 zone: 0 pages reserved
Jun 11 07:12:31 ubuntu kernel: [    0.000000]   DMA32 zone: 524032 pages, LIFO batch:63
Jun 11 07:12:31 ubuntu kernel: [    0.000000]   Normal zone: 7168 pages used for memmap
Jun 11 07:12:31 ubuntu kernel: [    0.000000]   Normal zone: 524288 pages, LIFO batch:63
Jun 11 07:12:31 ubuntu kernel: [    0.000000] psci: probing for conduit method from DT.
Jun 11 07:12:31 ubuntu kernel: [    0.000000] psci: PSCIv1.1 detected in firmware.
Jun 11 07:12:31 ubuntu kernel: [    0.000000] psci: Using standard PSCI v0.2 function IDs
Jun 11 07:12:31 ubuntu kernel: [    0.000000] psci: MIGRATE_INFO_TYPE not supported.
Jun 11 07:12:31 ubuntu kernel: [    0.000000] psci: SMC Calling Convention v1.1
Jun 11 07:12:31 ubuntu kernel: [    0.000000] random: get_random_bytes called from start_kernel+0x9c/0x3e8 with crng_init=0
Jun 11 07:12:31 ubuntu kernel: [    0.000000] percpu: Embedded 24 pages/cpu @(____ptrval____) s58136 r8192 d31976 u98304
Jun 11 07:12:31 ubuntu kernel: [    0.000000] pcpu-alloc: s58136 r8192 d31976 u98304 alloc=24*4096
Jun 11 07:12:31 ubuntu kernel: [    0.000000] pcpu-alloc: [0] 0 [0] 1 [0] 2 [0] 3 
Jun 11 07:12:31 ubuntu kernel: [    0.000000] Detected VIPT I-cache on CPU0
Jun 11 07:12:31 ubuntu kernel: [    0.000000] CPU features: enabling workaround for ARM erratum 845719
Jun 11 07:12:31 ubuntu kernel: [    0.000000] Speculative Store Bypass Disable mitigation not required
Jun 11 07:12:31 ubuntu kernel: [    0.000000] CPU features: detected: Kernel page table isolation (KPTI)
Jun 11 07:12:31 ubuntu kernel: [    0.000000] Built 1 zonelists, mobility grouping on.  Total pages: 1033987
Jun 11 07:12:31 ubuntu kernel: [    0.000000] Kernel command line: earlycon clk_ignore_unused earlyprintk consoleblank=0 root=/dev/mmcblk0p2 rw rootwait debug cma=1024M
Jun 11 07:12:31 ubuntu kernel: [    0.000000] Dentry cache hash table entries: 524288 (order: 10, 4194304 bytes)
Jun 11 07:12:31 ubuntu kernel: [    0.000000] Inode-cache hash table entries: 262144 (order: 9, 2097152 bytes)
Jun 11 07:12:31 ubuntu kernel: [    0.000000] software IO TLB: mapped [mem 0x39c00000-0x3dc00000] (64MB)
Jun 11 07:12:31 ubuntu kernel: [    0.000000] Memory: 2992708K/4193280K available (12348K kernel code, 1220K rwdata, 5964K rodata, 1408K init, 524K bss, 151996K reserved, 1048576K cma-reserved)
Jun 11 07:12:31 ubuntu kernel: [    0.000000] ftrace: allocating 41163 entries in 161 pages
Jun 11 07:12:31 ubuntu kernel: [    0.000000] rcu: Hierarchical RCU implementation.
Jun 11 07:12:31 ubuntu kernel: [    0.000000] rcu: 	RCU event tracing is enabled.
Jun 11 07:12:31 ubuntu kernel: [    0.000000] rcu: 	RCU restricting CPUs from NR_CPUS=8 to nr_cpu_ids=4.
Jun 11 07:12:31 ubuntu kernel: [    0.000000] rcu: Adjusting geometry for rcu_fanout_leaf=16, nr_cpu_ids=4
Jun 11 07:12:31 ubuntu kernel: [    0.000000] NR_IRQS: 64, nr_irqs: 64, preallocated irqs: 0
Jun 11 07:12:31 ubuntu kernel: [    0.000000] GIC: Adjusting CPU interface base to 0x00000000f902f000
Jun 11 07:12:31 ubuntu kernel: [    0.000000] GIC: Using split EOI/Deactivate mode
Jun 11 07:12:31 ubuntu kernel: [    0.000000] arch_timer: cp15 timer(s) running at 99.99MHz (phys).
Jun 11 07:12:31 ubuntu kernel: [    0.000000] clocksource: arch_sys_counter: mask: 0xffffffffffffff max_cycles: 0x170f8de2d3, max_idle_ns: 440795206112 ns
Jun 11 07:12:31 ubuntu kernel: [    0.000003] sched_clock: 56 bits at 99MHz, resolution 10ns, wraps every 4398046511101ns
Jun 11 07:12:31 ubuntu kernel: [    0.008306] Console: colour dummy device 80x25
Jun 11 07:12:31 ubuntu kernel: [    0.012378] console [tty0] enabled
Jun 11 07:12:31 ubuntu kernel: [    0.015744] bootconsole [cdns0] disabled
Jun 11 07:12:31 ubuntu kernel: [    0.019658] Calibrating delay loop (skipped), value calculated using timer frequency.. 199.98 BogoMIPS (lpj=399960)
Jun 11 07:12:31 ubuntu kernel: [    0.019674] pid_max: default: 32768 minimum: 301
Jun 11 07:12:31 ubuntu kernel: [    0.019805] Mount-cache hash table entries: 8192 (order: 4, 65536 bytes)
Jun 11 07:12:31 ubuntu kernel: [    0.019825] Mountpoint-cache hash table entries: 8192 (order: 4, 65536 bytes)
Jun 11 07:12:31 ubuntu kernel: [    0.020560] ASID allocator initialised with 32768 entries
Jun 11 07:12:31 ubuntu kernel: [    0.020618] rcu: Hierarchical SRCU implementation.
Jun 11 07:12:31 ubuntu kernel: [    0.020908] EFI services will not be available.
Jun 11 07:12:31 ubuntu kernel: [    0.021039] smp: Bringing up secondary CPUs ...
Jun 11 07:12:31 ubuntu kernel: [    0.021355] Detected VIPT I-cache on CPU1
Jun 11 07:12:31 ubuntu kernel: [    0.021388] CPU1: Booted secondary processor 0x0000000001 [0x410fd034]
Jun 11 07:12:31 ubuntu kernel: [    0.021722] Detected VIPT I-cache on CPU2
Jun 11 07:12:31 ubuntu kernel: [    0.021743] CPU2: Booted secondary processor 0x0000000002 [0x410fd034]
Jun 11 07:12:31 ubuntu kernel: [    0.022057] Detected VIPT I-cache on CPU3
Jun 11 07:12:31 ubuntu kernel: [    0.022078] CPU3: Booted secondary processor 0x0000000003 [0x410fd034]
Jun 11 07:12:31 ubuntu kernel: [    0.022127] smp: Brought up 1 node, 4 CPUs
Jun 11 07:12:31 ubuntu kernel: [    0.022167] SMP: Total of 4 processors activated.
Jun 11 07:12:31 ubuntu kernel: [    0.022177] CPU features: detected: 32-bit EL0 Support
Jun 11 07:12:31 ubuntu kernel: [    0.023849] CPU: All CPU(s) started at EL2
Jun 11 07:12:31 ubuntu kernel: [    0.023867] alternatives: patching kernel code
Jun 11 07:12:31 ubuntu kernel: [    0.024835] devtmpfs: initialized
Jun 11 07:12:31 ubuntu kernel: [    0.030762] clocksource: jiffies: mask: 0xffffffff max_cycles: 0xffffffff, max_idle_ns: 7645041785100000 ns
Jun 11 07:12:31 ubuntu kernel: [    0.030789] futex hash table entries: 1024 (order: 4, 65536 bytes)
Jun 11 07:12:31 ubuntu kernel: [    0.054473] xor: measuring software checksum speed
Jun 11 07:12:31 ubuntu kernel: [    0.091968]    8regs     :  2363.000 MB/sec
Jun 11 07:12:31 ubuntu kernel: [    0.132001]    8regs_prefetch:  2041.000 MB/sec
Jun 11 07:12:31 ubuntu kernel: [    0.172036]    32regs    :  2706.000 MB/sec
Jun 11 07:12:31 ubuntu kernel: [    0.212070]    32regs_prefetch:  2294.000 MB/sec
Jun 11 07:12:31 ubuntu kernel: [    0.212079] xor: using function: 32regs (2706.000 MB/sec)
Jun 11 07:12:31 ubuntu kernel: [    0.212094] pinctrl core: initialized pinctrl subsystem
Jun 11 07:12:31 ubuntu kernel: [    0.212738] NET: Registered protocol family 16
Jun 11 07:12:31 ubuntu kernel: [    0.213108] audit: initializing netlink subsys (disabled)
Jun 11 07:12:31 ubuntu kernel: [    0.213181] audit: type=2000 audit(0.204:1): state=initialized audit_enabled=0 res=1
Jun 11 07:12:31 ubuntu kernel: [    0.213533] cpuidle: using governor menu
Jun 11 07:12:31 ubuntu kernel: [    0.213761] vdso: 2 pages (1 code @ (____ptrval____), 1 data @ (____ptrval____))
Jun 11 07:12:31 ubuntu kernel: [    0.213776] hw-breakpoint: found 6 breakpoint and 4 watchpoint registers.
Jun 11 07:12:31 ubuntu kernel: [    0.214555] DMA: preallocated 256 KiB pool for atomic allocations
Jun 11 07:12:31 ubuntu kernel: [    0.230057] HugeTLB registered 2.00 MiB page size, pre-allocated 0 pages
Jun 11 07:12:31 ubuntu kernel: [    0.296326] raid6: int64x1  gen()   447 MB/s
Jun 11 07:12:31 ubuntu kernel: [    0.364290] raid6: int64x1  xor()   452 MB/s
Jun 11 07:12:31 ubuntu kernel: [    0.432365] raid6: int64x2  gen()   680 MB/s
Jun 11 07:12:31 ubuntu kernel: [    0.500388] raid6: int64x2  xor()   599 MB/s
Jun 11 07:12:31 ubuntu kernel: [    0.568410] raid6: int64x4  gen()   980 MB/s
Jun 11 07:12:31 ubuntu kernel: [    0.636493] raid6: int64x4  xor()   737 MB/s
Jun 11 07:12:31 ubuntu kernel: [    0.704553] raid6: int64x8  gen()  1161 MB/s
Jun 11 07:12:31 ubuntu kernel: [    0.772580] raid6: int64x8  xor()   759 MB/s
Jun 11 07:12:31 ubuntu kernel: [    0.840628] raid6: neonx1   gen()   736 MB/s
Jun 11 07:12:31 ubuntu kernel: [    0.908677] raid6: neonx1   xor()   877 MB/s
Jun 11 07:12:31 ubuntu kernel: [    0.976784] raid6: neonx2   gen()  1129 MB/s
Jun 11 07:12:31 ubuntu kernel: [    1.044812] raid6: neonx2   xor()  1172 MB/s
Jun 11 07:12:31 ubuntu kernel: [    1.112876] raid6: neonx4   gen()  1475 MB/s
Jun 11 07:12:31 ubuntu kernel: [    1.180902] raid6: neonx4   xor()  1416 MB/s
Jun 11 07:12:31 ubuntu kernel: [    1.248969] raid6: neonx8   gen()  1546 MB/s
Jun 11 07:12:31 ubuntu kernel: [    1.317038] raid6: neonx8   xor()  1459 MB/s
Jun 11 07:12:31 ubuntu kernel: [    1.317047] raid6: using algorithm neonx8 gen() 1546 MB/s
Jun 11 07:12:31 ubuntu kernel: [    1.317055] raid6: .... xor() 1459 MB/s, rmw enabled
Jun 11 07:12:31 ubuntu kernel: [    1.317064] raid6: using neon recovery algorithm
Jun 11 07:12:31 ubuntu kernel: [    1.317854] SCSI subsystem initialized
Jun 11 07:12:31 ubuntu kernel: [    1.317904] libata version 3.00 loaded.
Jun 11 07:12:31 ubuntu kernel: [    1.318064] usbcore: registered new interface driver usbfs
Jun 11 07:12:31 ubuntu kernel: [    1.318107] usbcore: registered new interface driver hub
Jun 11 07:12:31 ubuntu kernel: [    1.318147] usbcore: registered new device driver usb
Jun 11 07:12:31 ubuntu kernel: [    1.318222] media: Linux media interface: v0.10
Jun 11 07:12:31 ubuntu kernel: [    1.318254] videodev: Linux video capture interface: v2.00
Jun 11 07:12:31 ubuntu kernel: [    1.318287] pps_core: LinuxPPS API ver. 1 registered
Jun 11 07:12:31 ubuntu kernel: [    1.318296] pps_core: Software ver. 5.3.6 - Copyright 2005-2007 Rodolfo Giometti <giometti@linux.it>
Jun 11 07:12:31 ubuntu kernel: [    1.318323] PTP clock support registered
Jun 11 07:12:31 ubuntu kernel: [    1.318354] EDAC MC: Ver: 3.0.0
Jun 11 07:12:31 ubuntu kernel: [    1.318805] zynqmp-ipi-mbox mailbox@ff990400: Probed ZynqMP IPI Mailbox driver.
Jun 11 07:12:31 ubuntu kernel: [    1.319046] FPGA manager framework
Jun 11 07:12:31 ubuntu kernel: [    1.319233] Advanced Linux Sound Architecture Driver Initialized.
Jun 11 07:12:31 ubuntu kernel: [    1.319534] Bluetooth: Core ver 2.22
Jun 11 07:12:31 ubuntu kernel: [    1.319563] NET: Registered protocol family 31
Jun 11 07:12:31 ubuntu kernel: [    1.319573] Bluetooth: HCI device and connection manager initialized
Jun 11 07:12:31 ubuntu kernel: [    1.319586] Bluetooth: HCI socket layer initialized
Jun 11 07:12:31 ubuntu kernel: [    1.319597] Bluetooth: L2CAP socket layer initialized
Jun 11 07:12:31 ubuntu kernel: [    1.319624] Bluetooth: SCO socket layer initialized
Jun 11 07:12:31 ubuntu kernel: [    1.320046] clocksource: Switched to clocksource arch_sys_counter
Jun 11 07:12:31 ubuntu kernel: [    1.378428] VFS: Disk quotas dquot_6.6.0
Jun 11 07:12:31 ubuntu kernel: [    1.378489] VFS: Dquot-cache hash table entries: 512 (order 0, 4096 bytes)
Jun 11 07:12:31 ubuntu kernel: [    1.383438] NET: Registered protocol family 2
Jun 11 07:12:31 ubuntu kernel: [    1.383802] tcp_listen_portaddr_hash hash table entries: 2048 (order: 3, 32768 bytes)
Jun 11 07:12:31 ubuntu kernel: [    1.383854] TCP established hash table entries: 32768 (order: 6, 262144 bytes)
Jun 11 07:12:31 ubuntu kernel: [    1.384086] TCP bind hash table entries: 32768 (order: 7, 524288 bytes)
Jun 11 07:12:31 ubuntu kernel: [    1.384473] TCP: Hash tables configured (established 32768 bind 32768)
Jun 11 07:12:31 ubuntu kernel: [    1.384546] UDP hash table entries: 2048 (order: 4, 65536 bytes)
Jun 11 07:12:31 ubuntu kernel: [    1.384625] UDP-Lite hash table entries: 2048 (order: 4, 65536 bytes)
Jun 11 07:12:31 ubuntu kernel: [    1.384790] NET: Registered protocol family 1
Jun 11 07:12:31 ubuntu kernel: [    1.385009] RPC: Registered named UNIX socket transport module.
Jun 11 07:12:31 ubuntu kernel: [    1.385019] RPC: Registered udp transport module.
Jun 11 07:12:31 ubuntu kernel: [    1.385028] RPC: Registered tcp transport module.
Jun 11 07:12:31 ubuntu kernel: [    1.385036] RPC: Registered tcp NFSv4.1 backchannel transport module.
Jun 11 07:12:31 ubuntu kernel: [    1.385718] hw perfevents: no interrupt-affinity property for /pmu, guessing.
Jun 11 07:12:31 ubuntu kernel: [    1.385878] hw perfevents: enabled with armv8_pmuv3 PMU driver, 7 counters available
Jun 11 07:12:31 ubuntu kernel: [    1.386874] Initialise system trusted keyrings
Jun 11 07:12:31 ubuntu kernel: [    1.386956] workingset: timestamp_bits=62 max_order=20 bucket_order=0
Jun 11 07:12:31 ubuntu kernel: [    1.387704] NFS: Registering the id_resolver key type
Jun 11 07:12:31 ubuntu kernel: [    1.387724] Key type id_resolver registered
Jun 11 07:12:31 ubuntu kernel: [    1.387732] Key type id_legacy registered
Jun 11 07:12:31 ubuntu kernel: [    1.387745] nfs4filelayout_init: NFSv4 File Layout Driver Registering...
Jun 11 07:12:31 ubuntu kernel: [    1.387770] jffs2: version 2.2. (NAND) Â© 2001-2006 Red Hat, Inc.
Jun 11 07:12:31 ubuntu kernel: [    2.470612] NET: Registered protocol family 38
Jun 11 07:12:31 ubuntu kernel: [    2.535250] Key type asymmetric registered
Jun 11 07:12:31 ubuntu kernel: [    2.535261] Asymmetric key parser 'x509' registered
Jun 11 07:12:31 ubuntu kernel: [    2.535301] Block layer SCSI generic (bsg) driver version 0.4 loaded (major 247)
Jun 11 07:12:31 ubuntu kernel: [    2.535315] io scheduler noop registered
Jun 11 07:12:31 ubuntu kernel: [    2.535323] io scheduler deadline registered
Jun 11 07:12:31 ubuntu kernel: [    2.535361] io scheduler cfq registered (default)
Jun 11 07:12:31 ubuntu kernel: [    2.535371] io scheduler mq-deadline registered
Jun 11 07:12:31 ubuntu kernel: [    2.535380] io scheduler kyber registered
Jun 11 07:12:31 ubuntu kernel: [    2.537055] xilinx-frmbuf a0040000.v_frmbuf_rd: Probe deferred due to GPIO reset defer
Jun 11 07:12:31 ubuntu kernel: [    2.568648] Serial: 8250/16550 driver, 4 ports, IRQ sharing disabled
Jun 11 07:12:31 ubuntu kernel: [    2.572804] cacheinfo: Unable to detect cache hierarchy for CPU 0
Jun 11 07:12:31 ubuntu kernel: [    2.577529] brd: module loaded
Jun 11 07:12:31 ubuntu kernel: [    2.581536] loop: module loaded
Jun 11 07:12:31 ubuntu kernel: [    2.582529] mtdoops: mtd device (mtddev=name/number) must be supplied
Jun 11 07:12:31 ubuntu kernel: [    2.583929] libphy: Fixed MDIO Bus: probed
Jun 11 07:12:31 ubuntu kernel: [    2.585291] tun: Universal TUN/TAP device driver, 1.6
Jun 11 07:12:31 ubuntu kernel: [    2.585438] CAN device driver interface
Jun 11 07:12:31 ubuntu kernel: [    2.586481] usbcore: registered new interface driver asix
Jun 11 07:12:31 ubuntu kernel: [    2.586538] usbcore: registered new interface driver ax88179_178a
Jun 11 07:12:31 ubuntu kernel: [    2.586572] usbcore: registered new interface driver cdc_ether
Jun 11 07:12:31 ubuntu kernel: [    2.586607] usbcore: registered new interface driver net1080
Jun 11 07:12:31 ubuntu kernel: [    2.586641] usbcore: registered new interface driver cdc_subset
Jun 11 07:12:31 ubuntu kernel: [    2.586676] usbcore: registered new interface driver zaurus
Jun 11 07:12:31 ubuntu kernel: [    2.586719] usbcore: registered new interface driver cdc_ncm
Jun 11 07:12:31 ubuntu kernel: [    2.587259] ehci_hcd: USB 2.0 'Enhanced' Host Controller (EHCI) Driver
Jun 11 07:12:31 ubuntu kernel: [    2.587543] usbcore: registered new interface driver uas
Jun 11 07:12:31 ubuntu kernel: [    2.587587] usbcore: registered new interface driver usb-storage
Jun 11 07:12:31 ubuntu kernel: [    2.587716] udc-core: couldn't find an available UDC - added [g_webcam] to list of pending drivers
Jun 11 07:12:31 ubuntu kernel: [    2.587899] mousedev: PS/2 mouse device common for all mice
Jun 11 07:12:31 ubuntu kernel: [    2.588399] rtc_zynqmp ffa60000.rtc: rtc core: registered ffa60000.rtc as rtc0
Jun 11 07:12:31 ubuntu kernel: [    2.588475] i2c /dev entries driver
Jun 11 07:12:31 ubuntu kernel: [    2.589064] si5324 0-0068: si5319 probed
Jun 11 07:12:31 ubuntu kernel: [    2.658014] si5324 0-0068: si5319 probe successful
Jun 11 07:12:31 ubuntu kernel: [    2.659977] usbcore: registered new interface driver uvcvideo
Jun 11 07:12:31 ubuntu kernel: [    2.659988] USB Video Class driver (1.1.1)
Jun 11 07:12:31 ubuntu kernel: [    2.660638] Bluetooth: HCI UART driver ver 2.3
Jun 11 07:12:31 ubuntu kernel: [    2.660651] Bluetooth: HCI UART protocol H4 registered
Jun 11 07:12:31 ubuntu kernel: [    2.660660] Bluetooth: HCI UART protocol BCSP registered
Jun 11 07:12:31 ubuntu kernel: [    2.660691] Bluetooth: HCI UART protocol LL registered
Jun 11 07:12:31 ubuntu kernel: [    2.660701] Bluetooth: HCI UART protocol ATH3K registered
Jun 11 07:12:31 ubuntu kernel: [    2.660728] Bluetooth: HCI UART protocol Three-wire (H5) registered
Jun 11 07:12:31 ubuntu kernel: [    2.660778] Bluetooth: HCI UART protocol Intel registered
Jun 11 07:12:31 ubuntu kernel: [    2.660806] Bluetooth: HCI UART protocol QCA registered
Jun 11 07:12:31 ubuntu kernel: [    2.660851] usbcore: registered new interface driver bcm203x
Jun 11 07:12:31 ubuntu kernel: [    2.660889] usbcore: registered new interface driver bpa10x
Jun 11 07:12:31 ubuntu kernel: [    2.660927] usbcore: registered new interface driver bfusb
Jun 11 07:12:31 ubuntu kernel: [    2.660967] usbcore: registered new interface driver btusb
Jun 11 07:12:31 ubuntu kernel: [    2.660977] Bluetooth: Generic Bluetooth SDIO driver ver 0.1
Jun 11 07:12:31 ubuntu kernel: [    2.661033] usbcore: registered new interface driver ath3k
Jun 11 07:12:31 ubuntu kernel: [    2.661169] EDAC MC: ECC not enabled
Jun 11 07:12:31 ubuntu kernel: [    2.661386] EDAC DEVICE0: Giving out device to module zynqmp-ocm-edac controller zynqmp_ocm: DEV ff960000.memory-controller (INTERRUPT)
Jun 11 07:12:31 ubuntu kernel: [    2.662119] sdhci: Secure Digital Host Controller Interface driver
Jun 11 07:12:31 ubuntu kernel: [    2.662130] sdhci: Copyright(c) Pierre Ossman
Jun 11 07:12:31 ubuntu kernel: [    2.662138] sdhci-pltfm: SDHCI platform and OF driver helper
Jun 11 07:12:31 ubuntu kernel: [    2.662515] ledtrig-cpu: registered to indicate activity on CPUs
Jun 11 07:12:31 ubuntu kernel: [    2.662569] zynqmp_firmware_probe Platform Management API v1.1
Jun 11 07:12:31 ubuntu kernel: [    2.662581] zynqmp_firmware_probe Trustzone version v1.0
Jun 11 07:12:31 ubuntu kernel: [    2.665483] zynqmp-pinctrl firmware:zynqmp-firmware:pinctrl: zynqmp pinctrl initialized
Jun 11 07:12:31 ubuntu kernel: [    2.689228] zynqmp_clk_mux_get_parent() getparent failed for clock: lpd_wdt, ret = -22
Jun 11 07:12:31 ubuntu kernel: [    2.689707] alg: No test for xilinx-zynqmp-aes (zynqmp-aes)
Jun 11 07:12:31 ubuntu kernel: [    2.689729] zynqmp_aes zynqmp_aes: AES Successfully Registered
Jun 11 07:12:31 ubuntu kernel: [    2.689729] 
Jun 11 07:12:31 ubuntu kernel: [    2.689918] alg: No test for xilinx-keccak-384 (zynqmp-keccak-384)
Jun 11 07:12:31 ubuntu kernel: [    2.690092] alg: No test for xilinx-zynqmp-rsa (zynqmp-rsa)
Jun 11 07:12:31 ubuntu kernel: [    2.690318] usbcore: registered new interface driver usbhid
Jun 11 07:12:31 ubuntu kernel: [    2.690329] usbhid: USB HID core driver
Jun 11 07:12:31 ubuntu kernel: [    2.692913] fpga_manager fpga0: Xilinx ZynqMP FPGA Manager registered
Jun 11 07:12:31 ubuntu kernel: [    2.693337] usbcore: registered new interface driver snd-usb-audio
Jun 11 07:12:31 ubuntu kernel: [    2.694300] pktgen: Packet Generator for packet performance testing. Version: 2.75
Jun 11 07:12:31 ubuntu kernel: [    2.694687] Initializing XFRM netlink socket
Jun 11 07:12:31 ubuntu kernel: [    2.694775] NET: Registered protocol family 10
Jun 11 07:12:31 ubuntu kernel: [    2.695149] Segment Routing with IPv6
Jun 11 07:12:31 ubuntu kernel: [    2.695244] sit: IPv6, IPv4 and MPLS over IPv4 tunneling driver
Jun 11 07:12:31 ubuntu kernel: [    2.695592] NET: Registered protocol family 17
Jun 11 07:12:31 ubuntu kernel: [    2.695610] NET: Registered protocol family 15
Jun 11 07:12:31 ubuntu kernel: [    2.695630] bridge: filtering via arp/ip/ip6tables is no longer available by default. Update your scripts to load br_netfilter if you need this.
Jun 11 07:12:31 ubuntu kernel: [    2.695685] can: controller area network core (rev 20170425 abi 9)
Jun 11 07:12:31 ubuntu kernel: [    2.695720] NET: Registered protocol family 29
Jun 11 07:12:31 ubuntu kernel: [    2.695730] can: raw protocol (rev 20170425)
Jun 11 07:12:31 ubuntu kernel: [    2.695739] can: broadcast manager protocol (rev 20170425 t)
Jun 11 07:12:31 ubuntu kernel: [    2.695752] can: netlink gateway (rev 20170425) max_hops=1
Jun 11 07:12:31 ubuntu kernel: [    2.695821] Bluetooth: RFCOMM TTY layer initialized
Jun 11 07:12:31 ubuntu kernel: [    2.695835] Bluetooth: RFCOMM socket layer initialized
Jun 11 07:12:31 ubuntu kernel: [    2.695857] Bluetooth: RFCOMM ver 1.11
Jun 11 07:12:31 ubuntu kernel: [    2.695869] Bluetooth: BNEP (Ethernet Emulation) ver 1.3
Jun 11 07:12:31 ubuntu kernel: [    2.695878] Bluetooth: BNEP filters: protocol multicast
Jun 11 07:12:31 ubuntu kernel: [    2.695889] Bluetooth: BNEP socket layer initialized
Jun 11 07:12:31 ubuntu kernel: [    2.695898] Bluetooth: HIDP (Human Interface Emulation) ver 1.2
Jun 11 07:12:31 ubuntu kernel: [    2.695909] Bluetooth: HIDP socket layer initialized
Jun 11 07:12:31 ubuntu kernel: [    2.696022] 9pnet: Installing 9P2000 support
Jun 11 07:12:31 ubuntu kernel: [    2.696074] Key type dns_resolver registered
Jun 11 07:12:31 ubuntu kernel: [    2.696580] registered taskstats version 1
Jun 11 07:12:31 ubuntu kernel: [    2.696590] Loading compiled-in X.509 certificates
Jun 11 07:12:31 ubuntu kernel: [    2.696947] Btrfs loaded, crc32c=crc32c-generic
Jun 11 07:12:31 ubuntu kernel: [    2.703999] ff000000.serial: ttyPS0 at MMIO 0xff000000 (irq = 42, base_baud = 6249375) is a xuartps
Jun 11 07:12:31 ubuntu kernel: [    4.034454] console [ttyPS0] enabled
Jun 11 07:12:31 ubuntu kernel: [    4.039271] of-fpga-region fpga-full: FPGA Region probed
Jun 11 07:12:31 ubuntu kernel: [    4.045493] xilinx-dpdma fd4c0000.dma: Xilinx DPDMA engine is probed
Jun 11 07:12:31 ubuntu kernel: [    4.052107] xilinx-zynqmp-dma fd500000.dma: ZynqMP DMA driver Probe success
Jun 11 07:12:31 ubuntu kernel: [    4.059228] xilinx-zynqmp-dma fd510000.dma: ZynqMP DMA driver Probe success
Jun 11 07:12:31 ubuntu kernel: [    4.066345] xilinx-zynqmp-dma fd520000.dma: ZynqMP DMA driver Probe success
Jun 11 07:12:31 ubuntu kernel: [    4.073461] xilinx-zynqmp-dma fd530000.dma: ZynqMP DMA driver Probe success
Jun 11 07:12:31 ubuntu kernel: [    4.080582] xilinx-zynqmp-dma fd540000.dma: ZynqMP DMA driver Probe success
Jun 11 07:12:31 ubuntu kernel: [    4.087698] xilinx-zynqmp-dma fd550000.dma: ZynqMP DMA driver Probe success
Jun 11 07:12:31 ubuntu kernel: [    4.094816] xilinx-zynqmp-dma fd560000.dma: ZynqMP DMA driver Probe success
Jun 11 07:12:31 ubuntu kernel: [    4.101939] xilinx-zynqmp-dma fd570000.dma: ZynqMP DMA driver Probe success
Jun 11 07:12:31 ubuntu kernel: [    4.109122] xilinx-zynqmp-dma ffa80000.dma: ZynqMP DMA driver Probe success
Jun 11 07:12:31 ubuntu kernel: [    4.116244] xilinx-zynqmp-dma ffa90000.dma: ZynqMP DMA driver Probe success
Jun 11 07:12:31 ubuntu kernel: [    4.123358] xilinx-zynqmp-dma ffaa0000.dma: ZynqMP DMA driver Probe success
Jun 11 07:12:31 ubuntu kernel: [    4.130488] xilinx-zynqmp-dma ffab0000.dma: ZynqMP DMA driver Probe success
Jun 11 07:12:31 ubuntu kernel: [    4.137604] xilinx-zynqmp-dma ffac0000.dma: ZynqMP DMA driver Probe success
Jun 11 07:12:31 ubuntu kernel: [    4.144724] xilinx-zynqmp-dma ffad0000.dma: ZynqMP DMA driver Probe success
Jun 11 07:12:31 ubuntu kernel: [    4.151842] xilinx-zynqmp-dma ffae0000.dma: ZynqMP DMA driver Probe success
Jun 11 07:12:31 ubuntu kernel: [    4.158963] xilinx-zynqmp-dma ffaf0000.dma: ZynqMP DMA driver Probe success
Jun 11 07:12:31 ubuntu kernel: [    4.166072] xilinx-frmbuf a0040000.v_frmbuf_rd: Xilinx AXI frmbuf DMA_MEM_TO_DEV
Jun 11 07:12:31 ubuntu kernel: [    4.173536] xilinx-frmbuf a0040000.v_frmbuf_rd: Xilinx AXI FrameBuffer Engine Driver Probed!!
Jun 11 07:12:31 ubuntu kernel: [    4.182250] xlnx-mixer a0070000.v_mix: vtc bridge property not present
Jun 11 07:12:31 ubuntu kernel: [    4.188909] xlnx-mixer a0070000.v_mix: Xilinx Mixer driver probed success
Jun 11 07:12:31 ubuntu kernel: [    4.196047] xilinx-psgtr fd400000.zynqmp_phy: Lane:1 type:8 protocol:4 pll_locked:yes
Jun 11 07:12:31 ubuntu kernel: [    4.206076] xilinx-dp-snd-codec fd4a0000.zynqmp-display:zynqmp_dp_snd_codec0: Xilinx DisplayPort Sound Codec probed
Jun 11 07:12:31 ubuntu kernel: [    4.216794] xilinx-dp-snd-pcm zynqmp_dp_snd_pcm0: Xilinx DisplayPort Sound PCM probed
Jun 11 07:12:31 ubuntu kernel: [    4.224859] xilinx-dp-snd-pcm zynqmp_dp_snd_pcm1: Xilinx DisplayPort Sound PCM probed
Jun 11 07:12:31 ubuntu kernel: [    4.233282] xilinx-dp-snd-card fd4a0000.zynqmp-display:zynqmp_dp_snd_card: xilinx-dp-snd-codec-dai <-> xilinx-dp-snd-codec-dai mapping ok
Jun 11 07:12:31 ubuntu kernel: [    4.245744] xilinx-dp-snd-card fd4a0000.zynqmp-display:zynqmp_dp_snd_card: xilinx-dp-snd-codec-dai <-> xilinx-dp-snd-codec-dai mapping ok
Jun 11 07:12:31 ubuntu kernel: [    4.258516] xilinx-dp-snd-card fd4a0000.zynqmp-display:zynqmp_dp_snd_card: Xilinx DisplayPort Sound Card probed
Jun 11 07:12:31 ubuntu kernel: [    4.268719] OF: graph: no port node found in /amba/zynqmp-display@fd4a0000
Jun 11 07:12:31 ubuntu kernel: [    4.275746] [drm] Supports vblank timestamp caching Rev 2 (21.10.2013).
Jun 11 07:12:31 ubuntu kernel: [    4.282358] [drm] No driver support for vblank timestamp query.
Jun 11 07:12:31 ubuntu kernel: [    4.288344] xlnx-drm xlnx-drm.1: bound fd4a0000.zynqmp-display (ops 0xffffff8008d61bc0)
Jun 11 07:12:31 ubuntu kernel: [    5.376059] [drm] Cannot find any crtc or sizes
Jun 11 07:12:31 ubuntu kernel: [    5.380837] [drm] Initialized xlnx 1.0.0 20130509 for fd4a0000.zynqmp-display on minor 0
Jun 11 07:12:31 ubuntu kernel: [    5.388951] zynqmp-display fd4a0000.zynqmp-display: ZynqMP DisplayPort Subsystem driver probed
Jun 11 07:12:31 ubuntu kernel: [    5.397956] xilinx-psgtr fd400000.zynqmp_phy: Lane:3 type:3 protocol:2 pll_locked:yes
Jun 11 07:12:31 ubuntu kernel: [    5.405850] ahci-ceva fd0c0000.ahci: AHCI 0001.0301 32 slots 2 ports 6 Gbps 0x3 impl platform mode
Jun 11 07:12:31 ubuntu kernel: [    5.414819] ahci-ceva fd0c0000.ahci: flags: 64bit ncq sntf pm clo only pmp fbs pio slum part ccc sds apst 
Jun 11 07:12:31 ubuntu kernel: [    5.425297] scsi host0: ahci-ceva
Jun 11 07:12:31 ubuntu kernel: [    5.428889] scsi host1: ahci-ceva
Jun 11 07:12:31 ubuntu kernel: [    5.432358] ata1: SATA max UDMA/133 mmio [mem 0xfd0c0000-0xfd0c1fff] port 0x100 irq 40
Jun 11 07:12:31 ubuntu kernel: [    5.440279] ata2: SATA max UDMA/133 mmio [mem 0xfd0c0000-0xfd0c1fff] port 0x180 irq 40
Jun 11 07:12:31 ubuntu kernel: [    5.448852] m25p80 spi0.0: found n25q512a, expected m25p80
Jun 11 07:12:31 ubuntu kernel: [    5.454739] m25p80 spi0.0: n25q512a (131072 Kbytes)
Jun 11 07:12:31 ubuntu kernel: [    5.459635] 4 fixed-partitions partitions found on MTD device spi0.0
Jun 11 07:12:31 ubuntu kernel: [    5.465984] Creating 4 MTD partitions on "spi0.0":
Jun 11 07:12:31 ubuntu kernel: [    5.470777] 0x000000000000-0x000000100000 : "qspi-fsbl-uboot"
Jun 11 07:12:31 ubuntu kernel: [    5.477027] 0x000000100000-0x000000600000 : "qspi-linux"
Jun 11 07:12:31 ubuntu kernel: [    5.482758] 0x000000600000-0x000000620000 : "qspi-device-tree"
Jun 11 07:12:31 ubuntu kernel: [    5.488999] 0x000000620000-0x000000c00000 : "qspi-rootfs"
Jun 11 07:12:31 ubuntu kernel: [    5.496960] macb ff0e0000.ethernet: Not enabling partial store and forward
Jun 11 07:12:31 ubuntu kernel: [    5.504356] libphy: MACB_mii_bus: probed
Jun 11 07:12:31 ubuntu kernel: [    5.510438] TI DP83867 ff0e0000.ethernet-ffffffff:0c: attached PHY driver [TI DP83867] (mii_bus:phy_addr=ff0e0000.ethernet-ffffffff:0c, irq=POLL)
Jun 11 07:12:31 ubuntu kernel: [    5.523493] macb ff0e0000.ethernet eth0: Cadence GEM rev 0x50070106 at 0xff0e0000 irq 30 (00:0a:35:00:22:01)
Jun 11 07:12:31 ubuntu kernel: [    5.533664] xilinx-axipmon ffa00000.perf-monitor: Probed Xilinx APM
Jun 11 07:12:31 ubuntu kernel: [    5.540230] xilinx-axipmon fd0b0000.perf-monitor: Probed Xilinx APM
Jun 11 07:12:31 ubuntu kernel: [    5.546737] xilinx-axipmon fd490000.perf-monitor: Probed Xilinx APM
Jun 11 07:12:31 ubuntu kernel: [    5.553252] xilinx-axipmon ffa10000.perf-monitor: Probed Xilinx APM
Jun 11 07:12:31 ubuntu kernel: [    5.561108] dwc3 fe200000.dwc3: Failed to get clk 'ref': -2
Jun 11 07:12:31 ubuntu kernel: [    5.566965] xilinx-psgtr fd400000.zynqmp_phy: Lane:2 type:0 protocol:3 pll_locked:yes
Jun 11 07:12:31 ubuntu kernel: [    5.575043] xhci-hcd xhci-hcd.0.auto: xHCI Host Controller
Jun 11 07:12:31 ubuntu kernel: [    5.580541] xhci-hcd xhci-hcd.0.auto: new USB bus registered, assigned bus number 1
Jun 11 07:12:31 ubuntu kernel: [    5.588552] xhci-hcd xhci-hcd.0.auto: hcc params 0x0238f625 hci version 0x100 quirks 0x0000000202010810
Jun 11 07:12:31 ubuntu kernel: [    5.597970] xhci-hcd xhci-hcd.0.auto: irq 54, io mem 0xfe200000
Jun 11 07:12:31 ubuntu kernel: [    5.604129] usb usb1: New USB device found, idVendor=1d6b, idProduct=0002, bcdDevice= 4.19
Jun 11 07:12:31 ubuntu kernel: [    5.612393] usb usb1: New USB device strings: Mfr=3, Product=2, SerialNumber=1
Jun 11 07:12:31 ubuntu kernel: [    5.619611] usb usb1: Product: xHCI Host Controller
Jun 11 07:12:31 ubuntu kernel: [    5.624487] usb usb1: Manufacturer: Linux 4.19.0-xilinx-v2019.1 xhci-hcd
Jun 11 07:12:31 ubuntu kernel: [    5.631189] usb usb1: SerialNumber: xhci-hcd.0.auto
Jun 11 07:12:31 ubuntu kernel: [    5.636370] hub 1-0:1.0: USB hub found
Jun 11 07:12:31 ubuntu kernel: [    5.640154] hub 1-0:1.0: 1 port detected
Jun 11 07:12:31 ubuntu kernel: [    5.644279] xhci-hcd xhci-hcd.0.auto: xHCI Host Controller
Jun 11 07:12:31 ubuntu kernel: [    5.649776] xhci-hcd xhci-hcd.0.auto: new USB bus registered, assigned bus number 2
Jun 11 07:12:31 ubuntu kernel: [    5.657446] xhci-hcd xhci-hcd.0.auto: Host supports USB 3.0  SuperSpeed
Jun 11 07:12:31 ubuntu kernel: [    5.664197] usb usb2: New USB device found, idVendor=1d6b, idProduct=0003, bcdDevice= 4.19
Jun 11 07:12:31 ubuntu kernel: [    5.672466] usb usb2: New USB device strings: Mfr=3, Product=2, SerialNumber=1
Jun 11 07:12:31 ubuntu kernel: [    5.679693] usb usb2: Product: xHCI Host Controller
Jun 11 07:12:31 ubuntu kernel: [    5.684568] usb usb2: Manufacturer: Linux 4.19.0-xilinx-v2019.1 xhci-hcd
Jun 11 07:12:31 ubuntu kernel: [    5.691270] usb usb2: SerialNumber: xhci-hcd.0.auto
Jun 11 07:12:31 ubuntu kernel: [    5.696403] hub 2-0:1.0: USB hub found
Jun 11 07:12:31 ubuntu kernel: [    5.700173] hub 2-0:1.0: 1 port detected
Jun 11 07:12:31 ubuntu kernel: [    5.705326] pca953x 1-0020: 1-0020 supply vcc not found, using dummy regulator
Jun 11 07:12:31 ubuntu kernel: [    5.712589] pca953x 1-0020: Linked as a consumer to regulator.0
Jun 11 07:12:31 ubuntu kernel: [    5.719330] pca953x 1-0021: 1-0021 supply vcc not found, using dummy regulator
Jun 11 07:12:31 ubuntu kernel: [    5.726585] pca953x 1-0021: Linked as a consumer to regulator.0
Jun 11 07:12:31 ubuntu kernel: [    5.733942] ina2xx 4-0040: power monitor ina226 (Rshunt = 5000 uOhm)
Jun 11 07:12:31 ubuntu kernel: [    5.740740] ina2xx 4-0041: power monitor ina226 (Rshunt = 5000 uOhm)
Jun 11 07:12:31 ubuntu kernel: [    5.747547] ina2xx 4-0042: power monitor ina226 (Rshunt = 5000 uOhm)
Jun 11 07:12:31 ubuntu kernel: [    5.754354] ina2xx 4-0043: power monitor ina226 (Rshunt = 5000 uOhm)
Jun 11 07:12:31 ubuntu kernel: [    5.761160] ina2xx 4-0044: power monitor ina226 (Rshunt = 5000 uOhm)
Jun 11 07:12:31 ubuntu kernel: [    5.762270] ata2: SATA link down (SStatus 0 SControl 330)
Jun 11 07:12:31 ubuntu kernel: [    5.767967] ina2xx 4-0045: power monitor ina226 (Rshunt = 5000 uOhm)
Jun 11 07:12:31 ubuntu kernel: [    5.772951] ata1: SATA link down (SStatus 0 SControl 330)
Jun 11 07:12:31 ubuntu kernel: [    5.779724] ina2xx 4-0046: power monitor ina226 (Rshunt = 5000 uOhm)
Jun 11 07:12:31 ubuntu kernel: [    5.791469] ina2xx 4-0047: power monitor ina226 (Rshunt = 5000 uOhm)
Jun 11 07:12:31 ubuntu kernel: [    5.798272] ina2xx 4-004a: power monitor ina226 (Rshunt = 5000 uOhm)
Jun 11 07:12:31 ubuntu kernel: [    5.805074] ina2xx 4-004b: power monitor ina226 (Rshunt = 5000 uOhm)
Jun 11 07:12:31 ubuntu kernel: [    5.811467] i2c i2c-1: Added multiplexed i2c bus 4
Jun 11 07:12:31 ubuntu kernel: [    5.816917] ina2xx 5-0040: power monitor ina226 (Rshunt = 2000 uOhm)
Jun 11 07:12:31 ubuntu kernel: [    5.823725] ina2xx 5-0041: power monitor ina226 (Rshunt = 5000 uOhm)
Jun 11 07:12:31 ubuntu kernel: [    5.830528] ina2xx 5-0042: power monitor ina226 (Rshunt = 5000 uOhm)
Jun 11 07:12:31 ubuntu kernel: [    5.837339] ina2xx 5-0043: power monitor ina226 (Rshunt = 5000 uOhm)
Jun 11 07:12:31 ubuntu kernel: [    5.844137] ina2xx 5-0044: power monitor ina226 (Rshunt = 5000 uOhm)
Jun 11 07:12:31 ubuntu kernel: [    5.850947] ina2xx 5-0045: power monitor ina226 (Rshunt = 5000 uOhm)
Jun 11 07:12:31 ubuntu kernel: [    5.857753] ina2xx 5-0046: power monitor ina226 (Rshunt = 5000 uOhm)
Jun 11 07:12:31 ubuntu kernel: [    5.864559] ina2xx 5-0047: power monitor ina226 (Rshunt = 5000 uOhm)
Jun 11 07:12:31 ubuntu kernel: [    5.870947] i2c i2c-1: Added multiplexed i2c bus 5
Jun 11 07:12:31 ubuntu kernel: [    5.876997] i2c i2c-1: Added multiplexed i2c bus 6
Jun 11 07:12:31 ubuntu kernel: [    5.881939] i2c i2c-1: Added multiplexed i2c bus 7
Jun 11 07:12:31 ubuntu kernel: [    5.886734] pca954x 1-0075: registered 4 multiplexed busses for I2C mux pca9544
Jun 11 07:12:31 ubuntu kernel: [    5.894068] cdns-i2c ff020000.i2c: 400 kHz mmio ff020000 irq 32
Jun 11 07:12:31 ubuntu kernel: [    5.901871] at24 8-0054: 1024 byte 24c08 EEPROM, writable, 1 bytes/write
Jun 11 07:12:31 ubuntu kernel: [    5.908604] i2c i2c-2: Added multiplexed i2c bus 8
Jun 11 07:12:31 ubuntu kernel: [    5.913619] i2c i2c-2: Added multiplexed i2c bus 9
Jun 11 07:12:31 ubuntu kernel: [    5.920586] si570 10-005d: registered, current frequency 300000000 Hz
Jun 11 07:12:31 ubuntu kernel: [    5.927059] i2c i2c-2: Added multiplexed i2c bus 10
Jun 11 07:12:31 ubuntu kernel: [    5.944051] si570 11-005d: registered, current frequency 148500000 Hz
Jun 11 07:12:31 ubuntu kernel: [    5.950521] i2c i2c-2: Added multiplexed i2c bus 11
Jun 11 07:12:31 ubuntu kernel: [    5.955613] si5324 12-0069: si5328 probed
Jun 11 07:12:31 ubuntu kernel: [    6.018134] random: fast init done
Jun 11 07:12:31 ubuntu kernel: [    6.023935] si5324 12-0069: si5328 probe successful
Jun 11 07:12:31 ubuntu kernel: [    6.028844] i2c i2c-2: Added multiplexed i2c bus 12
Jun 11 07:12:31 ubuntu kernel: [    6.033954] i2c i2c-2: Added multiplexed i2c bus 13
Jun 11 07:12:31 ubuntu kernel: [    6.038968] i2c i2c-2: Added multiplexed i2c bus 14
Jun 11 07:12:31 ubuntu kernel: [    6.043979] i2c i2c-2: Added multiplexed i2c bus 15
Jun 11 07:12:31 ubuntu kernel: [    6.048857] pca954x 2-0074: registered 8 multiplexed busses for I2C switch pca9548
Jun 11 07:12:31 ubuntu kernel: [    6.056779] i2c i2c-2: Added multiplexed i2c bus 16
Jun 11 07:12:31 ubuntu kernel: [    6.061798] i2c i2c-2: Added multiplexed i2c bus 17
Jun 11 07:12:31 ubuntu kernel: [    6.066816] i2c i2c-2: Added multiplexed i2c bus 18
Jun 11 07:12:31 ubuntu kernel: [    6.072240] i2c i2c-2: Added multiplexed i2c bus 19
Jun 11 07:12:31 ubuntu kernel: [    6.077256] i2c i2c-2: Added multiplexed i2c bus 20
Jun 11 07:12:31 ubuntu kernel: [    6.082287] i2c i2c-2: Added multiplexed i2c bus 21
Jun 11 07:12:31 ubuntu kernel: [    6.087301] i2c i2c-2: Added multiplexed i2c bus 22
Jun 11 07:12:31 ubuntu kernel: [    6.092331] i2c i2c-2: Added multiplexed i2c bus 23
Jun 11 07:12:31 ubuntu kernel: [    6.097210] pca954x 2-0075: registered 8 multiplexed busses for I2C switch pca9548
Jun 11 07:12:31 ubuntu kernel: [    6.104804] cdns-i2c ff030000.i2c: 400 kHz mmio ff030000 irq 33
Jun 11 07:12:31 ubuntu kernel: [    6.111181] cdns-wdt fd4d0000.watchdog: Xilinx Watchdog Timer at (____ptrval____) with timeout 60s
Jun 11 07:12:31 ubuntu kernel: [    6.120459] cdns-wdt ff150000.watchdog: Xilinx Watchdog Timer at (____ptrval____) with timeout 10s
Jun 11 07:12:31 ubuntu kernel: [    6.129743] cpufreq: cpufreq_online: CPU0: Running at unlisted freq: 1199880 KHz
Jun 11 07:12:31 ubuntu kernel: [    6.137195] cpufreq: cpufreq_online: CPU0: Unlisted initial frequency changed to: 1199999 KHz
Jun 11 07:12:31 ubuntu kernel: [    6.176052] mmc0: SDHCI controller on ff170000.mmc [ff170000.mmc] using ADMA 64-bit
Jun 11 07:12:31 ubuntu kernel: [    6.192248] input: gpio-keys as /devices/platform/gpio-keys/input/input0
Jun 11 07:12:31 ubuntu kernel: [    6.199301] rtc_zynqmp ffa60000.rtc: setting system clock to 2019-06-11 07:11:21 UTC (1560237081)
Jun 11 07:12:31 ubuntu kernel: [    6.208191] of_cfs_init
Jun 11 07:12:31 ubuntu kernel: [    6.210643] of_cfs_init: OK
Jun 11 07:12:31 ubuntu kernel: [    6.213620] cfg80211: Loading compiled-in X.509 certificates for regulatory database
Jun 11 07:12:31 ubuntu kernel: [    6.254910] mmc0: new high speed SDHC card at address 0007
Jun 11 07:12:31 ubuntu kernel: [    6.260921] mmcblk0: mmc0:0007 SD08G 7.42 GiB 
Jun 11 07:12:31 ubuntu kernel: [    6.267873]  mmcblk0: p1 p2
Jun 11 07:12:31 ubuntu kernel: [    6.352655] cfg80211: Loaded X.509 cert 'sforshee: 00b28ddf47aef9cea7'
Jun 11 07:12:31 ubuntu kernel: [    6.359194] clk: Not disabling unused clocks
Jun 11 07:12:31 ubuntu kernel: [    6.363467] ALSA device list:
Jun 11 07:12:31 ubuntu kernel: [    6.366430]   #0: DisplayPort monitor
Jun 11 07:12:31 ubuntu kernel: [    6.370354] platform regulatory.0: Direct firmware load for regulatory.db failed with error -2
Jun 11 07:12:31 ubuntu kernel: [    6.378970] cfg80211: failed to load regulatory.db
Jun 11 07:12:31 ubuntu kernel: [    6.386054] EXT4-fs (mmcblk0p2): mounting ext3 file system using the ext4 subsystem
Jun 11 07:12:31 ubuntu kernel: [    6.392104] usb 2-1: new SuperSpeed Gen 1 USB device number 2 using xhci-hcd
Jun 11 07:12:31 ubuntu kernel: [    6.412580] EXT4-fs (mmcblk0p2): warning: maximal mount count reached, running e2fsck is recommended
Jun 11 07:12:31 ubuntu kernel: [    6.420803] usb 2-1: New USB device found, idVendor=0781, idProduct=558a, bcdDevice= 1.00
Jun 11 07:12:31 ubuntu kernel: [    6.429890] usb 2-1: New USB device strings: Mfr=1, Product=2, SerialNumber=3
Jun 11 07:12:31 ubuntu kernel: [    6.437024] usb 2-1: Product: Ultra
Jun 11 07:12:31 ubuntu kernel: [    6.440510] usb 2-1: Manufacturer: SanDisk
Jun 11 07:12:31 ubuntu kernel: [    6.444607] usb 2-1: SerialNumber: 4C531001400123106044
Jun 11 07:12:31 ubuntu kernel: [    6.451043] usb-storage 2-1:1.0: USB Mass Storage device detected
Jun 11 07:12:31 ubuntu kernel: [    6.457397] scsi host2: usb-storage 2-1:1.0
Jun 11 07:12:31 ubuntu kernel: [    6.512059] [drm] Cannot find any crtc or sizes
Jun 11 07:12:31 ubuntu kernel: [    7.106623] EXT4-fs (mmcblk0p2): mounted filesystem with ordered data mode. Opts: (null)
Jun 11 07:12:31 ubuntu kernel: [    7.114740] VFS: Mounted root (ext3 filesystem) on device 179:2.
Jun 11 07:12:31 ubuntu kernel: [    7.130518] devtmpfs: mounted
Jun 11 07:12:31 ubuntu kernel: [    7.136139] Freeing unused kernel memory: 1408K
Jun 11 07:12:31 ubuntu kernel: [    7.140722] Run /sbin/init as init process
Jun 11 07:12:31 ubuntu kernel: [    7.468823] scsi 2:0:0:0: Direct-Access     SanDisk  Ultra            1.00 PQ: 0 ANSI: 6
Jun 11 07:12:31 ubuntu kernel: [    7.477515] sd 2:0:0:0: [sda] 120127488 512-byte logical blocks: (61.5 GB/57.3 GiB)
Jun 11 07:12:31 ubuntu kernel: [    7.485960] sd 2:0:0:0: [sda] Write Protect is off
Jun 11 07:12:31 ubuntu kernel: [    7.490757] sd 2:0:0:0: [sda] Mode Sense: 43 00 00 00
Jun 11 07:12:31 ubuntu kernel: [    7.496088] sd 2:0:0:0: [sda] Write cache: disabled, read cache: enabled, doesn't support DPO or FUA
Jun 11 07:12:31 ubuntu kernel: [    7.515362]  sda: sda1
Jun 11 07:12:31 ubuntu kernel: [    7.519724] sd 2:0:0:0: [sda] Attached SCSI removable disk
Jun 11 07:12:31 ubuntu kernel: [    7.653818] random: systemd: uninitialized urandom read (16 bytes read)
Jun 11 07:12:31 ubuntu kernel: [    7.771508] random: systemd: uninitialized urandom read (16 bytes read)
Jun 11 07:12:31 ubuntu kernel: [    7.779280] random: systemd: uninitialized urandom read (16 bytes read)
Jun 11 07:12:31 ubuntu kernel: [    8.489435] systemd-sysv-ge: 231 output lines suppressed due to ratelimiting
Jun 11 07:12:31 ubuntu kernel: [    9.493017] random: crng init done
Jun 11 07:12:31 ubuntu kernel: [    9.500003] random: 7 urandom warning(s) missed due to ratelimiting
Jun 11 07:12:31 ubuntu kernel: [   13.084574] pps pps0: new PPS source ptp0
Jun 11 07:12:31 ubuntu kernel: [   13.084587] macb ff0e0000.ethernet: gem-ptp-timer ptp clock registered.
Jun 11 07:12:31 ubuntu kernel: [   13.084698] IPv6: ADDRCONF(NETDEV_UP): eth0: link is not ready
Jun 11 07:12:31 ubuntu kernel: [   14.092449] macb ff0e0000.ethernet eth0: link up (1000/Full)
Jun 11 07:12:31 ubuntu kernel: [   14.092470] IPv6: ADDRCONF(NETDEV_CHANGE): eth0: link becomes ready
Jun 11 07:12:31 ubuntu kernel: [   74.353095] new mount options do not match the existing superblock, will be ignored
Jun 11 07:12:31 ubuntu kernel: [   75.449440] VCU PLL: enable
Jun 11 07:12:31 ubuntu kernel: [   75.450433] xilinx-vcu xilinx-vcu: xvcu_probe: Probed successfully
Jun 11 07:12:31 ubuntu kernel: [   75.560853] new mount options do not match the existing superblock, will be ignored
Jun 11 07:12:31 ubuntu kernel: [   75.627234] mali: loading out-of-tree module taints kernel.
Jun 11 07:12:31 ubuntu kernel: [   75.699781] dp159 0-005e: probed
Jun 11 07:12:31 ubuntu kernel: [   75.701314] dp159 0-005e: probe successful
Jun 11 07:12:31 ubuntu kernel: [   75.881030] new mount options do not match the existing superblock, will be ignored
Jun 11 07:12:31 ubuntu kernel: [   76.026133] al5e a0100000.al5e: l2 prefetch size:10526720 (bits), l2 color bitdepth:8
Jun 11 07:12:31 ubuntu kernel: [   76.154724] al5d a0120000.al5d: l2 prefetch size:10526720 (bits), l2 color bitdepth:8
Jun 11 07:12:31 ubuntu kernel: [   76.165309] new mount options do not match the existing superblock, will be ignored
Jun 11 07:12:31 ubuntu kernel: [   76.259209] xilinx-vphy a0060000.vid_phy_controller: probed
Jun 11 07:12:31 ubuntu kernel: [   76.272133] VPhy version : 02.02 (0000)
Jun 11 07:12:31 ubuntu kernel: [   76.272249] xilinx-vphy a0060000.vid_phy_controller: probe successful
Jun 11 07:12:31 ubuntu kernel: [   76.336342] xlnx-drm-hdmi a0020000.v_hdmi_tx_ss: probed
Jun 11 07:12:31 ubuntu kernel: [   76.337161] xlnx-drm-hdmi a0020000.v_hdmi_tx_ss: hdmi tx audio disabled in DT
Jun 11 07:12:31 ubuntu kernel: [   76.337186] xvphy_phy_init(000000003ca60cda).
Jun 11 07:12:31 ubuntu kernel: [   76.337198] xvphy_phy_init(00000000b4e1be87).
Jun 11 07:12:31 ubuntu kernel: [   76.337210] xvphy_phy_init(00000000fbb83ea2).
Jun 11 07:12:31 ubuntu kernel: [   76.337417] xlnx-drm-hdmi a0020000.v_hdmi_tx_ss: probe successful
Jun 11 07:12:31 ubuntu kernel: [   76.337759] [drm] Supports vblank timestamp caching Rev 2 (21.10.2013).
Jun 11 07:12:31 ubuntu kernel: [   76.337761] [drm] No driver support for vblank timestamp query.
Jun 11 07:12:31 ubuntu kernel: [   76.337925] xlnx-drm xlnx-drm.0: bound a0070000.v_mix (ops 0xffffff8008d5dda8)
Jun 11 07:12:31 ubuntu kernel: [   76.337965] xlnx-drm xlnx-drm.0: bound a0020000.v_hdmi_tx_ss (ops xlnx_drm_hdmi_component_ops [xilinx_hdmi_tx])
Jun 11 07:12:31 ubuntu kernel: [   76.431967] Warning: Unknown drm_fourcc format code: 875713089
Jun 11 07:12:31 ubuntu kernel: [   76.437809] new mount options do not match the existing superblock, will be ignored
Jun 11 07:12:32 ubuntu kernel: [   76.783150] Console: switching to colour frame buffer device 480x135
Jun 11 07:12:32 ubuntu kernel: [   76.899096] xlnx-mixer a0070000.v_mix: fb0:  frame buffer device
Jun 11 07:12:32 ubuntu kernel: [   76.912375] [drm] Initialized xlnx 1.0.0 20130509 for a0070000.v_mix on minor 1
Jun 11 07:14:29 ubuntu kernel: [  194.612054] FAT-fs (sda1): Volume was not properly unmounted. Some data may be corrupt. Please run fsck.
Jun 11 08:51:16 ubuntu kernel: [ 6001.280756] usb 2-1: USB disconnect, device number 2
Jun 11 08:55:22 ubuntu kernel: [ 6247.140171] usb 1-1: new high-speed USB device number 2 using xhci-hcd
Jun 11 08:55:22 ubuntu kernel: [ 6247.289660] usb 1-1: New USB device found, idVendor=046d, idProduct=085c, bcdDevice= 0.16
Jun 11 08:55:22 ubuntu kernel: [ 6247.289666] usb 1-1: New USB device strings: Mfr=0, Product=2, SerialNumber=1
Jun 11 08:55:22 ubuntu kernel: [ 6247.289670] usb 1-1: Product: C922 Pro Stream Webcam
Jun 11 08:55:22 ubuntu kernel: [ 6247.289674] usb 1-1: SerialNumber: B66791DF
Jun 11 08:55:22 ubuntu kernel: [ 6247.312189] uvcvideo: Found UVC 1.00 device C922 Pro Stream Webcam (046d:085c)
Jun 11 08:55:22 ubuntu kernel: [ 6247.313669] uvcvideo 1-1:1.0: Entity type for entity Processing 3 was not initialized!
Jun 11 08:55:22 ubuntu kernel: [ 6247.313676] uvcvideo 1-1:1.0: Entity type for entity Extension 6 was not initialized!
Jun 11 08:55:22 ubuntu kernel: [ 6247.313680] uvcvideo 1-1:1.0: Entity type for entity Extension 12 was not initialized!
Jun 11 08:55:22 ubuntu kernel: [ 6247.313685] uvcvideo 1-1:1.0: Entity type for entity Camera 1 was not initialized!
Jun 11 08:55:22 ubuntu kernel: [ 6247.313689] uvcvideo 1-1:1.0: Entity type for entity Extension 8 was not initialized!
Jun 11 08:55:22 ubuntu kernel: [ 6247.313693] uvcvideo 1-1:1.0: Entity type for entity Extension 9 was not initialized!
Jun 11 08:55:22 ubuntu kernel: [ 6247.313697] uvcvideo 1-1:1.0: Entity type for entity Extension 10 was not initialized!
Jun 11 08:55:22 ubuntu kernel: [ 6247.313702] uvcvideo 1-1:1.0: Entity type for entity Extension 11 was not initialized!
Jun 11 08:55:22 ubuntu kernel: [ 6247.313936] input: C922 Pro Stream Webcam as /devices/platform/amba/ff9d0000.usb0/fe200000.dwc3/xhci-hcd.0.auto/usb1/1-1/1-1:1.0/input/input1
Jun 11 08:56:05 ubuntu kernel: [ 6289.844195] usb 1-1: reset high-speed USB device number 2 using xhci-hcd
Jun 18 05:44:57 ubuntu kernel: [    0.000000] Booting Linux on physical CPU 0x0000000000 [0x410fd034]
Jun 18 05:44:57 ubuntu kernel: [    0.000000] Linux version 4.19.0-xilinx-v2019.1 (oe-user@oe-host) (gcc version 8.2.0 (GCC)) #1 SMP Mon Jun 10 07:54:03 UTC 2019
Jun 18 05:44:57 ubuntu kernel: [    0.000000] Machine model: ZynqMP ZCU106 RevA
Jun 18 05:44:57 ubuntu kernel: [    0.000000] earlycon: cdns0 at MMIO 0x00000000ff000000 (options '115200n8')
Jun 18 05:44:57 ubuntu kernel: [    0.000000] bootconsole [cdns0] enabled
Jun 18 05:44:57 ubuntu kernel: [    0.000000] efi: Getting EFI parameters from FDT:
Jun 18 05:44:57 ubuntu kernel: [    0.000000] efi: UEFI not found.
Jun 18 05:44:57 ubuntu kernel: [    0.000000] cma: Reserved 1700 MiB at 0x0000000013800000
Jun 18 05:44:57 ubuntu kernel: [    0.000000] On node 0 totalpages: 1048320
Jun 18 05:44:57 ubuntu kernel: [    0.000000]   DMA32 zone: 7165 pages used for memmap
Jun 18 05:44:57 ubuntu kernel: [    0.000000]   DMA32 zone: 0 pages reserved
Jun 18 05:44:57 ubuntu kernel: [    0.000000]   DMA32 zone: 524032 pages, LIFO batch:63
Jun 18 05:44:57 ubuntu kernel: [    0.000000]   Normal zone: 7168 pages used for memmap
Jun 18 05:44:57 ubuntu kernel: [    0.000000]   Normal zone: 524288 pages, LIFO batch:63
Jun 18 05:44:57 ubuntu kernel: [    0.000000] psci: probing for conduit method from DT.
Jun 18 05:44:57 ubuntu kernel: [    0.000000] psci: PSCIv1.1 detected in firmware.
Jun 18 05:44:57 ubuntu kernel: [    0.000000] psci: Using standard PSCI v0.2 function IDs
Jun 18 05:44:57 ubuntu kernel: [    0.000000] psci: MIGRATE_INFO_TYPE not supported.
Jun 18 05:44:57 ubuntu kernel: [    0.000000] psci: SMC Calling Convention v1.1
Jun 18 05:44:57 ubuntu kernel: [    0.000000] random: get_random_bytes called from start_kernel+0x9c/0x3e8 with crng_init=0
