Aug  6 17:52:21 arm systemd[1]: Mounted Huge Pages File System.
Aug  6 17:52:21 arm systemd[1]: Mounted POSIX Message Queue File System.
Aug  6 17:52:21 arm systemd[1]: Mounted Kernel Debug File System.
Aug  6 17:52:21 arm systemd[1]: Finished Load Kernel Modules.
Aug  6 17:52:21 arm systemd[1]: Finished Remount Root and Kernel File Systems.
Aug  6 17:52:21 arm systemd[1]: Condition check resulted in FUSE Control File System being skipped.
Aug  6 17:52:21 arm systemd[1]: Mounting Kernel Configuration File System...
Aug  6 17:52:21 arm systemd[1]: Condition check resulted in Rebuild Hardware Database being skipped.
Aug  6 17:52:21 arm systemd[1]: Starting Flush Journal to Persistent Storage...
Aug  6 17:52:21 arm systemd[1]: Condition check resulted in Platform Persistent Storage Archival being skipped.
Aug  6 17:52:21 arm systemd[1]: Starting Load/Save Random Seed...
Aug  6 17:52:21 arm systemd[1]: Starting Apply Kernel Variables...
Aug  6 17:52:21 arm systemd[1]: Starting Create System Users...
Aug  6 17:52:21 arm systemd-random-seed[2222]: Kernel entropy pool is not initialized yet, waiting until it is.
Aug  6 17:52:21 arm systemd[1]: Finished Set the console keyboard layout.
Aug  6 17:52:21 arm systemd[1]: Mounted Kernel Configuration File System.
Aug  6 17:52:21 arm systemd-sysctl[2223]: Couldn't write '1' to 'kernel/yama/ptrace_scope', ignoring: No such file or directory
Aug  6 17:52:21 arm systemd-sysctl[2223]: Not setting net/ipv4/conf/all/promote_secondaries (explicit setting exists).
Aug  6 17:52:21 arm systemd-sysctl[2223]: Not setting net/ipv4/conf/default/promote_secondaries (explicit setting exists).
Aug  6 17:52:21 arm systemd-sysctl[2223]: Couldn't write 'fq_codel' to 'net/core/default_qdisc', ignoring: No such file or directory
Aug  6 17:52:21 arm systemd[1]: Finished Apply Kernel Variables.
Aug  6 17:52:21 arm systemd-sysusers[2225]: Creating group systemd-coredump with gid 986.
Aug  6 17:52:21 arm systemd[1]: Finished Flush Journal to Persistent Storage.
Aug  6 17:52:21 arm systemd-sysusers[2225]: Creating user systemd-coredump (systemd Core Dumper) with uid 986 and gid 986.
Aug  6 17:52:21 arm systemd[1]: Finished udev Coldplug all Devices.
Aug  6 17:52:21 arm systemd[1]: Finished Create System Users.
Aug  6 17:52:21 arm systemd[1]: Starting Helper to synchronize boot up for ifupdown...
Aug  6 17:52:21 arm systemd[1]: Starting Create Static Device Nodes in /dev...
Aug  6 17:52:21 arm systemd[1]: Finished Helper to synchronize boot up for ifupdown.
Aug  6 17:52:21 arm systemd[1]: Finished Create Static Device Nodes in /dev.
Aug  6 17:52:21 arm systemd[1]: Reached target Local File Systems (Pre).
Aug  6 17:52:21 arm systemd[1]: Reached target Local File Systems.
Aug  6 17:52:21 arm systemd[1]: Starting Set console font and keymap...
Aug  6 17:52:21 arm systemd[1]: Starting Raise network interfaces...
Aug  6 17:52:21 arm systemd[1]: Condition check resulted in Commit a transient machine-id on disk being skipped.
Aug  6 17:52:21 arm systemd[1]: Starting Create Volatile Files and Directories...
Aug  6 17:52:21 arm systemd[1]: Starting udev Kernel Device Manager...
Aug  6 17:52:21 arm systemd[3092]: systemd-udevd.service: ProtectHostname=yes is configured, but the kernel does not support UTS namespaces, ignoring namespace setup.
Aug  6 17:52:21 arm systemd[1]: Finished Set console font and keymap.
Aug  6 17:52:21 arm systemd[1]: Finished Create Volatile Files and Directories.
Aug  6 17:52:21 arm systemd[1]: Starting Network Time Synchronization...
Aug  6 17:52:21 arm systemd[1]: Starting Update UTMP about System Boot/Shutdown...
Aug  6 17:52:21 arm systemd[1]: Finished Update UTMP about System Boot/Shutdown.
Aug  6 17:52:21 arm systemd[1]: Finished Raise network interfaces.
Aug  6 17:52:21 arm systemd[1]: Started udev Kernel Device Manager.
Aug  6 17:52:21 arm systemd[3098]: systemd-timesyncd.service: ProtectHostname=yes is configured, but the kernel does not support UTS namespaces, ignoring namespace setup.
Aug  6 17:52:21 arm systemd[1]: Started Network Time Synchronization.
Aug  6 17:52:21 arm systemd[1]: Reached target System Initialization.
Aug  6 17:52:21 arm systemd[1]: Started Daily Cleanup of Temporary Directories.
Aug  6 17:52:21 arm systemd[1]: Reached target System Time Set.
Aug  6 17:52:21 arm systemd[1]: Reached target System Time Synchronized.
Aug  6 17:52:21 arm systemd[1]: Started Periodic ext4 Online Metadata Check for All Filesystems.
Aug  6 17:52:21 arm systemd[1]: Started Discard unused blocks once a week.
Aug  6 17:52:21 arm systemd[1]: Started Daily rotation of log files.
Aug  6 17:52:21 arm systemd[1]: Started Message of the Day.
Aug  6 17:52:21 arm systemd[1]: Reached target Timers.
Aug  6 17:52:21 arm systemd[1]: Listening on Avahi mDNS/DNS-SD Stack Activation Socket.
Aug  6 17:52:21 arm systemd[1]: Listening on D-Bus System Message Bus Socket.
Aug  6 17:52:21 arm systemd[1]: Reached target Sockets.
Aug  6 17:52:21 arm systemd[1]: Reached target Basic System.
Aug  6 17:52:21 arm systemd[1]: Starting Avahi mDNS/DNS-SD Stack...
Aug  6 17:52:21 arm systemd[1]: Started Regular background program processing daemon.
Aug  6 17:52:21 arm cron[3560]: (CRON) INFO (pidfile fd = 3)
Aug  6 17:52:21 arm systemd[1]: Started D-Bus System Message Bus.
Aug  6 17:52:21 arm cron[3560]: (CRON) INFO (Running @reboot jobs)
Aug  6 17:52:21 arm avahi-daemon[3542]: Found user 'avahi' (UID 108) and group 'avahi' (GID 114).
Aug  6 17:52:21 arm systemd[1]: Starting Connection service...
Aug  6 17:52:21 arm systemd[1]: Started Save initial kernel messages after boot.
Aug  6 17:52:21 arm systemd[1]: Starting DUN service...
Aug  6 17:52:21 arm systemd[1]: Starting Remove Stale Online ext4 Metadata Check Snapshots...
Aug  6 17:52:21 arm systemd[3675]: e2scrub_reap.service: PrivateNetwork=yes is configured, but the kernel does not support network namespaces, ignoring.
Aug  6 17:52:21 arm systemd[1]: Condition check resulted in getty on tty2-tty6 if dbus and logind are not available being skipped.
Aug  6 17:52:21 arm dundee[3659]: oFono version 1.31
Aug  6 17:52:21 arm systemd[1]: Starting LSB: Load kernel modules needed to enable cpufreq scaling...
Aug  6 17:52:21 arm systemd[1]: Starting Dispatcher daemon for systemd-networkd...
Aug  6 17:52:21 arm systemd[1]: Starting Telephony service...
Aug  6 17:52:21 arm systemd[1]: Started Set the CPU Frequency Scaling governor.
Aug  6 17:52:21 arm systemd[1]: Starting System Logging Service...
Aug  6 17:52:21 arm systemd[1]: Starting Login Service...
Aug  6 17:52:21 arm systemd[1]: Starting LSB: Start busybox udhcpd at boot time...
Aug  6 17:52:21 arm systemd[1]: Starting WPA supplicant...
Aug  6 17:52:21 arm avahi-daemon[3542]: Successfully dropped root privileges.
Aug  6 17:52:21 arm avahi-daemon[3542]: avahi-daemon 0.7 starting up.
Aug  6 17:52:21 arm avahi-daemon[3542]: WARNING: No NSS support for mDNS detected, consider installing nss-mdns!
Aug  6 17:52:21 arm ofonod[3723]: oFono version 1.31
Aug  6 17:52:21 arm systemd[3764]: systemd-logind.service: ProtectHostname=yes is configured, but the kernel does not support UTS namespaces, ignoring namespace setup.
Aug  6 17:52:21 arm loadcpufreq[3690]:  * Loading cpufreq kernel modules...
Aug  6 17:52:21 arm rsyslogd: imuxsock: Acquired UNIX socket '/run/systemd/journal/syslog' (fd 3) from systemd.  [v8.2001.0]
Aug  6 17:52:21 arm rsyslogd: rsyslogd's groupid changed to 110
Aug  6 17:52:21 arm systemd[1]: Started System Logging Service.
Aug  6 17:52:21 arm rsyslogd: rsyslogd's userid changed to 104
Aug  6 17:52:21 arm rsyslogd: [origin software="rsyslogd" swVersion="8.2001.0" x-pid="3750" x-info="https://www.rsyslog.com"] start
Aug  6 17:52:21 arm udhcpd[3773]: udhcpd: Disabled. Edit /etc/default/udhcpd to enable it.
Aug  6 17:52:21 arm kernel: [    0.000000] Booting Linux on physical CPU 0x0000000000 [0x410fd034]
Aug  6 17:52:21 arm kernel: [    0.000000] Linux version 4.19.0 (udrc@udrc-Alienware-m15) (gcc version 7.5.0 (Ubuntu/Linaro 7.5.0-3ubuntu1~18.04)) #1 SMP Thu Aug 5 21:59:55 BST 2021
Aug  6 17:52:21 arm kernel: [    0.000000] Machine model: ZynqMP ZCU104 RevA
Aug  6 17:52:21 arm kernel: [    0.000000] efi: Getting EFI parameters from FDT:
Aug  6 17:52:21 arm kernel: [    0.000000] efi: UEFI not found.
Aug  6 17:52:21 arm kernel: [    0.000000] cma: Reserved 256 MiB at 0x0000000070000000
Aug  6 17:52:21 arm kernel: [    0.000000] On node 0 totalpages: 524288
Aug  6 17:52:21 arm kernel: [    0.000000]   DMA32 zone: 7168 pages used for memmap
Aug  6 17:52:21 arm kernel: [    0.000000]   DMA32 zone: 0 pages reserved
Aug  6 17:52:21 arm kernel: [    0.000000]   DMA32 zone: 524288 pages, LIFO batch:63
Aug  6 17:52:21 arm kernel: [    0.000000] psci: probing for conduit method from DT.
Aug  6 17:52:21 arm kernel: [    0.000000] psci: PSCIv1.1 detected in firmware.
Aug  6 17:52:21 arm kernel: [    0.000000] psci: Using standard PSCI v0.2 function IDs
Aug  6 17:52:21 arm kernel: [    0.000000] psci: MIGRATE_INFO_TYPE not supported.
Aug  6 17:52:21 arm kernel: [    0.000000] psci: SMC Calling Convention v1.1
Aug  6 17:52:21 arm kernel: [    0.000000] random: get_random_bytes called from start_kernel+0xa8/0x414 with crng_init=0
Aug  6 17:52:21 arm kernel: [    0.000000] percpu: Embedded 22 pages/cpu @(____ptrval____) s52504 r8192 d29416 u90112
Aug  6 17:52:21 arm kernel: [    0.000000] pcpu-alloc: s52504 r8192 d29416 u90112 alloc=22*4096
Aug  6 17:52:21 arm kernel: [    0.000000] pcpu-alloc: [0] 0 [0] 1 [0] 2 [0] 3 
Aug  6 17:52:21 arm kernel: [    0.000000] Detected VIPT I-cache on CPU0
Aug  6 17:52:21 arm kernel: [    0.000000] CPU features: enabling workaround for ARM erratum 845719
Aug  6 17:52:21 arm kernel: [    0.000000] Speculative Store Bypass Disable mitigation not required
Aug  6 17:52:21 arm kernel: [    0.000000] CPU features: detected: Kernel page table isolation (KPTI)
Aug  6 17:52:21 arm kernel: [    0.000000] Built 1 zonelists, mobility grouping on.  Total pages: 517120
Aug  6 17:52:21 arm kernel: [    0.000000] Kernel command line: root=/dev/mmcblk0p2 rw rootwait
Aug  6 17:52:21 arm kernel: [    0.000000] Dentry cache hash table entries: 262144 (order: 9, 2097152 bytes)
Aug  6 17:52:21 arm kernel: [    0.000000] Inode-cache hash table entries: 131072 (order: 8, 1048576 bytes)
Aug  6 17:52:21 arm kernel: [    0.000000] Memory: 1786524K/2097152K available (10876K kernel code, 626K rwdata, 3240K rodata, 832K init, 312K bss, 48484K reserved, 262144K cma-reserved)
Aug  6 17:52:21 arm kernel: [    0.000000] rcu: Hierarchical RCU implementation.
Aug  6 17:52:21 arm kernel: [    0.000000] rcu: 	RCU event tracing is enabled.
Aug  6 17:52:21 arm kernel: [    0.000000] rcu: 	RCU restricting CPUs from NR_CPUS=8 to nr_cpu_ids=4.
Aug  6 17:52:21 arm kernel: [    0.000000] rcu: Adjusting geometry for rcu_fanout_leaf=16, nr_cpu_ids=4
Aug  6 17:52:21 arm kernel: [    0.000000] NR_IRQS: 64, nr_irqs: 64, preallocated irqs: 0
Aug  6 17:52:21 arm kernel: [    0.000000] GIC: Adjusting CPU interface base to 0x00000000f902f000
Aug  6 17:52:21 arm kernel: [    0.000000] GIC: Using split EOI/Deactivate mode
Aug  6 17:52:21 arm kernel: [    0.000000] arch_timer: cp15 timer(s) running at 100.00MHz (phys).
Aug  6 17:52:21 arm kernel: [    0.000000] clocksource: arch_sys_counter: mask: 0xffffffffffffff max_cycles: 0x171024e7e0, max_idle_ns: 440795205315 ns
Aug  6 17:52:21 arm kernel: [    0.000003] sched_clock: 56 bits at 100MHz, resolution 10ns, wraps every 4398046511100ns
Aug  6 17:52:21 arm kernel: [    0.000218] Console: colour dummy device 80x25
Aug  6 17:52:21 arm kernel: [    0.000411] console [tty0] enabled
Aug  6 17:52:21 arm kernel: [    0.000431] Calibrating delay loop (skipped), value calculated using timer frequency.. 200.00 BogoMIPS (lpj=400000)
Aug  6 17:52:21 arm kernel: [    0.000446] pid_max: default: 32768 minimum: 301
Aug  6 17:52:21 arm kernel: [    0.000561] Mount-cache hash table entries: 4096 (order: 3, 32768 bytes)
Aug  6 17:52:21 arm kernel: [    0.000577] Mountpoint-cache hash table entries: 4096 (order: 3, 32768 bytes)
Aug  6 17:52:21 arm kernel: [    0.001291] ASID allocator initialised with 32768 entries
Aug  6 17:52:21 arm kernel: [    0.001347] rcu: Hierarchical SRCU implementation.
Aug  6 17:52:21 arm kernel: [    0.001626] EFI services will not be available.
Aug  6 17:52:21 arm kernel: [    0.001745] smp: Bringing up secondary CPUs ...
Aug  6 17:52:21 arm kernel: [    0.002024] Detected VIPT I-cache on CPU1
Aug  6 17:52:21 arm kernel: [    0.002054] CPU1: Booted secondary processor 0x0000000001 [0x410fd034]
Aug  6 17:52:21 arm kernel: [    0.002361] Detected VIPT I-cache on CPU2
Aug  6 17:52:21 arm kernel: [    0.002380] CPU2: Booted secondary processor 0x0000000002 [0x410fd034]
Aug  6 17:52:21 arm kernel: [    0.002661] Detected VIPT I-cache on CPU3
Aug  6 17:52:21 arm kernel: [    0.002680] CPU3: Booted secondary processor 0x0000000003 [0x410fd034]
Aug  6 17:52:21 arm kernel: [    0.002724] smp: Brought up 1 node, 4 CPUs
Aug  6 17:52:21 arm kernel: [    0.002766] SMP: Total of 4 processors activated.
Aug  6 17:52:21 arm kernel: [    0.002775] CPU features: detected: 32-bit EL0 Support
Aug  6 17:52:21 arm kernel: [    0.004129] CPU: All CPU(s) started at EL2
Aug  6 17:52:21 arm kernel: [    0.004146] alternatives: patching kernel code
Aug  6 17:52:21 arm kernel: [    0.005016] devtmpfs: initialized
Aug  6 17:52:21 arm kernel: [    0.008885] clocksource: jiffies: mask: 0xffffffff max_cycles: 0xffffffff, max_idle_ns: 7645041785100000 ns
Aug  6 17:52:21 arm kernel: [    0.008906] futex hash table entries: 1024 (order: 4, 65536 bytes)
Aug  6 17:52:21 arm kernel: [    0.013825] xor: measuring software checksum speed
Aug  6 17:52:21 arm kernel: [    0.052180]    8regs     :  2303.000 MB/sec
Aug  6 17:52:21 arm kernel: [    0.092212]    8regs_prefetch:  2053.000 MB/sec
Aug  6 17:52:21 arm kernel: [    0.132247]    32regs    :  2831.000 MB/sec
Aug  6 17:52:21 arm kernel: [    0.172275]    32regs_prefetch:  2379.000 MB/sec
Aug  6 17:52:21 arm kernel: [    0.172284] xor: using function: 32regs (2831.000 MB/sec)
Aug  6 17:52:21 arm kernel: [    0.172299] pinctrl core: initialized pinctrl subsystem
Aug  6 17:52:21 arm kernel: [    0.172928] NET: Registered protocol family 16
Aug  6 17:52:21 arm kernel: [    0.173175] audit: initializing netlink subsys (disabled)
Aug  6 17:52:21 arm kernel: [    0.173254] audit: type=2000 audit(0.172:1): state=initialized audit_enabled=0 res=1
Aug  6 17:52:21 arm kernel: [    0.173882] cpuidle: using governor menu
Aug  6 17:52:21 arm kernel: [    0.173979] vdso: 2 pages (1 code @ (____ptrval____), 1 data @ (____ptrval____))
Aug  6 17:52:21 arm kernel: [    0.173992] hw-breakpoint: found 6 breakpoint and 4 watchpoint registers.
Aug  6 17:52:21 arm kernel: [    0.174816] DMA: preallocated 256 KiB pool for atomic allocations
Aug  6 17:52:21 arm kernel: [    0.186951] HugeTLB registered 2.00 MiB page size, pre-allocated 0 pages
Aug  6 17:52:21 arm kernel: [    0.252417] raid6: int64x1  gen()   428 MB/s
Aug  6 17:52:21 arm kernel: [    0.320499] raid6: int64x1  xor()   356 MB/s
Aug  6 17:52:21 arm kernel: [    0.388516] raid6: int64x2  gen()   665 MB/s
Aug  6 17:52:21 arm kernel: [    0.456522] raid6: int64x2  xor()   538 MB/s
Aug  6 17:52:21 arm kernel: [    0.524607] raid6: int64x4  gen()  1031 MB/s
Aug  6 17:52:21 arm kernel: [    0.592620] raid6: int64x4  xor()   734 MB/s
Aug  6 17:52:21 arm kernel: [    0.660680] raid6: int64x8  gen()   982 MB/s
Aug  6 17:52:21 arm kernel: [    0.728718] raid6: int64x8  xor()   746 MB/s
Aug  6 17:52:21 arm kernel: [    0.796837] raid6: neonx1   gen()   708 MB/s
Aug  6 17:52:21 arm kernel: [    0.864842] raid6: neonx1   xor()   727 MB/s
Aug  6 17:52:21 arm kernel: [    0.932874] raid6: neonx2   gen()  1147 MB/s
Aug  6 17:52:21 arm kernel: [    1.000926] raid6: neonx2   xor()  1143 MB/s
Aug  6 17:52:21 arm kernel: [    1.068953] raid6: neonx4   gen()  1511 MB/s
Aug  6 17:52:21 arm kernel: [    1.137017] raid6: neonx4   xor()  1419 MB/s
Aug  6 17:52:21 arm kernel: [    1.205053] raid6: neonx8   gen()  1663 MB/s
Aug  6 17:52:21 arm kernel: [    1.273104] raid6: neonx8   xor()  1523 MB/s
Aug  6 17:52:21 arm kernel: [    1.273112] raid6: using algorithm neonx8 gen() 1663 MB/s
Aug  6 17:52:21 arm kernel: [    1.273120] raid6: .... xor() 1523 MB/s, rmw enabled
Aug  6 17:52:21 arm kernel: [    1.273128] raid6: using neon recovery algorithm
Aug  6 17:52:21 arm kernel: [    1.273763] SCSI subsystem initialized
Aug  6 17:52:21 arm kernel: [    1.273808] libata version 3.00 loaded.
Aug  6 17:52:21 arm kernel: [    1.273959] usbcore: registered new interface driver usbfs
Aug  6 17:52:21 arm kernel: [    1.273996] usbcore: registered new interface driver hub
Aug  6 17:52:21 arm kernel: [    1.274033] usbcore: registered new device driver usb
Aug  6 17:52:21 arm kernel: [    1.274103] media: Linux media interface: v0.10
Aug  6 17:52:21 arm kernel: [    1.274132] videodev: Linux video capture interface: v2.00
Aug  6 17:52:21 arm kernel: [    1.274165] pps_core: LinuxPPS API ver. 1 registered
Aug  6 17:52:21 arm kernel: [    1.274174] pps_core: Software ver. 5.3.6 - Copyright 2005-2007 Rodolfo Giometti <giometti@linux.it>
Aug  6 17:52:21 arm kernel: [    1.274195] PTP clock support registered
Aug  6 17:52:21 arm kernel: [    1.274223] EDAC MC: Ver: 3.0.0
Aug  6 17:52:21 arm kernel: [    1.274619] zynqmp-ipi-mbox mailbox@ff990400: Probed ZynqMP IPI Mailbox driver.
Aug  6 17:52:21 arm kernel: [    1.274807] FPGA manager framework
Aug  6 17:52:21 arm kernel: [    1.274950] Advanced Linux Sound Architecture Driver Initialized.
Aug  6 17:52:21 arm kernel: [    1.275248] Bluetooth: Core ver 2.22
Aug  6 17:52:21 arm kernel: [    1.275278] NET: Registered protocol family 31
Aug  6 17:52:21 arm kernel: [    1.275286] Bluetooth: HCI device and connection manager initialized
Aug  6 17:52:21 arm kernel: [    1.275298] Bluetooth: HCI socket layer initialized
Aug  6 17:52:21 arm kernel: [    1.275308] Bluetooth: L2CAP socket layer initialized
Aug  6 17:52:21 arm kernel: [    1.275331] Bluetooth: SCO socket layer initialized
Aug  6 17:52:21 arm kernel: [    1.275617] clocksource: Switched to clocksource arch_sys_counter
Aug  6 17:52:21 arm kernel: [    1.275694] VFS: Disk quotas dquot_6.6.0
Aug  6 17:52:21 arm kernel: [    1.275739] VFS: Dquot-cache hash table entries: 512 (order 0, 4096 bytes)
Aug  6 17:52:21 arm kernel: [    1.280240] NET: Registered protocol family 2
Aug  6 17:52:21 arm kernel: [    1.280631] tcp_listen_portaddr_hash hash table entries: 1024 (order: 2, 16384 bytes)
Aug  6 17:52:21 arm kernel: [    1.280671] TCP established hash table entries: 16384 (order: 5, 131072 bytes)
Aug  6 17:52:21 arm kernel: [    1.280782] TCP bind hash table entries: 16384 (order: 6, 262144 bytes)
Aug  6 17:52:21 arm kernel: [    1.280980] TCP: Hash tables configured (established 16384 bind 16384)
Aug  6 17:52:21 arm kernel: [    1.281048] UDP hash table entries: 1024 (order: 3, 32768 bytes)
Aug  6 17:52:21 arm kernel: [    1.281094] UDP-Lite hash table entries: 1024 (order: 3, 32768 bytes)
Aug  6 17:52:21 arm kernel: [    1.281219] NET: Registered protocol family 1
Aug  6 17:52:21 arm kernel: [    1.281452] RPC: Registered named UNIX socket transport module.
Aug  6 17:52:21 arm kernel: [    1.281462] RPC: Registered udp transport module.
Aug  6 17:52:21 arm kernel: [    1.281470] RPC: Registered tcp transport module.
Aug  6 17:52:21 arm kernel: [    1.281477] RPC: Registered tcp NFSv4.1 backchannel transport module.
Aug  6 17:52:21 arm kernel: [    1.281731] PCI: CLS 0 bytes, default 64
Aug  6 17:52:21 arm kernel: [    1.282121] hw perfevents: no interrupt-affinity property for /pmu, guessing.
Aug  6 17:52:21 arm kernel: [    1.282269] hw perfevents: enabled with armv8_pmuv3 PMU driver, 7 counters available
Aug  6 17:52:21 arm kernel: [    1.283065] Initialise system trusted keyrings
Aug  6 17:52:21 arm kernel: [    1.283143] workingset: timestamp_bits=62 max_order=19 bucket_order=0
Aug  6 17:52:21 arm kernel: [    1.283857] NFS: Registering the id_resolver key type
Aug  6 17:52:21 arm kernel: [    1.283876] Key type id_resolver registered
Aug  6 17:52:21 arm kernel: [    1.283884] Key type id_legacy registered
Aug  6 17:52:21 arm kernel: [    1.283897] nfs4filelayout_init: NFSv4 File Layout Driver Registering...
Aug  6 17:52:21 arm kernel: [    1.283917] jffs2: version 2.2. (NAND) © 2001-2006 Red Hat, Inc.
Aug  6 17:52:21 arm kernel: [    2.359406] NET: Registered protocol family 38
Aug  6 17:52:21 arm kernel: [    2.416674] Key type asymmetric registered
Aug  6 17:52:21 arm kernel: [    2.416684] Asymmetric key parser 'x509' registered
Aug  6 17:52:21 arm kernel: [    2.416724] Block layer SCSI generic (bsg) driver version 0.4 loaded (major 247)
Aug  6 17:52:21 arm kernel: [    2.416737] io scheduler noop registered
Aug  6 17:52:21 arm kernel: [    2.416745] io scheduler deadline registered
Aug  6 17:52:21 arm kernel: [    2.416781] io scheduler cfq registered (default)
Aug  6 17:52:21 arm kernel: [    2.416790] io scheduler mq-deadline registered
Aug  6 17:52:21 arm kernel: [    2.416798] io scheduler kyber registered
Aug  6 17:52:21 arm kernel: [    2.444583] Serial: 8250/16550 driver, 4 ports, IRQ sharing disabled
Aug  6 17:52:21 arm kernel: [    2.447297] cacheinfo: Unable to detect cache hierarchy for CPU 0
Aug  6 17:52:21 arm kernel: [    2.452010] brd: module loaded
Aug  6 17:52:21 arm kernel: [    2.456026] loop: module loaded
Aug  6 17:52:21 arm kernel: [    2.456737] mtdoops: mtd device (mtddev=name/number) must be supplied
Aug  6 17:52:21 arm kernel: [    2.457921] libphy: Fixed MDIO Bus: probed
Aug  6 17:52:21 arm kernel: [    2.459111] tun: Universal TUN/TAP device driver, 1.6
Aug  6 17:52:21 arm kernel: [    2.459246] CAN device driver interface
Aug  6 17:52:21 arm kernel: [    2.460061] usbcore: registered new interface driver asix
Aug  6 17:52:21 arm kernel: [    2.460104] usbcore: registered new interface driver ax88179_178a
Aug  6 17:52:21 arm kernel: [    2.460136] usbcore: registered new interface driver cdc_ether
Aug  6 17:52:21 arm kernel: [    2.460167] usbcore: registered new interface driver net1080
Aug  6 17:52:21 arm kernel: [    2.460200] usbcore: registered new interface driver cdc_subset
Aug  6 17:52:21 arm kernel: [    2.460231] usbcore: registered new interface driver zaurus
Aug  6 17:52:21 arm kernel: [    2.460270] usbcore: registered new interface driver cdc_ncm
Aug  6 17:52:21 arm kernel: [    2.460907] usbcore: registered new interface driver uas
Aug  6 17:52:21 arm kernel: [    2.460951] usbcore: registered new interface driver usb-storage
Aug  6 17:52:21 arm kernel: [    2.461454] rtc_zynqmp ffa60000.rtc: rtc core: registered ffa60000.rtc as rtc0
Aug  6 17:52:21 arm kernel: [    2.461510] i2c /dev entries driver
Aug  6 17:52:21 arm kernel: [    2.462805] usbcore: registered new interface driver uvcvideo
Aug  6 17:52:21 arm kernel: [    2.462816] USB Video Class driver (1.1.1)
Aug  6 17:52:21 arm kernel: [    2.463268] Bluetooth: HCI UART driver ver 2.3
Aug  6 17:52:21 arm kernel: [    2.463280] Bluetooth: HCI UART protocol H4 registered
Aug  6 17:52:21 arm kernel: [    2.463289] Bluetooth: HCI UART protocol BCSP registered
Aug  6 17:52:21 arm kernel: [    2.463318] Bluetooth: HCI UART protocol LL registered
Aug  6 17:52:21 arm kernel: [    2.463326] Bluetooth: HCI UART protocol ATH3K registered
Aug  6 17:52:21 arm kernel: [    2.463350] Bluetooth: HCI UART protocol Three-wire (H5) registered
Aug  6 17:52:21 arm kernel: [    2.463396] Bluetooth: HCI UART protocol Intel registered
Aug  6 17:52:21 arm kernel: [    2.463423] Bluetooth: HCI UART protocol QCA registered
Aug  6 17:52:21 arm kernel: [    2.463464] usbcore: registered new interface driver bcm203x
Aug  6 17:52:21 arm kernel: [    2.463502] usbcore: registered new interface driver bpa10x
Aug  6 17:52:21 arm kernel: [    2.463539] usbcore: registered new interface driver bfusb
Aug  6 17:52:21 arm kernel: [    2.463574] usbcore: registered new interface driver btusb
Aug  6 17:52:21 arm kernel: [    2.463584] Bluetooth: Generic Bluetooth SDIO driver ver 0.1
Aug  6 17:52:21 arm kernel: [    2.463665] usbcore: registered new interface driver ath3k
Aug  6 17:52:21 arm kernel: [    2.463788] EDAC MC: ECC not enabled
Aug  6 17:52:21 arm kernel: [    2.464009] EDAC DEVICE0: Giving out device to module zynqmp-ocm-edac controller zynqmp_ocm: DEV ff960000.memory-controller (INTERRUPT)
Aug  6 17:52:21 arm kernel: [    2.464688] sdhci: Secure Digital Host Controller Interface driver
Aug  6 17:52:21 arm kernel: [    2.464697] sdhci: Copyright(c) Pierre Ossman
Aug  6 17:52:21 arm kernel: [    2.464704] sdhci-pltfm: SDHCI platform and OF driver helper
Aug  6 17:52:21 arm kernel: [    2.464957] ledtrig-cpu: registered to indicate activity on CPUs
Aug  6 17:52:21 arm kernel: [    2.465008] zynqmp_firmware_probe Platform Management API v1.1
Aug  6 17:52:21 arm kernel: [    2.465019] zynqmp_firmware_probe Trustzone version v1.0
Aug  6 17:52:21 arm kernel: [    2.467900] zynqmp-pinctrl firmware:zynqmp-firmware:pinctrl: zynqmp pinctrl initialized
Aug  6 17:52:21 arm kernel: [    2.489670] zynqmp_clk_mux_get_parent() getparent failed for clock: lpd_wdt, ret = -22
Aug  6 17:52:21 arm kernel: [    2.490128] alg: No test for xilinx-zynqmp-aes (zynqmp-aes)
Aug  6 17:52:21 arm kernel: [    2.490150] zynqmp_aes zynqmp_aes: AES Successfully Registered
Aug  6 17:52:21 arm kernel: [    2.490150] 
Aug  6 17:52:21 arm kernel: [    2.490311] alg: No test for xilinx-keccak-384 (zynqmp-keccak-384)
Aug  6 17:52:21 arm kernel: [    2.490467] alg: No test for xilinx-zynqmp-rsa (zynqmp-rsa)
Aug  6 17:52:21 arm kernel: [    2.490669] usbcore: registered new interface driver usbhid
Aug  6 17:52:21 arm kernel: [    2.490679] usbhid: USB HID core driver
Aug  6 17:52:21 arm kernel: [    2.492948] fpga_manager fpga0: Xilinx ZynqMP FPGA Manager registered
Aug  6 17:52:21 arm kernel: [    2.493304] usbcore: registered new interface driver snd-usb-audio
Aug  6 17:52:21 arm kernel: [    2.494078] pktgen: Packet Generator for packet performance testing. Version: 2.75
Aug  6 17:52:21 arm kernel: [    2.494475] Initializing XFRM netlink socket
Aug  6 17:52:21 arm kernel: [    2.494552] NET: Registered protocol family 10
Aug  6 17:52:21 arm kernel: [    2.494929] Segment Routing with IPv6
Aug  6 17:52:21 arm kernel: [    2.495021] sit: IPv6, IPv4 and MPLS over IPv4 tunneling driver
Aug  6 17:52:21 arm kernel: [    2.495360] NET: Registered protocol family 17
Aug  6 17:52:21 arm kernel: [    2.495377] NET: Registered protocol family 15
Aug  6 17:52:21 arm kernel: [    2.495396] bridge: filtering via arp/ip/ip6tables is no longer available by default. Update your scripts to load br_netfilter if you need this.
Aug  6 17:52:21 arm kernel: [    2.495446] can: controller area network core (rev 20170425 abi 9)
Aug  6 17:52:21 arm kernel: [    2.495479] NET: Registered protocol family 29
Aug  6 17:52:21 arm kernel: [    2.495488] can: raw protocol (rev 20170425)
Aug  6 17:52:21 arm kernel: [    2.495495] can: broadcast manager protocol (rev 20170425 t)
Aug  6 17:52:21 arm kernel: [    2.495506] can: netlink gateway (rev 20170425) max_hops=1
Aug  6 17:52:21 arm kernel: [    2.495791] Bluetooth: RFCOMM TTY layer initialized
Aug  6 17:52:21 arm kernel: [    2.495805] Bluetooth: RFCOMM socket layer initialized
Aug  6 17:52:21 arm kernel: [    2.495822] Bluetooth: RFCOMM ver 1.11
Aug  6 17:52:21 arm kernel: [    2.495833] Bluetooth: BNEP (Ethernet Emulation) ver 1.3
Aug  6 17:52:21 arm kernel: [    2.495841] Bluetooth: BNEP filters: protocol multicast
Aug  6 17:52:21 arm kernel: [    2.495851] Bluetooth: BNEP socket layer initialized
Aug  6 17:52:21 arm kernel: [    2.495860] Bluetooth: HIDP (Human Interface Emulation) ver 1.2
Aug  6 17:52:21 arm kernel: [    2.495869] Bluetooth: HIDP socket layer initialized
Aug  6 17:52:21 arm kernel: [    2.495977] 9pnet: Installing 9P2000 support
Aug  6 17:52:21 arm kernel: [    2.495999] Key type dns_resolver registered
Aug  6 17:52:21 arm kernel: [    2.496361] registered taskstats version 1
Aug  6 17:52:21 arm kernel: [    2.496369] Loading compiled-in X.509 certificates
Aug  6 17:52:21 arm kernel: [    2.496716] Btrfs loaded, crc32c=crc32c-generic
Aug  6 17:52:21 arm kernel: [    2.502936] ff000000.serial: ttyPS0 at MMIO 0xff000000 (irq = 33, base_baud = 6249999) is a xuartps
Aug  6 17:52:21 arm kernel: [    3.720717] console [ttyPS0] enabled
Aug  6 17:52:21 arm kernel: [    3.724948] ff010000.serial: ttyPS1 at MMIO 0xff010000 (irq = 34, base_baud = 6249999) is a xuartps
Aug  6 17:52:21 arm kernel: [    3.734571] of-fpga-region fpga-full: FPGA Region probed
Aug  6 17:52:21 arm kernel: [    3.740748] xilinx-dpdma fd4c0000.dma: Xilinx DPDMA engine is probed
Aug  6 17:52:21 arm kernel: [    3.747337] xilinx-zynqmp-dma fd500000.dma: ZynqMP DMA driver Probe success
Aug  6 17:52:21 arm kernel: [    3.754450] xilinx-zynqmp-dma fd510000.dma: ZynqMP DMA driver Probe success
Aug  6 17:52:21 arm kernel: [    3.761563] xilinx-zynqmp-dma fd520000.dma: ZynqMP DMA driver Probe success
Aug  6 17:52:21 arm kernel: [    3.768670] xilinx-zynqmp-dma fd530000.dma: ZynqMP DMA driver Probe success
Aug  6 17:52:21 arm systemd[1]: Started LSB: Start busybox udhcpd at boot time.
Aug  6 17:52:21 arm kernel: [    3.775786] xilinx-zynqmp-dma fd540000.dma: ZynqMP DMA driver Probe success
Aug  6 17:52:21 arm kernel: [    3.782897] xilinx-zynqmp-dma fd550000.dma: ZynqMP DMA driver Probe success
Aug  6 17:52:21 arm kernel: [    3.790005] xilinx-zynqmp-dma fd560000.dma: ZynqMP DMA driver Probe success
Aug  6 17:52:21 arm kernel: [    3.797119] xilinx-zynqmp-dma fd570000.dma: ZynqMP DMA driver Probe success
Aug  6 17:52:21 arm kernel: [    3.804214] xilinx-psgtr fd400000.zynqmp_phy: Invalid lane type
Aug  6 17:52:21 arm kernel: [    3.810138] zynqmp-display fd4a0000.zynqmp-display: failed to get phy lane
Aug  6 17:52:21 arm kernel: [    3.817025] zynqmp-display: probe of fd4a0000.zynqmp-display failed with error -22
Aug  6 17:52:21 arm kernel: [    3.825021] xilinx-psgtr fd400000.zynqmp_phy: Lane:3 type:3 protocol:2 pll_locked:yes
Aug  6 17:52:21 arm kernel: [    3.832907] ahci-ceva fd0c0000.ahci: AHCI 0001.0301 32 slots 2 ports 6 Gbps 0x3 impl platform mode
Aug  6 17:52:21 arm kernel: [    3.841867] ahci-ceva fd0c0000.ahci: flags: 64bit ncq sntf pm clo only pmp fbs pio slum part ccc sds apst 
Aug  6 17:52:21 arm kernel: [    3.852623] scsi host0: ahci-ceva
Aug  6 17:52:21 arm kernel: [    3.856196] scsi host1: ahci-ceva
Aug  6 17:52:21 arm kernel: [    3.859656] ata1: SATA max UDMA/133 mmio [mem 0xfd0c0000-0xfd0c1fff] port 0x100 irq 31
Aug  6 17:52:21 arm kernel: [    3.867575] ata2: SATA max UDMA/133 mmio [mem 0xfd0c0000-0xfd0c1fff] port 0x180 irq 31
Aug  6 17:52:21 arm kernel: [    3.876215] m25p80 spi0.0: found n25q512a, expected m25p80
Aug  6 17:52:21 arm kernel: [    3.882191] m25p80 spi0.0: n25q512a (65536 Kbytes)
Aug  6 17:52:21 arm kernel: [    3.887003] 4 fixed-partitions partitions found on MTD device spi0.0
Aug  6 17:52:21 arm kernel: [    3.893359] Creating 4 MTD partitions on "spi0.0":
Aug  6 17:52:21 arm kernel: [    3.898151] 0x000000000000-0x000000100000 : "qspi-fsbl-uboot"
Aug  6 17:52:21 arm kernel: [    3.904452] 0x000000100000-0x000000600000 : "qspi-linux"
Aug  6 17:52:21 arm kernel: [    3.910187] 0x000000600000-0x000000620000 : "qspi-device-tree"
Aug  6 17:52:21 arm kernel: [    3.916424] 0x000000620000-0x000000c00000 : "qspi-rootfs"
Aug  6 17:52:21 arm kernel: [    3.924520] macb ff0e0000.ethernet: Not enabling partial store and forward
Aug  6 17:52:21 arm kernel: [    3.931904] libphy: MACB_mii_bus: probed
Aug  6 17:52:21 arm kernel: [    3.937970] TI DP83867 ff0e0000.ethernet-ffffffff:0c: attached PHY driver [TI DP83867] (mii_bus:phy_addr=ff0e0000.ethernet-ffffffff:0c, irq=POLL)
Aug  6 17:52:21 arm kernel: [    3.951017] macb ff0e0000.ethernet eth0: Cadence GEM rev 0x50070106 at 0xff0e0000 irq 22 (38:39:35:35:35:30)
Aug  6 17:52:21 arm kernel: [    3.961159] xilinx-axipmon ffa00000.perf-monitor: Probed Xilinx APM
Aug  6 17:52:21 arm kernel: [    3.967708] xilinx-axipmon fd0b0000.perf-monitor: Probed Xilinx APM
Aug  6 17:52:21 arm kernel: [    3.974194] xilinx-axipmon fd490000.perf-monitor: Probed Xilinx APM
Aug  6 17:52:21 arm kernel: [    3.980679] xilinx-axipmon ffa10000.perf-monitor: Probed Xilinx APM
Aug  6 17:52:21 arm kernel: [    3.988703] dwc3 fe200000.dwc3: Failed to get clk 'ref': -2
Aug  6 17:52:21 arm kernel: [    3.994692] xilinx-psgtr fd400000.zynqmp_phy: Lane:2 type:0 protocol:3 pll_locked:yes
Aug  6 17:52:21 arm kernel: [    4.004815] xhci-hcd xhci-hcd.0.auto: xHCI Host Controller
Aug  6 17:52:21 arm kernel: [    4.010307] xhci-hcd xhci-hcd.0.auto: new USB bus registered, assigned bus number 1
Aug  6 17:52:21 arm kernel: [    4.018365] xhci-hcd xhci-hcd.0.auto: hcc params 0x0238f625 hci version 0x100 quirks 0x0000000202010810
Aug  6 17:52:21 arm kernel: [    4.027791] xhci-hcd xhci-hcd.0.auto: irq 39, io mem 0xfe200000
Aug  6 17:52:21 arm kernel: [    4.033913] usb usb1: New USB device found, idVendor=1d6b, idProduct=0002, bcdDevice= 4.19
Aug  6 17:52:21 arm kernel: [    4.042184] usb usb1: New USB device strings: Mfr=3, Product=2, SerialNumber=1
Aug  6 17:52:21 arm kernel: [    4.049409] usb usb1: Product: xHCI Host Controller
Aug  6 17:52:21 arm kernel: [    4.054284] usb usb1: Manufacturer: Linux 4.19.0 xhci-hcd
Aug  6 17:52:21 arm kernel: [    4.059683] usb usb1: SerialNumber: xhci-hcd.0.auto
Aug  6 17:52:21 arm kernel: [    4.064860] hub 1-0:1.0: USB hub found
Aug  6 17:52:21 arm kernel: [    4.068631] hub 1-0:1.0: 1 port detected
Aug  6 17:52:21 arm kernel: [    4.072745] xhci-hcd xhci-hcd.0.auto: xHCI Host Controller
Aug  6 17:52:21 arm kernel: [    4.078232] xhci-hcd xhci-hcd.0.auto: new USB bus registered, assigned bus number 2
Aug  6 17:52:21 arm kernel: [    4.085897] xhci-hcd xhci-hcd.0.auto: Host supports USB 3.0  SuperSpeed
Aug  6 17:52:21 arm kernel: [    4.092633] usb usb2: New USB device found, idVendor=1d6b, idProduct=0003, bcdDevice= 4.19
Aug  6 17:52:21 arm kernel: [    4.100903] usb usb2: New USB device strings: Mfr=3, Product=2, SerialNumber=1
Aug  6 17:52:21 arm kernel: [    4.108121] usb usb2: Product: xHCI Host Controller
Aug  6 17:52:21 arm kernel: [    4.112995] usb usb2: Manufacturer: Linux 4.19.0 xhci-hcd
Aug  6 17:52:21 arm kernel: [    4.118394] usb usb2: SerialNumber: xhci-hcd.0.auto
Aug  6 17:52:21 arm kernel: [    4.123521] hub 2-0:1.0: USB hub found
Aug  6 17:52:21 arm kernel: [    4.127287] hub 2-0:1.0: 1 port detected
Aug  6 17:52:21 arm kernel: [    4.133271] at24 1-0054: 1024 byte 24c08 EEPROM, writable, 1 bytes/write
Aug  6 17:52:21 arm kernel: [    4.140012] i2c i2c-0: Added multiplexed i2c bus 1
Aug  6 17:52:21 arm kernel: [    4.145011] i2c i2c-0: Added multiplexed i2c bus 2
Aug  6 17:52:21 arm kernel: [    4.150083] i2c i2c-0: Added multiplexed i2c bus 3
Aug  6 17:52:21 arm kernel: [    4.154997] i2c i2c-0: Added multiplexed i2c bus 4
Aug  6 17:52:21 arm kernel: [    4.160003] pca953x 5-0020: 5-0020 supply vcc not found, using dummy regulator
Aug  6 17:52:21 arm kernel: [    4.167253] pca953x 5-0020: Linked as a consumer to regulator.0
Aug  6 17:52:21 arm kernel: [    4.173844] i2c i2c-0: Added multiplexed i2c bus 5
Aug  6 17:52:21 arm kernel: [    4.178773] i2c i2c-0: Added multiplexed i2c bus 6
Aug  6 17:52:21 arm kernel: [    4.183701] i2c i2c-0: Added multiplexed i2c bus 7
Aug  6 17:52:21 arm kernel: [    4.188625] i2c i2c-0: Added multiplexed i2c bus 8
Aug  6 17:52:21 arm kernel: [    4.188809] ata1: SATA link down (SStatus 0 SControl 330)
Aug  6 17:52:21 arm kernel: [    4.193420] pca954x 0-0074: registered 8 multiplexed busses for I2C switch pca9548
Aug  6 17:52:21 arm kernel: [    4.193451] cdns-i2c ff030000.i2c: 400 kHz mmio ff030000 irq 24
Aug  6 17:52:21 arm kernel: [    4.198861] ata2: SATA link down (SStatus 0 SControl 330)
Aug  6 17:52:21 arm kernel: [    4.206769] cdns-wdt fd4d0000.watchdog: Xilinx Watchdog Timer at (____ptrval____) with timeout 60s
Aug  6 17:52:21 arm kernel: [    4.259537] mmc0: SDHCI controller on ff170000.mmc [ff170000.mmc] using ADMA 64-bit
Aug  6 17:52:21 arm kernel: [    4.275072] rtc_zynqmp ffa60000.rtc: setting system clock to 2021-08-06 17:52:17 UTC (1628272337)
Aug  6 17:52:21 arm kernel: [    4.283953] of_cfs_init
Aug  6 17:52:21 arm kernel: [    4.286403] of_cfs_init: OK
Aug  6 17:52:21 arm kernel: [    4.289310] cfg80211: Loading compiled-in X.509 certificates for regulatory database
Aug  6 17:52:21 arm kernel: [    4.331660] mmc0: new high speed SDHC card at address aaaa
Aug  6 17:52:21 arm kernel: [    4.337666] mmcblk0: mmc0:aaaa SB16G 14.8 GiB 
Aug  6 17:52:21 arm kernel: [    4.346579]  mmcblk0: p1 p2
Aug  6 17:52:21 arm kernel: [    4.427765] cfg80211: Loaded X.509 cert 'sforshee: 00b28ddf47aef9cea7'
Aug  6 17:52:21 arm kernel: [    4.434415] zynqmp_pll_disable() clock disable failed for dpll_int, ret = -13
Aug  6 17:52:21 arm kernel: [    4.442324] ALSA device list:
Aug  6 17:52:21 arm kernel: [    4.445290]   No soundcards found.
Aug  6 17:52:21 arm kernel: [    4.449012] platform regulatory.0: Direct firmware load for regulatory.db failed with error -2
Aug  6 17:52:21 arm kernel: [    4.457627] cfg80211: failed to load regulatory.db
Aug  6 17:52:21 arm kernel: [    4.493681] EXT4-fs (mmcblk0p2): mounted filesystem with ordered data mode. Opts: (null)
Aug  6 17:52:21 arm kernel: [    4.501794] VFS: Mounted root (ext4 filesystem) on device 179:2.
Aug  6 17:52:21 arm kernel: [    4.517635] devtmpfs: mounted
Aug  6 17:52:21 arm kernel: [    4.520788] Freeing unused kernel memory: 832K
Aug  6 17:52:21 arm kernel: [    4.525283] Run /sbin/init as init process
Aug  6 17:52:21 arm kernel: [    4.697060] random: fast init done
Aug  6 17:52:21 arm kernel: [    4.999241] systemd[1]: systemd 245.4-4ubuntu3 running in system mode. (+PAM +AUDIT +SELINUX +IMA +APPARMOR +SMACK +SYSVINIT +UTMP +LIBCRYPTSETUP +GCRYPT +GNUTLS +ACL +XZ +LZ4 +SECCOMP +BLKID +ELFUTILS +KMOD +IDN2 -IDN +PCRE2 default-hierarchy=hybrid)
Aug  6 17:52:21 arm kernel: [    5.021867] systemd[1]: Detected architecture arm64.
Aug  6 17:52:21 arm kernel: [    5.058425] systemd[1]: Set hostname to <arm>.
Aug  6 17:52:21 arm kernel: [    5.443549] systemd[1]: /lib/systemd/system/dbus.socket:5: ListenStream= references a path below legacy directory /var/run/, updating /var/run/dbus/system_bus_socket → /run/dbus/system_bus_socket; please update the unit file accordingly.
Aug  6 17:52:21 arm kernel: [    5.637896] random: systemd: uninitialized urandom read (16 bytes read)
Aug  6 17:52:21 arm kernel: [    5.644667] systemd[1]: system-modprobe.slice: unit configures an IP firewall, but the local system does not support BPF/cgroup firewalling.
Aug  6 17:52:21 arm kernel: [    5.657286] systemd[1]: (This warning is only shown for the first unit using IP firewalling.)
Aug  6 17:52:21 arm kernel: [    5.666283] systemd[1]: Created slice system-modprobe.slice.
Aug  6 17:52:21 arm kernel: [    5.691711] random: systemd: uninitialized urandom read (16 bytes read)
Aug  6 17:52:21 arm kernel: [    5.698570] systemd[1]: Created slice system-serial\x2dgetty.slice.
Aug  6 17:52:21 arm kernel: [    5.719681] random: systemd: uninitialized urandom read (16 bytes read)
Aug  6 17:52:21 arm kernel: [    5.726492] systemd[1]: Created slice User and Session Slice.
Aug  6 17:52:21 arm kernel: [    5.747832] systemd[1]: Started Dispatch Password Requests to Console Directory Watch.
Aug  6 17:52:21 arm kernel: [    5.771788] systemd[1]: Started Forward Password Requests to Wall Directory Watch.
Aug  6 17:52:21 arm kernel: [    5.795792] systemd[1]: Condition check resulted in Arbitrary Executable File Formats File System Automount Point being skipped.
Aug  6 17:52:21 arm kernel: [    5.807491] systemd[1]: Reached target Local Encrypted Volumes.
Aug  6 17:52:21 arm kernel: [    5.827849] systemd[1]: Reached target Paths.
Aug  6 17:52:21 arm kernel: [    5.843726] systemd[1]: Reached target Remote File Systems.
Aug  6 17:52:21 arm kernel: [    5.863703] systemd[1]: Reached target Slices.
Aug  6 17:52:21 arm kernel: [    5.879757] systemd[1]: Reached target Swap.
Aug  6 17:52:21 arm kernel: [    5.896072] systemd[1]: Listening on Syslog Socket.
Aug  6 17:52:21 arm kernel: [    5.911859] systemd[1]: Listening on initctl Compatibility Named Pipe.
Aug  6 17:52:21 arm kernel: [    5.936132] systemd[1]: Listening on Journal Audit Socket.
Aug  6 17:52:21 arm kernel: [    5.955925] systemd[1]: Listening on Journal Socket (/dev/log).
Aug  6 17:52:21 arm kernel: [    5.979941] systemd[1]: Listening on Journal Socket.
Aug  6 17:52:21 arm kernel: [    5.995957] systemd[1]: Listening on udev Control Socket.
Aug  6 17:52:21 arm kernel: [    6.015894] systemd[1]: Listening on udev Kernel Socket.
Aug  6 17:52:21 arm kernel: [    6.037115] systemd[1]: Mounting Huge Pages File System...
Aug  6 17:52:21 arm kernel: [    6.053261] systemd[1]: Mounting POSIX Message Queue File System...
Aug  6 17:52:21 arm kernel: [    6.077365] systemd[1]: Mounting Kernel Debug File System...
Aug  6 17:52:21 arm kernel: [    6.095981] systemd[1]: Condition check resulted in Kernel Trace File System being skipped.
Aug  6 17:52:21 arm kernel: [    6.105836] systemd[1]: Starting Journal Service...
Aug  6 17:52:21 arm kernel: [    6.121722] systemd[1]: Starting Set the console keyboard layout...
Aug  6 17:52:21 arm kernel: [    6.143795] systemd[1]: Condition check resulted in Create list of static device nodes for the current kernel being skipped.
Aug  6 17:52:21 arm kernel: [    6.155851] systemd[1]: Condition check resulted in Load Kernel Module drm being skipped.
Aug  6 17:52:21 arm kernel: [    6.168600] systemd[1]: Condition check resulted in Set Up Additional Binary Formats being skipped.
Aug  6 17:52:21 arm kernel: [    6.183294] systemd[1]: Starting Load Kernel Modules...
Aug  6 17:52:21 arm kernel: [    6.201299] systemd[1]: Starting Remount Root and Kernel File Systems...
Aug  6 17:52:21 arm kernel: [    6.229216] systemd[1]: Starting udev Coldplug all Devices...
Aug  6 17:52:21 arm kernel: [    6.254925] systemd[1]: Started Journal Service.
Aug  6 17:52:21 arm kernel: [    6.400193] systemd-journald[1774]: Received client request to flush runtime journal.
Aug  6 17:52:21 arm avahi-daemon[3542]: Successfully called chroot().
Aug  6 17:52:21 arm avahi-daemon[3542]: Successfully dropped remaining capabilities.
Aug  6 17:52:21 arm avahi-daemon[3804]: chroot.c: open() failed: No such file or directory
Aug  6 17:52:21 arm avahi-daemon[3542]: Failed to open /etc/resolv.conf: Invalid argument
Aug  6 17:52:21 arm avahi-daemon[3542]: No service file found in /etc/avahi/services.
Aug  6 17:52:21 arm avahi-daemon[3542]: Joining mDNS multicast group on interface lo.IPv6 with address ::1.
Aug  6 17:52:21 arm avahi-daemon[3542]: New relevant interface lo.IPv6 for mDNS.
Aug  6 17:52:21 arm avahi-daemon[3542]: Joining mDNS multicast group on interface lo.IPv4 with address 127.0.0.1.
Aug  6 17:52:21 arm avahi-daemon[3542]: New relevant interface lo.IPv4 for mDNS.
Aug  6 17:52:21 arm avahi-daemon[3542]: Network interface enumeration completed.
Aug  6 17:52:21 arm avahi-daemon[3542]: Registering new address record for ::1 on lo.*.
Aug  6 17:52:21 arm avahi-daemon[3542]: Registering new address record for 127.0.0.1 on lo.IPv4.
Aug  6 17:52:21 arm wpa_supplicant[3790]: Successfully initialized wpa_supplicant
Aug  6 17:52:21 arm connmand[3614]: Connection Manager version 1.36
Aug  6 17:52:21 arm dbus-daemon[3575]: [system] Successfully activated service 'org.freedesktop.systemd1'
Aug  6 17:52:21 arm systemd[1]: Started WPA supplicant.
Aug  6 17:52:21 arm systemd[1]: Started Connection service.
Aug  6 17:52:21 arm systemd[1]: Started Avahi mDNS/DNS-SD Stack.
Aug  6 17:52:21 arm systemd[1]: Started Login Service.
Aug  6 17:52:21 arm systemd[1]: Started DUN service.
Aug  6 17:52:21 arm systemd[1]: Started Telephony service.
Aug  6 17:52:21 arm systemd[1]: Reached target Network.
Aug  6 17:52:21 arm systemd[1]: Starting Generic Board Startup...
Aug  6 17:52:21 arm systemd[1]: Starting A high performance web server and a reverse proxy server...
Aug  6 17:52:21 arm systemd[1]: Condition check resulted in fast remote file copy program daemon being skipped.
Aug  6 17:52:21 arm systemd[1]: Starting OpenBSD Secure Shell server...
Aug  6 17:52:21 arm systemd[1]: Starting Permit User Sessions...
Aug  6 17:52:21 arm loadcpufreq[3690]:    ...done.
Aug  6 17:52:21 arm systemd[1]: Started LSB: Load kernel modules needed to enable cpufreq scaling.
Aug  6 17:52:21 arm systemd[1]: Finished Permit User Sessions.
Aug  6 17:52:21 arm systemd-udevd[3126]: ethtool: autonegotiation is unset or enabled, the speed and duplex are not writable.
Aug  6 17:52:21 arm sh[4253]: generic-board-startup: start
Aug  6 17:52:21 arm systemd[1]: Found device /dev/ttyPS0.
Aug  6 17:52:21 arm systemd-udevd[3121]: Using default interface naming scheme 'v245'.
Aug  6 17:52:21 arm connmand[3614]: iptables support missing error 2 (No such file or directory)
Aug  6 17:52:21 arm connmand[3614]: Failed to flush table 'nat': Invalid argument
Aug  6 17:52:21 arm systemd[1]: Starting LSB: set CPUFreq kernel parameters...
Aug  6 17:52:21 arm sh[4253]: generic-board-startup: ssh
Aug  6 17:52:21 arm sh[4253]: generic-board-startup: regenerating ssh keys
Aug  6 17:52:21 arm systemd[1]: Started Serial Getty on ttyPS0.
Aug  6 17:52:21 arm systemd[1]: Starting Set console scheme...
Aug  6 17:52:21 arm systemd-udevd[3121]: ethtool: autonegotiation is unset or enabled, the speed and duplex are not writable.
Aug  6 17:52:21 arm connmand[3614]: Checking loopback interface settings
Aug  6 17:52:21 arm connmand[3614]: System hostname is arm
Aug  6 17:52:21 arm systemd[1]: Finished Set console scheme.
Aug  6 17:52:22 arm connmand[3614]: lo {newlink} index 1 address 00:00:00:00:00:00 mtu 65536
Aug  6 17:52:22 arm connmand[3614]: lo {newlink} index 1 operstate 0 <UNKNOWN>
Aug  6 17:52:22 arm connmand[3614]: sit0 {newlink} index 2 address 00:00:00:00:08:00 mtu 1480
Aug  6 17:52:22 arm connmand[3614]: sit0 {newlink} index 2 operstate 2 <DOWN>
Aug  6 17:52:22 arm connmand[3614]: can0 {newlink} index 3 address 00:00:00:00:00:00 mtu 16
Aug  6 17:52:22 arm connmand[3614]: can0 {newlink} index 3 operstate 2 <DOWN>
Aug  6 17:52:22 arm connmand[3614]: eth0 {create} index 4 type 1 <ETHER>
Aug  6 17:52:22 arm connmand[3614]: eth0 {update} flags 4098 <DOWN>
Aug  6 17:52:22 arm connmand[3614]: eth0 {newlink} index 4 address 38:39:35:35:35:30 mtu 1500
Aug  6 17:52:22 arm connmand[3614]: eth0 {newlink} index 4 operstate 2 <DOWN>
Aug  6 17:52:22 arm kernel: [    8.871061] pps pps0: new PPS source ptp0
Aug  6 17:52:22 arm kernel: [    8.871076] macb ff0e0000.ethernet: gem-ptp-timer ptp clock registered.
Aug  6 17:52:22 arm kernel: [    8.871201] IPv6: ADDRCONF(NETDEV_UP): eth0: link is not ready
Aug  6 17:52:22 arm dbus-daemon[3575]: [system] Activating via systemd: service name='org.freedesktop.hostname1' unit='dbus-org.freedesktop.hostname1.service' requested by ':1.6' (uid=0 pid=3614 comm="/usr/sbin/connmand -n ")
Aug  6 17:52:22 arm connmand[3614]: Adding interface eth0 [ ethernet ]
Aug  6 17:52:22 arm connmand[3614]: eth0 {update} flags 36867 <UP>
Aug  6 17:52:22 arm connmand[3614]: eth0 {newlink} index 4 address 38:39:35:35:35:30 mtu 1500
Aug  6 17:52:22 arm connmand[3614]: eth0 {newlink} index 4 operstate 2 <DOWN>
Aug  6 17:52:22 arm connmand[3614]: The name net.connman.vpn was not provided by any .service files
Aug  6 17:52:22 arm cpufrequtils[4330]:  * CPUFreq Utilities: Setting ondemand CPUFreq governor...
Aug  6 17:52:22 arm cpufrequtils[4330]:  * disabled, governor not available...
Aug  6 17:52:22 arm cpufrequtils[4330]:    ...done.
Aug  6 17:52:22 arm systemd[1]: Started LSB: set CPUFreq kernel parameters.
Aug  6 17:52:22 arm systemd-udevd[3122]: ethtool: autonegotiation is unset or enabled, the speed and duplex are not writable.
Aug  6 17:52:22 arm systemd-udevd[3118]: ethtool: autonegotiation is unset or enabled, the speed and duplex are not writable.
Aug  6 17:52:22 arm avahi-daemon[3542]: Server startup complete. Host name is arm.local. Local service cookie is 3837082794.
Aug  6 17:52:22 arm systemd[1]: Created slice system-getty.slice.
Aug  6 17:52:22 arm systemd[1]: Listening on Load/Save RF Kill Switch Status /dev/rfkill Watch.
Aug  6 17:52:22 arm systemd[1]: Started Getty on tty1.
Aug  6 17:52:22 arm systemd[1]: Reached target Login Prompts.
Aug  6 17:52:22 arm systemd[1]: Starting Hostname Service...
Aug  6 17:52:22 arm systemd[4844]: systemd-hostnamed.service: PrivateNetwork=yes is configured, but the kernel does not support network namespaces, ignoring.
Aug  6 17:52:22 arm systemd[1]: ssh.service: Control process exited, code=killed, status=15/TERM
Aug  6 17:52:22 arm systemd[1]: ssh.service: Failed with result 'signal'.
Aug  6 17:52:22 arm systemd[1]: Stopped OpenBSD Secure Shell server.
Aug  6 17:52:22 arm sh[4253]: generic-board-startup: WARNING /dev/hwrng wasn't available
Aug  6 17:52:22 arm systemd[1]: e2scrub_reap.service: Succeeded.
Aug  6 17:52:22 arm systemd[1]: Finished Remove Stale Online ext4 Metadata Check Snapshots.
Aug  6 17:52:23 arm systemd[1]: Started A high performance web server and a reverse proxy server.
Aug  6 17:52:23 arm dbus-daemon[3575]: [system] Successfully activated service 'org.freedesktop.hostname1'
Aug  6 17:52:23 arm systemd[1]: Started Hostname Service.
Aug  6 17:52:23 arm networkd-dispatcher[4958]: WARNING: systemd-networkd is not running, output will be incomplete.
Aug  6 17:52:23 arm systemd[1]: Started Dispatcher daemon for systemd-networkd.
Aug  6 17:52:23 arm connmand[3614]: eth0 {add} route ff00:: gw :: scope 0 <UNIVERSE>
Aug  6 17:52:23 arm connmand[3614]: eth0 {add} route fe80:: gw :: scope 0 <UNIVERSE>
Aug  6 17:52:23 arm connmand[3614]: eth0 {update} flags 102467 <UP,RUNNING,LOWER_UP>
Aug  6 17:52:23 arm connmand[3614]: eth0 {newlink} index 4 address 38:39:35:35:35:30 mtu 1500
Aug  6 17:52:23 arm connmand[3614]: eth0 {newlink} index 4 operstate 6 <UP>
Aug  6 17:52:23 arm kernel: [    9.892077] macb ff0e0000.ethernet eth0: link up (1000/Full)
Aug  6 17:52:23 arm kernel: [    9.892102] IPv6: ADDRCONF(NETDEV_CHANGE): eth0: link becomes ready
Aug  6 17:52:24 arm sh[4876]: debconf: unable to initialize frontend: Dialog
Aug  6 17:52:24 arm sh[4876]: debconf: (TERM is not set, so the dialog frontend is not usable.)
Aug  6 17:52:24 arm sh[4876]: debconf: falling back to frontend: Readline
Aug  6 17:52:24 arm sh[4876]: debconf: unable to initialize frontend: Readline
Aug  6 17:52:24 arm sh[4876]: debconf: (This frontend requires a controlling tty.)
Aug  6 17:52:24 arm sh[4876]: debconf: falling back to frontend: Teletype
Aug  6 17:52:24 arm avahi-daemon[3542]: Joining mDNS multicast group on interface eth0.IPv6 with address fe80::3a39:35ff:fe35:3530.
Aug  6 17:52:24 arm avahi-daemon[3542]: New relevant interface eth0.IPv6 for mDNS.
Aug  6 17:52:24 arm avahi-daemon[3542]: Registering new address record for fe80::3a39:35ff:fe35:3530 on eth0.*.
Aug  6 17:52:25 arm systemd[1]: ondemand.service: Succeeded.
Aug  6 17:52:25 arm systemd[1]: dmesg.service: Succeeded.
Aug  6 17:52:53 arm systemd[1]: systemd-hostnamed.service: Succeeded.
Aug  6 17:53:02 arm systemd[1]: Created slice User Slice of UID 1000.
Aug  6 17:53:02 arm systemd[1]: Starting User Runtime Directory /run/user/1000...
Aug  6 17:53:02 arm systemd[1]: Finished User Runtime Directory /run/user/1000.
Aug  6 17:53:02 arm systemd[1]: Starting User Manager for UID 1000...
Aug  6 17:53:03 arm avahi-daemon[3542]: Joining mDNS multicast group on interface eth0.IPv4 with address 169.254.215.193.
Aug  6 17:53:03 arm avahi-daemon[3542]: New relevant interface eth0.IPv4 for mDNS.
Aug  6 17:53:03 arm avahi-daemon[3542]: Registering new address record for 169.254.215.193 on eth0.IPv4.
Aug  6 17:53:03 arm connmand[3614]: eth0 {add} address 169.254.215.193/16 label eth0 family 2
Aug  6 17:53:03 arm connmand[3614]: eth0 {add} route 169.254.0.0 gw 0.0.0.0 scope 253 <LINK>
Aug  6 17:53:03 arm connmand[3614]: eth0 {add} route 0.0.0.0 gw 0.0.0.0 scope 253 <LINK>
Aug  6 17:53:04 arm systemd[6004]: Reached target Paths.
Aug  6 17:53:04 arm systemd[6004]: Reached target Timers.
Aug  6 17:53:04 arm systemd[6004]: Listening on GnuPG network certificate management daemon.
Aug  6 17:53:04 arm systemd[6004]: Listening on GnuPG cryptographic agent and passphrase cache (access for web browsers).
Aug  6 17:53:04 arm systemd[6004]: Listening on GnuPG cryptographic agent and passphrase cache (restricted).
Aug  6 17:53:04 arm systemd[6004]: Listening on GnuPG cryptographic agent (ssh-agent emulation).
Aug  6 17:53:04 arm systemd[6004]: Listening on GnuPG cryptographic agent and passphrase cache.
Aug  6 17:53:04 arm systemd[6004]: Reached target Sockets.
Aug  6 17:53:04 arm systemd[6004]: Reached target Basic System.
Aug  6 17:53:04 arm systemd[6004]: Reached target Main User Target.
Aug  6 17:53:04 arm systemd[6004]: Startup finished in 1.745s.
Aug  6 17:53:04 arm systemd[1]: Started User Manager for UID 1000.
Aug  6 17:53:04 arm systemd[1]: Started Session 1 of user ubuntu.
Aug  6 17:54:01 arm connmand[3614]: eth0 {RX} 19 packets 2059 bytes
Aug  6 17:54:01 arm connmand[3614]: eth0 {TX} 45 packets 9442 bytes
Aug  6 17:54:01 arm connmand[3614]: eth0 {update} flags 36867 <UP>
Aug  6 17:54:01 arm kernel: [  108.195872] macb ff0e0000.ethernet eth0: link down
Aug  6 17:54:01 arm connmand[3614]: eth0 {newlink} index 4 address 38:39:35:35:35:30 mtu 1500
Aug  6 17:54:01 arm connmand[3614]: eth0 {newlink} index 4 operstate 2 <DOWN>
Aug  6 17:54:01 arm avahi-daemon[3542]: Withdrawing address record for 169.254.215.193 on eth0.
Aug  6 17:54:01 arm avahi-daemon[3542]: Leaving mDNS multicast group on interface eth0.IPv4 with address 169.254.215.193.
Aug  6 17:54:01 arm avahi-daemon[3542]: Interface eth0.IPv4 no longer relevant for mDNS.
Aug  6 17:54:01 arm avahi-daemon[3542]: Withdrawing address record for fe80::3a39:35ff:fe35:3530 on eth0.
Aug  6 17:54:01 arm avahi-daemon[3542]: Leaving mDNS multicast group on interface eth0.IPv6 with address fe80::3a39:35ff:fe35:3530.
Aug  6 17:54:01 arm avahi-daemon[3542]: Interface eth0.IPv6 no longer relevant for mDNS.
Aug  6 17:54:01 arm kernel: [  108.252675] IPv6: ADDRCONF(NETDEV_UP): eth0: link is not ready
Aug  6 17:54:01 arm connmand[3614]: eth0 {del} address 169.254.215.193/16 label eth0
Aug  6 17:54:01 arm connmand[3614]: eth0 {del} route 169.254.0.0 gw 0.0.0.0 scope 253 <LINK>
Aug  6 17:54:01 arm connmand[3614]: eth0 {del} route fe80:: gw :: scope 0 <UNIVERSE>
Aug  6 17:54:01 arm connmand[3614]: eth0 {del} route ff00:: gw :: scope 0 <UNIVERSE>
Aug  6 17:54:02 arm connmand[3614]: eth0 {add} route ff00:: gw :: scope 0 <UNIVERSE>
Aug  6 17:54:02 arm connmand[3614]: eth0 {add} route fe80:: gw :: scope 0 <UNIVERSE>
Aug  6 17:54:02 arm connmand[3614]: eth0 {RX} 19 packets 2059 bytes
Aug  6 17:54:02 arm connmand[3614]: eth0 {TX} 45 packets 9442 bytes
Aug  6 17:54:02 arm connmand[3614]: eth0 {update} flags 102467 <UP,RUNNING,LOWER_UP>
Aug  6 17:54:02 arm connmand[3614]: eth0 {newlink} index 4 address 38:39:35:35:35:30 mtu 1500
Aug  6 17:54:02 arm connmand[3614]: eth0 {newlink} index 4 operstate 6 <UP>
Aug  6 17:54:02 arm kernel: [  109.220274] macb ff0e0000.ethernet eth0: link up (10/Full)
Aug  6 17:54:02 arm kernel: [  109.220294] IPv6: ADDRCONF(NETDEV_CHANGE): eth0: link becomes ready
Aug  6 17:54:03 arm avahi-daemon[3542]: Joining mDNS multicast group on interface eth0.IPv6 with address fe80::3a39:35ff:fe35:3530.
Aug  6 17:54:03 arm avahi-daemon[3542]: New relevant interface eth0.IPv6 for mDNS.
Aug  6 17:54:03 arm avahi-daemon[3542]: Registering new address record for fe80::3a39:35ff:fe35:3530 on eth0.*.
Aug  6 17:54:15 arm connmand[3614]: eth0 {RX} 19 packets 2059 bytes
Aug  6 17:54:15 arm connmand[3614]: eth0 {TX} 69 packets 13754 bytes
Aug  6 17:54:15 arm connmand[3614]: eth0 {update} flags 36867 <UP>
Aug  6 17:54:15 arm kernel: [  122.531872] macb ff0e0000.ethernet eth0: link down
Aug  6 17:54:15 arm connmand[3614]: eth0 {newlink} index 4 address 38:39:35:35:35:30 mtu 1500
Aug  6 17:54:15 arm connmand[3614]: eth0 {newlink} index 4 operstate 2 <DOWN>
Aug  6 17:54:15 arm avahi-daemon[3542]: Withdrawing address record for fe80::3a39:35ff:fe35:3530 on eth0.
Aug  6 17:54:15 arm avahi-daemon[3542]: Leaving mDNS multicast group on interface eth0.IPv6 with address fe80::3a39:35ff:fe35:3530.
Aug  6 17:54:15 arm avahi-daemon[3542]: Interface eth0.IPv6 no longer relevant for mDNS.
Aug  6 17:54:15 arm connmand[3614]: eth0 {del} route fe80:: gw :: scope 0 <UNIVERSE>
Aug  6 17:54:15 arm connmand[3614]: eth0 {del} route ff00:: gw :: scope 0 <UNIVERSE>
Aug  6 17:54:15 arm kernel: [  122.576630] IPv6: ADDRCONF(NETDEV_UP): eth0: link is not ready
Aug  6 17:54:16 arm connmand[3614]: eth0 {add} route ff00:: gw :: scope 0 <UNIVERSE>
Aug  6 17:54:16 arm connmand[3614]: eth0 {add} route fe80:: gw :: scope 0 <UNIVERSE>
Aug  6 17:54:16 arm connmand[3614]: eth0 {RX} 19 packets 2059 bytes
Aug  6 17:54:16 arm connmand[3614]: eth0 {TX} 69 packets 13754 bytes
Aug  6 17:54:16 arm connmand[3614]: eth0 {update} flags 102467 <UP,RUNNING,LOWER_UP>
Aug  6 17:54:16 arm connmand[3614]: eth0 {newlink} index 4 address 38:39:35:35:35:30 mtu 1500
Aug  6 17:54:16 arm connmand[3614]: eth0 {newlink} index 4 operstate 6 <UP>
Aug  6 17:54:16 arm kernel: [  123.556064] macb ff0e0000.ethernet eth0: link up (1000/Full)
Aug  6 17:54:16 arm kernel: [  123.556083] IPv6: ADDRCONF(NETDEV_CHANGE): eth0: link becomes ready
Aug  6 17:54:18 arm avahi-daemon[3542]: Joining mDNS multicast group on interface eth0.IPv6 with address fe80::3a39:35ff:fe35:3530.
Aug  6 17:54:18 arm avahi-daemon[3542]: New relevant interface eth0.IPv6 for mDNS.
Aug  6 17:54:18 arm avahi-daemon[3542]: Registering new address record for fe80::3a39:35ff:fe35:3530 on eth0.*.
Aug  6 17:54:56 arm avahi-daemon[3542]: Joining mDNS multicast group on interface eth0.IPv4 with address 169.254.1.194.
Aug  6 17:54:56 arm avahi-daemon[3542]: New relevant interface eth0.IPv4 for mDNS.
Aug  6 17:54:56 arm avahi-daemon[3542]: Registering new address record for 169.254.1.194 on eth0.IPv4.
Aug  6 17:54:56 arm connmand[3614]: eth0 {add} address 169.254.1.194/16 label eth0 family 2
Aug  6 17:54:56 arm connmand[3614]: eth0 {add} route 169.254.0.0 gw 0.0.0.0 scope 253 <LINK>
Aug  6 17:54:56 arm connmand[3614]: eth0 {add} route 0.0.0.0 gw 0.0.0.0 scope 253 <LINK>
Aug  6 17:57:24 arm kernel: [  311.523959] random: crng init done
Aug  6 17:57:24 arm kernel: [  311.523966] random: 7 urandom warning(s) missed due to ratelimiting
Aug  6 17:57:24 arm systemd[1]: Finished Load/Save Random Seed.
Aug  6 17:57:24 arm systemd[1]: Condition check resulted in Store a System Token in an EFI Variable being skipped.
Aug  6 17:57:29 arm sh[5912]: Creating SSH2 RSA key; this may take some time ...
Aug  6 17:57:29 arm sh[6034]: 3072 SHA256:XwiylLw1h4vI7uS2vrBVIVImw9ZlT0WtZbtHEXnbRbk root@arm (RSA)
Aug  6 17:57:29 arm sh[5912]: Creating SSH2 ECDSA key; this may take some time ...
Aug  6 17:57:29 arm sh[6041]: 256 SHA256:5l1/y9yR8SyOpRRvYgcQNL2cZKSUo/5GklRIyXq8Qok root@arm (ECDSA)
Aug  6 17:57:29 arm sh[5912]: Creating SSH2 ED25519 key; this may take some time ...
Aug  6 17:57:29 arm sh[6046]: 256 SHA256:xOhzrAaVzu/LX7PmFINEkzbzdTsvDjwD3qA81pLOP1E root@arm (ED25519)
Aug  6 17:57:30 arm systemd[1]: Reloading.
Aug  6 17:57:31 arm systemd[1]: /lib/systemd/system/dbus.socket:5: ListenStream= references a path below legacy directory /var/run/, updating /var/run/dbus/system_bus_socket → /run/dbus/system_bus_socket; please update the unit file accordingly.
Aug  6 17:57:32 arm sh[6077]: rescue-ssh.target is a disabled or a static unit, not starting it.
Aug  6 17:57:32 arm systemd[1]: Reloading.
Aug  6 17:57:33 arm systemd[1]: /lib/systemd/system/dbus.socket:5: ListenStream= references a path below legacy directory /var/run/, updating /var/run/dbus/system_bus_socket → /run/dbus/system_bus_socket; please update the unit file accordingly.
Aug  6 17:57:34 arm systemd[1]: Reloading.
Aug  6 17:57:35 arm systemd[1]: /lib/systemd/system/dbus.socket:5: ListenStream= references a path below legacy directory /var/run/, updating /var/run/dbus/system_bus_socket → /run/dbus/system_bus_socket; please update the unit file accordingly.
Aug  6 17:57:36 arm systemd[1]: Starting OpenBSD Secure Shell server...
Aug  6 17:57:36 arm systemd[1]: Started OpenBSD Secure Shell server.
Aug  6 17:57:37 arm sh[6139]: Initializing machine ID from D-Bus machine ID.
Aug  6 17:57:37 arm sh[4253]: generic-board-startup: efi
Aug  6 17:57:37 arm sh[4253]: generic-board-startup: gpio
Aug  6 17:57:37 arm sh[4253]: generic-board-startup: leds
Aug  6 17:57:37 arm sh[4253]: generic-board-startup: model
Aug  6 17:57:37 arm sh[4253]: generic-board-startup: [model=ZynqMP_ZCU104_RevA]
Aug  6 17:57:37 arm sh[4253]: generic-board-startup: [startup script=/opt/scripts/boot/generic.sh]
Aug  6 17:57:37 arm systemd[1]: generic-board-startup.service: Succeeded.
Aug  6 17:57:37 arm systemd[1]: Finished Generic Board Startup.
Aug  6 17:57:37 arm systemd[1]: Reached target Multi-User System.
Aug  6 17:57:37 arm systemd[1]: Reached target Graphical Interface.
Aug  6 17:57:37 arm systemd[1]: Starting Update UTMP about System Runlevel Changes...
Aug  6 17:57:37 arm systemd[1]: systemd-update-utmp-runlevel.service: Succeeded.
Aug  6 17:57:37 arm systemd[1]: Finished Update UTMP about System Runlevel Changes.
Aug  6 17:57:37 arm systemd[1]: Startup finished in 4.921s (kernel) + 5min 19.327s (userspace) = 5min 24.248s.
Aug  6 18:00:24 arm systemd[1]: Starting Network Service...
Aug  6 18:00:24 arm systemd-networkd[6185]: eth0: Gained IPv6LL
Aug  6 18:00:24 arm systemd-networkd[6185]: Enumeration completed
Aug  6 18:00:24 arm systemd[1]: Started Network Service.
Aug  6 18:00:24 arm systemd-networkd[6185]: eth0: IPv6 successfully enabled
Aug  6 18:00:24 arm connmand[3614]: eth0 {RX} 1203 packets 79225 bytes
Aug  6 18:00:24 arm connmand[3614]: eth0 {TX} 133 packets 33950 bytes
Aug  6 18:00:24 arm connmand[3614]: eth0 {newlink} index 4 address 38:39:35:35:35:30 mtu 1500
Aug  6 18:00:24 arm connmand[3614]: eth0 {newlink} index 4 operstate 6 <UP>
Aug  6 18:00:24 arm avahi-daemon[3542]: Withdrawing address record for 169.254.1.194 on eth0.
Aug  6 18:00:24 arm connmand[3614]: eth0 {del} address 169.254.1.194/16 label eth0
Aug  6 18:00:24 arm avahi-daemon[3542]: Leaving mDNS multicast group on interface eth0.IPv4 with address 169.254.1.194.
Aug  6 18:00:24 arm avahi-daemon[3542]: Interface eth0.IPv4 no longer relevant for mDNS.
Aug  6 18:00:24 arm connmand[3614]: eth0 {del} route 169.254.0.0 gw 0.0.0.0 scope 253 <LINK>
Aug  6 18:00:48 arm systemd[1]: Stopping Session 1 of user ubuntu.
Aug  6 18:00:48 arm systemd[1]: Removed slice system-modprobe.slice.
Aug  6 18:00:48 arm systemd[1]: Stopped target Graphical Interface.
Aug  6 18:00:48 arm systemd[1]: Stopped target Multi-User System.
Aug  6 18:00:48 arm systemd[1]: Stopped target Login Prompts.
Aug  6 18:00:48 arm systemd[1]: Stopped target Timers.
Aug  6 18:00:48 arm systemd[1]: e2scrub_all.timer: Succeeded.
Aug  6 18:00:48 arm systemd[1]: Stopped Periodic ext4 Online Metadata Check for All Filesystems.
Aug  6 18:00:48 arm systemd[1]: fstrim.timer: Succeeded.
Aug  6 18:00:48 arm systemd[1]: Stopped Discard unused blocks once a week.
Aug  6 18:00:48 arm systemd[1]: logrotate.timer: Succeeded.
Aug  6 18:00:48 arm systemd[1]: Stopped Daily rotation of log files.
Aug  6 18:00:48 arm systemd[1]: motd-news.timer: Succeeded.
Aug  6 18:00:48 arm systemd[1]: Stopped Message of the Day.
Aug  6 18:00:48 arm systemd[1]: systemd-tmpfiles-clean.timer: Succeeded.
Aug  6 18:00:48 arm systemd[1]: Stopped Daily Cleanup of Temporary Directories.
Aug  6 18:00:48 arm systemd[1]: Stopped target System Time Synchronized.
Aug  6 18:00:48 arm systemd[1]: Stopped target System Time Set.
Aug  6 18:00:48 arm systemd[1]: systemd-rfkill.socket: Succeeded.
Aug  6 18:00:48 arm systemd[1]: Closed Load/Save RF Kill Switch Status /dev/rfkill Watch.
Aug  6 18:00:48 arm avahi-daemon[3542]: Got SIGTERM, quitting.
Aug  6 18:00:48 arm systemd[1]: Stopping Avahi mDNS/DNS-SD Stack...
Aug  6 18:00:48 arm avahi-daemon[3542]: Leaving mDNS multicast group on interface eth0.IPv6 with address fe80::3a39:35ff:fe35:3530.
Aug  6 18:00:48 arm avahi-daemon[3542]: Leaving mDNS multicast group on interface lo.IPv6 with address ::1.
Aug  6 18:00:48 arm avahi-daemon[3542]: Leaving mDNS multicast group on interface lo.IPv4 with address 127.0.0.1.
Aug  6 18:00:49 arm systemd[1]: Stopping LSB: set CPUFreq kernel parameters...
Aug  6 18:00:49 arm avahi-daemon[3542]: avahi-daemon 0.7 exiting.
Aug  6 18:00:49 arm systemd[1]: Stopping Regular background program processing daemon...
Aug  6 18:00:49 arm dundee[3659]: Terminating
Aug  6 18:00:49 arm systemd[1]: Stopping DUN service...
Aug  6 18:00:49 arm dundee[3659]: Exit
Aug  6 18:00:49 arm systemd[1]: Stopping Getty on tty1...
Aug  6 18:00:49 arm systemd[1]: Stopping Dispatcher daemon for systemd-networkd...
Aug  6 18:00:49 arm systemd[1]: Stopping A high performance web server and a reverse proxy server...
Aug  6 18:00:49 arm systemd[1]: Stopping Telephony service...
Aug  6 18:00:49 arm ofonod[3723]: Terminating
Aug  6 18:00:49 arm dbus-daemon[3575]: [system] Activating via systemd: service name='org.bluez' unit='dbus-org.bluez.service' requested by ':1.2' (uid=0 pid=3723 comm="/usr/sbin/ofonod -n ")
Aug  6 18:00:49 arm ofonod[3723]: Exit
Aug  6 18:02:35 arm kernel: [    0.000000] Booting Linux on physical CPU 0x0000000000 [0x410fd034]
Aug  6 18:02:35 arm kernel: [    0.000000] Linux version 4.19.0 (udrc@udrc-Alienware-m15) (gcc version 7.5.0 (Ubuntu/Linaro 7.5.0-3ubuntu1~18.04)) #1 SMP Thu Aug 5 21:59:55 BST 2021
Aug  6 18:02:35 arm kernel: [    0.000000] Machine model: ZynqMP ZCU104 RevA
Aug  6 18:02:35 arm kernel: [    0.000000] efi: Getting EFI parameters from FDT:
Aug  6 18:02:35 arm kernel: [    0.000000] efi: UEFI not found.
Aug  6 18:02:35 arm kernel: [    0.000000] cma: Reserved 256 MiB at 0x0000000070000000
Aug  6 18:02:35 arm kernel: [    0.000000] On node 0 totalpages: 524288
Aug  6 18:02:35 arm kernel: [    0.000000]   DMA32 zone: 7168 pages used for memmap
Aug  6 18:02:35 arm kernel: [    0.000000]   DMA32 zone: 0 pages reserved
Aug  6 18:02:35 arm kernel: [    0.000000]   DMA32 zone: 524288 pages, LIFO batch:63
Aug  6 18:02:35 arm kernel: [    0.000000] psci: probing for conduit method from DT.
Aug  6 18:02:35 arm kernel: [    0.000000] psci: PSCIv1.1 detected in firmware.
Aug  6 18:02:35 arm kernel: [    0.000000] psci: Using standard PSCI v0.2 function IDs
Aug  6 18:02:35 arm kernel: [    0.000000] psci: MIGRATE_INFO_TYPE not supported.
Aug  6 18:02:35 arm kernel: [    0.000000] psci: SMC Calling Convention v1.1
Aug  6 18:02:35 arm kernel: [    0.000000] random: get_random_bytes called from start_kernel+0xa8/0x414 with crng_init=0
Aug  6 18:02:35 arm kernel: [    0.000000] percpu: Embedded 22 pages/cpu @(____ptrval____) s52504 r8192 d29416 u90112
Aug  6 18:02:35 arm kernel: [    0.000000] pcpu-alloc: s52504 r8192 d29416 u90112 alloc=22*4096
Aug  6 18:02:35 arm kernel: [    0.000000] pcpu-alloc: [0] 0 [0] 1 [0] 2 [0] 3 
Aug  6 18:02:35 arm kernel: [    0.000000] Detected VIPT I-cache on CPU0
Aug  6 18:02:35 arm kernel: [    0.000000] CPU features: enabling workaround for ARM erratum 845719
Aug  6 18:02:35 arm kernel: [    0.000000] Speculative Store Bypass Disable mitigation not required
Aug  6 18:02:35 arm kernel: [    0.000000] CPU features: detected: Kernel page table isolation (KPTI)
Aug  6 18:02:35 arm kernel: [    0.000000] Built 1 zonelists, mobility grouping on.  Total pages: 517120
Aug  6 18:02:35 arm kernel: [    0.000000] Kernel command line: root=/dev/mmcblk0p2 rw rootwait
Aug  6 18:02:35 arm kernel: [    0.000000] Dentry cache hash table entries: 262144 (order: 9, 2097152 bytes)
Aug  6 18:02:35 arm kernel: [    0.000000] Inode-cache hash table entries: 131072 (order: 8, 1048576 bytes)
Aug  6 18:02:35 arm kernel: [    0.000000] Memory: 1786524K/2097152K available (10876K kernel code, 626K rwdata, 3240K rodata, 832K init, 312K bss, 48484K reserved, 262144K cma-reserved)
Aug  6 18:02:35 arm kernel: [    0.000000] rcu: Hierarchical RCU implementation.
Aug  6 18:02:35 arm kernel: [    0.000000] rcu: 	RCU event tracing is enabled.
Aug  6 18:02:35 arm kernel: [    0.000000] rcu: 	RCU restricting CPUs from NR_CPUS=8 to nr_cpu_ids=4.
Aug  6 18:02:35 arm kernel: [    0.000000] rcu: Adjusting geometry for rcu_fanout_leaf=16, nr_cpu_ids=4
Aug  6 18:02:35 arm kernel: [    0.000000] NR_IRQS: 64, nr_irqs: 64, preallocated irqs: 0
Aug  6 18:02:35 arm kernel: [    0.000000] GIC: Adjusting CPU interface base to 0x00000000f902f000
Aug  6 18:02:35 arm kernel: [    0.000000] GIC: Using split EOI/Deactivate mode
Aug  6 18:02:35 arm kernel: [    0.000000] arch_timer: cp15 timer(s) running at 100.00MHz (phys).
Aug  6 18:02:35 arm kernel: [    0.000000] clocksource: arch_sys_counter: mask: 0xffffffffffffff max_cycles: 0x171024e7e0, max_idle_ns: 440795205315 ns
Aug  6 18:02:35 arm kernel: [    0.000003] sched_clock: 56 bits at 100MHz, resolution 10ns, wraps every 4398046511100ns
Aug  6 18:02:35 arm kernel: [    0.000218] Console: colour dummy device 80x25
Aug  6 18:02:35 arm kernel: [    0.000411] console [tty0] enabled
Aug  6 18:02:35 arm kernel: [    0.000431] Calibrating delay loop (skipped), value calculated using timer frequency.. 200.00 BogoMIPS (lpj=400000)
Aug  6 18:02:35 arm kernel: [    0.000447] pid_max: default: 32768 minimum: 301
Aug  6 18:02:35 arm kernel: [    0.000562] Mount-cache hash table entries: 4096 (order: 3, 32768 bytes)
Aug  6 18:02:35 arm kernel: [    0.000578] Mountpoint-cache hash table entries: 4096 (order: 3, 32768 bytes)
Aug  6 18:02:35 arm kernel: [    0.001291] ASID allocator initialised with 32768 entries
Aug  6 18:02:35 arm kernel: [    0.001346] rcu: Hierarchical SRCU implementation.
Aug  6 18:02:35 arm kernel: [    0.001626] EFI services will not be available.
Aug  6 18:02:35 arm kernel: [    0.001745] smp: Bringing up secondary CPUs ...
Aug  6 18:02:35 arm kernel: [    0.002021] Detected VIPT I-cache on CPU1
Aug  6 18:02:35 arm kernel: [    0.002050] CPU1: Booted secondary processor 0x0000000001 [0x410fd034]
Aug  6 18:02:35 arm kernel: [    0.002355] Detected VIPT I-cache on CPU2
Aug  6 18:02:35 arm kernel: [    0.002374] CPU2: Booted secondary processor 0x0000000002 [0x410fd034]
Aug  6 18:02:35 arm kernel: [    0.002653] Detected VIPT I-cache on CPU3
Aug  6 18:02:35 arm kernel: [    0.002673] CPU3: Booted secondary processor 0x0000000003 [0x410fd034]
Aug  6 18:02:35 arm kernel: [    0.002716] smp: Brought up 1 node, 4 CPUs
Aug  6 18:02:35 arm kernel: [    0.002758] SMP: Total of 4 processors activated.
Aug  6 18:02:35 arm kernel: [    0.002768] CPU features: detected: 32-bit EL0 Support
Aug  6 18:02:35 arm kernel: [    0.004120] CPU: All CPU(s) started at EL2
Aug  6 18:02:35 arm kernel: [    0.004137] alternatives: patching kernel code
Aug  6 18:02:35 arm kernel: [    0.005008] devtmpfs: initialized
Aug  6 18:02:35 arm kernel: [    0.008880] clocksource: jiffies: mask: 0xffffffff max_cycles: 0xffffffff, max_idle_ns: 7645041785100000 ns
Aug  6 18:02:35 arm kernel: [    0.008901] futex hash table entries: 1024 (order: 4, 65536 bytes)
Aug  6 18:02:35 arm kernel: [    0.013801] xor: measuring software checksum speed
Aug  6 18:02:35 arm kernel: [    0.052172]    8regs     :  2303.000 MB/sec
Aug  6 18:02:35 arm kernel: [    0.092204]    8regs_prefetch:  2053.000 MB/sec
Aug  6 18:02:35 arm kernel: [    0.132239]    32regs    :  2831.000 MB/sec
Aug  6 18:02:35 arm kernel: [    0.172267]    32regs_prefetch:  2379.000 MB/sec
Aug  6 18:02:35 arm kernel: [    0.172275] xor: using function: 32regs (2831.000 MB/sec)
Aug  6 18:02:35 arm kernel: [    0.172290] pinctrl core: initialized pinctrl subsystem
Aug  6 18:02:35 arm kernel: [    0.172919] NET: Registered protocol family 16
Aug  6 18:02:35 arm kernel: [    0.173165] audit: initializing netlink subsys (disabled)
Aug  6 18:02:35 arm kernel: [    0.173243] audit: type=2000 audit(0.172:1): state=initialized audit_enabled=0 res=1
Aug  6 18:02:35 arm kernel: [    0.173872] cpuidle: using governor menu
Aug  6 18:02:35 arm kernel: [    0.173969] vdso: 2 pages (1 code @ (____ptrval____), 1 data @ (____ptrval____))
Aug  6 18:02:35 arm kernel: [    0.173983] hw-breakpoint: found 6 breakpoint and 4 watchpoint registers.
Aug  6 18:02:35 arm kernel: [    0.174809] DMA: preallocated 256 KiB pool for atomic allocations
Aug  6 18:02:35 arm kernel: [    0.186808] HugeTLB registered 2.00 MiB page size, pre-allocated 0 pages
Aug  6 18:02:35 arm kernel: [    0.252386] raid6: int64x1  gen()   428 MB/s
Aug  6 18:02:35 arm kernel: [    0.320438] raid6: int64x1  xor()   355 MB/s
Aug  6 18:02:35 arm kernel: [    0.388501] raid6: int64x2  gen()   665 MB/s
Aug  6 18:02:35 arm kernel: [    0.456531] raid6: int64x2  xor()   539 MB/s
Aug  6 18:02:35 arm kernel: [    0.524567] raid6: int64x4  gen()  1030 MB/s
Aug  6 18:02:35 arm kernel: [    0.592609] raid6: int64x4  xor()   734 MB/s
Aug  6 18:02:35 arm kernel: [    0.660659] raid6: int64x8  gen()   982 MB/s
Aug  6 18:02:35 arm kernel: [    0.728724] raid6: int64x8  xor()   747 MB/s
Aug  6 18:02:35 arm kernel: [    0.796732] raid6: neonx1   gen()   707 MB/s
Aug  6 18:02:35 arm kernel: [    0.864806] raid6: neonx1   xor()   726 MB/s
Aug  6 18:02:35 arm kernel: [    0.932856] raid6: neonx2   gen()  1147 MB/s
Aug  6 18:02:35 arm kernel: [    1.000892] raid6: neonx2   xor()  1143 MB/s
Aug  6 18:02:35 arm kernel: [    1.068967] raid6: neonx4   gen()  1512 MB/s
Aug  6 18:02:35 arm kernel: [    1.136980] raid6: neonx4   xor()  1419 MB/s
Aug  6 18:02:35 arm kernel: [    1.205061] raid6: neonx8   gen()  1664 MB/s
Aug  6 18:02:35 arm kernel: [    1.273077] raid6: neonx8   xor()  1523 MB/s
Aug  6 18:02:35 arm kernel: [    1.273085] raid6: using algorithm neonx8 gen() 1664 MB/s
Aug  6 18:02:35 arm kernel: [    1.273092] raid6: .... xor() 1523 MB/s, rmw enabled
Aug  6 18:02:35 arm kernel: [    1.273100] raid6: using neon recovery algorithm
Aug  6 18:02:35 arm kernel: [    1.273738] SCSI subsystem initialized
Aug  6 18:02:35 arm kernel: [    1.273779] libata version 3.00 loaded.
Aug  6 18:02:35 arm kernel: [    1.273920] usbcore: registered new interface driver usbfs
Aug  6 18:02:35 arm kernel: [    1.273958] usbcore: registered new interface driver hub
Aug  6 18:02:35 arm kernel: [    1.273995] usbcore: registered new device driver usb
Aug  6 18:02:35 arm kernel: [    1.274060] media: Linux media interface: v0.10
Aug  6 18:02:35 arm kernel: [    1.274087] videodev: Linux video capture interface: v2.00
Aug  6 18:02:35 arm kernel: [    1.274119] pps_core: LinuxPPS API ver. 1 registered
Aug  6 18:02:35 arm kernel: [    1.274127] pps_core: Software ver. 5.3.6 - Copyright 2005-2007 Rodolfo Giometti <giometti@linux.it>
Aug  6 18:02:35 arm kernel: [    1.274147] PTP clock support registered
Aug  6 18:02:35 arm kernel: [    1.274173] EDAC MC: Ver: 3.0.0
Aug  6 18:02:35 arm kernel: [    1.274609] zynqmp-ipi-mbox mailbox@ff990400: Probed ZynqMP IPI Mailbox driver.
Aug  6 18:02:35 arm kernel: [    1.274794] FPGA manager framework
Aug  6 18:02:35 arm kernel: [    1.274938] Advanced Linux Sound Architecture Driver Initialized.
Aug  6 18:02:35 arm kernel: [    1.275240] Bluetooth: Core ver 2.22
Aug  6 18:02:35 arm kernel: [    1.275268] NET: Registered protocol family 31
Aug  6 18:02:35 arm kernel: [    1.275277] Bluetooth: HCI device and connection manager initialized
Aug  6 18:02:35 arm kernel: [    1.275289] Bluetooth: HCI socket layer initialized
Aug  6 18:02:35 arm kernel: [    1.275299] Bluetooth: L2CAP socket layer initialized
Aug  6 18:02:35 arm kernel: [    1.275324] Bluetooth: SCO socket layer initialized
Aug  6 18:02:35 arm kernel: [    1.275610] clocksource: Switched to clocksource arch_sys_counter
Aug  6 18:02:35 arm kernel: [    1.275692] VFS: Disk quotas dquot_6.6.0
Aug  6 18:02:35 arm kernel: [    1.275739] VFS: Dquot-cache hash table entries: 512 (order 0, 4096 bytes)
Aug  6 18:02:35 arm kernel: [    1.280153] NET: Registered protocol family 2
Aug  6 18:02:35 arm kernel: [    1.280507] tcp_listen_portaddr_hash hash table entries: 1024 (order: 2, 16384 bytes)
Aug  6 18:02:35 arm kernel: [    1.280541] TCP established hash table entries: 16384 (order: 5, 131072 bytes)
Aug  6 18:02:35 arm kernel: [    1.280652] TCP bind hash table entries: 16384 (order: 6, 262144 bytes)
Aug  6 18:02:35 arm kernel: [    1.280858] TCP: Hash tables configured (established 16384 bind 16384)
Aug  6 18:02:35 arm kernel: [    1.280923] UDP hash table entries: 1024 (order: 3, 32768 bytes)
Aug  6 18:02:35 arm kernel: [    1.280969] UDP-Lite hash table entries: 1024 (order: 3, 32768 bytes)
Aug  6 18:02:35 arm kernel: [    1.281093] NET: Registered protocol family 1
Aug  6 18:02:35 arm kernel: [    1.281302] RPC: Registered named UNIX socket transport module.
Aug  6 18:02:35 arm kernel: [    1.281312] RPC: Registered udp transport module.
Aug  6 18:02:35 arm kernel: [    1.281319] RPC: Registered tcp transport module.
Aug  6 18:02:35 arm kernel: [    1.281327] RPC: Registered tcp NFSv4.1 backchannel transport module.
Aug  6 18:02:35 arm kernel: [    1.281577] PCI: CLS 0 bytes, default 64
Aug  6 18:02:35 arm kernel: [    1.281962] hw perfevents: no interrupt-affinity property for /pmu, guessing.
Aug  6 18:02:35 arm kernel: [    1.282111] hw perfevents: enabled with armv8_pmuv3 PMU driver, 7 counters available
Aug  6 18:02:35 arm kernel: [    1.282895] Initialise system trusted keyrings
Aug  6 18:02:35 arm kernel: [    1.282983] workingset: timestamp_bits=62 max_order=19 bucket_order=0
Aug  6 18:02:35 arm kernel: [    1.283725] NFS: Registering the id_resolver key type
Aug  6 18:02:35 arm kernel: [    1.283743] Key type id_resolver registered
Aug  6 18:02:35 arm kernel: [    1.283750] Key type id_legacy registered
Aug  6 18:02:35 arm kernel: [    1.283764] nfs4filelayout_init: NFSv4 File Layout Driver Registering...
Aug  6 18:02:35 arm kernel: [    1.283785] jffs2: version 2.2. (NAND) © 2001-2006 Red Hat, Inc.
Aug  6 18:02:35 arm kernel: [    2.359295] NET: Registered protocol family 38
Aug  6 18:02:35 arm kernel: [    2.416816] Key type asymmetric registered
Aug  6 18:02:35 arm kernel: [    2.416826] Asymmetric key parser 'x509' registered
Aug  6 18:02:35 arm kernel: [    2.416867] Block layer SCSI generic (bsg) driver version 0.4 loaded (major 247)
Aug  6 18:02:35 arm kernel: [    2.416880] io scheduler noop registered
Aug  6 18:02:35 arm kernel: [    2.416888] io scheduler deadline registered
Aug  6 18:02:35 arm kernel: [    2.416924] io scheduler cfq registered (default)
Aug  6 18:02:35 arm kernel: [    2.416933] io scheduler mq-deadline registered
Aug  6 18:02:35 arm kernel: [    2.416941] io scheduler kyber registered
Aug  6 18:02:35 arm kernel: [    2.444572] Serial: 8250/16550 driver, 4 ports, IRQ sharing disabled
Aug  6 18:02:35 arm kernel: [    2.447284] cacheinfo: Unable to detect cache hierarchy for CPU 0
Aug  6 18:02:35 arm kernel: [    2.451899] brd: module loaded
Aug  6 18:02:35 arm kernel: [    2.455929] loop: module loaded
Aug  6 18:02:35 arm kernel: [    2.456638] mtdoops: mtd device (mtddev=name/number) must be supplied
Aug  6 18:02:35 arm kernel: [    2.457881] libphy: Fixed MDIO Bus: probed
Aug  6 18:02:35 arm kernel: [    2.459142] tun: Universal TUN/TAP device driver, 1.6
Aug  6 18:02:35 arm kernel: [    2.459279] CAN device driver interface
Aug  6 18:02:35 arm kernel: [    2.460030] usbcore: registered new interface driver asix
Aug  6 18:02:35 arm kernel: [    2.460063] usbcore: registered new interface driver ax88179_178a
Aug  6 18:02:35 arm kernel: [    2.460094] usbcore: registered new interface driver cdc_ether
Aug  6 18:02:35 arm kernel: [    2.460123] usbcore: registered new interface driver net1080
Aug  6 18:02:35 arm kernel: [    2.460154] usbcore: registered new interface driver cdc_subset
Aug  6 18:02:35 arm kernel: [    2.460184] usbcore: registered new interface driver zaurus
Aug  6 18:02:35 arm kernel: [    2.460221] usbcore: registered new interface driver cdc_ncm
Aug  6 18:02:35 arm kernel: [    2.460834] usbcore: registered new interface driver uas
Aug  6 18:02:35 arm kernel: [    2.460874] usbcore: registered new interface driver usb-storage
Aug  6 18:02:35 arm kernel: [    2.461728] rtc_zynqmp ffa60000.rtc: rtc core: registered ffa60000.rtc as rtc0
Aug  6 18:02:35 arm kernel: [    2.461795] i2c /dev entries driver
Aug  6 18:02:35 arm kernel: [    2.463062] usbcore: registered new interface driver uvcvideo
Aug  6 18:02:35 arm kernel: [    2.463071] USB Video Class driver (1.1.1)
Aug  6 18:02:35 arm kernel: [    2.464114] Bluetooth: HCI UART driver ver 2.3
Aug  6 18:02:35 arm kernel: [    2.464128] Bluetooth: HCI UART protocol H4 registered
Aug  6 18:02:35 arm kernel: [    2.464136] Bluetooth: HCI UART protocol BCSP registered
Aug  6 18:02:35 arm kernel: [    2.464170] Bluetooth: HCI UART protocol LL registered
Aug  6 18:02:35 arm kernel: [    2.464179] Bluetooth: HCI UART protocol ATH3K registered
Aug  6 18:02:35 arm kernel: [    2.464202] Bluetooth: HCI UART protocol Three-wire (H5) registered
Aug  6 18:02:35 arm kernel: [    2.464268] Bluetooth: HCI UART protocol Intel registered
Aug  6 18:02:35 arm kernel: [    2.464291] Bluetooth: HCI UART protocol QCA registered
Aug  6 18:02:35 arm kernel: [    2.464331] usbcore: registered new interface driver bcm203x
Aug  6 18:02:35 arm kernel: [    2.464368] usbcore: registered new interface driver bpa10x
Aug  6 18:02:35 arm kernel: [    2.464404] usbcore: registered new interface driver bfusb
Aug  6 18:02:35 arm kernel: [    2.464437] usbcore: registered new interface driver btusb
Aug  6 18:02:35 arm kernel: [    2.464446] Bluetooth: Generic Bluetooth SDIO driver ver 0.1
Aug  6 18:02:35 arm kernel: [    2.464495] usbcore: registered new interface driver ath3k
Aug  6 18:02:35 arm kernel: [    2.464621] EDAC MC: ECC not enabled
Aug  6 18:02:35 arm kernel: [    2.464766] EDAC DEVICE0: Giving out device to module zynqmp-ocm-edac controller zynqmp_ocm: DEV ff960000.memory-controller (INTERRUPT)
Aug  6 18:02:35 arm kernel: [    2.465422] sdhci: Secure Digital Host Controller Interface driver
Aug  6 18:02:35 arm kernel: [    2.465431] sdhci: Copyright(c) Pierre Ossman
Aug  6 18:02:35 arm kernel: [    2.465438] sdhci-pltfm: SDHCI platform and OF driver helper
Aug  6 18:02:35 arm kernel: [    2.466168] ledtrig-cpu: registered to indicate activity on CPUs
Aug  6 18:02:35 arm kernel: [    2.466227] zynqmp_firmware_probe Platform Management API v1.1
Aug  6 18:02:35 arm kernel: [    2.466238] zynqmp_firmware_probe Trustzone version v1.0
Aug  6 18:02:35 arm kernel: [    2.469151] zynqmp-pinctrl firmware:zynqmp-firmware:pinctrl: zynqmp pinctrl initialized
Aug  6 18:02:35 arm kernel: [    2.490763] zynqmp_clk_mux_get_parent() getparent failed for clock: lpd_wdt, ret = -22
Aug  6 18:02:35 arm kernel: [    2.491443] alg: No test for xilinx-zynqmp-aes (zynqmp-aes)
Aug  6 18:02:35 arm kernel: [    2.491467] zynqmp_aes zynqmp_aes: AES Successfully Registered
Aug  6 18:02:35 arm kernel: [    2.491467] 
Aug  6 18:02:35 arm kernel: [    2.491722] alg: No test for xilinx-keccak-384 (zynqmp-keccak-384)
Aug  6 18:02:35 arm kernel: [    2.491890] alg: No test for xilinx-zynqmp-rsa (zynqmp-rsa)
Aug  6 18:02:35 arm kernel: [    2.492096] usbcore: registered new interface driver usbhid
Aug  6 18:02:35 arm kernel: [    2.492106] usbhid: USB HID core driver
Aug  6 18:02:35 arm kernel: [    2.494309] fpga_manager fpga0: Xilinx ZynqMP FPGA Manager registered
Aug  6 18:02:35 arm kernel: [    2.494649] usbcore: registered new interface driver snd-usb-audio
Aug  6 18:02:35 arm kernel: [    2.495420] pktgen: Packet Generator for packet performance testing. Version: 2.75
Aug  6 18:02:35 arm kernel: [    2.495841] Initializing XFRM netlink socket
Aug  6 18:02:35 arm kernel: [    2.495917] NET: Registered protocol family 10
Aug  6 18:02:35 arm kernel: [    2.496275] Segment Routing with IPv6
Aug  6 18:02:35 arm kernel: [    2.496367] sit: IPv6, IPv4 and MPLS over IPv4 tunneling driver
Aug  6 18:02:35 arm kernel: [    2.496708] NET: Registered protocol family 17
Aug  6 18:02:35 arm kernel: [    2.496724] NET: Registered protocol family 15
Aug  6 18:02:35 arm kernel: [    2.496745] bridge: filtering via arp/ip/ip6tables is no longer available by default. Update your scripts to load br_netfilter if you need this.
Aug  6 18:02:35 arm kernel: [    2.496795] can: controller area network core (rev 20170425 abi 9)
Aug  6 18:02:35 arm kernel: [    2.496827] NET: Registered protocol family 29
Aug  6 18:02:35 arm kernel: [    2.496837] can: raw protocol (rev 20170425)
Aug  6 18:02:35 arm kernel: [    2.496844] can: broadcast manager protocol (rev 20170425 t)
Aug  6 18:02:35 arm kernel: [    2.496855] can: netlink gateway (rev 20170425) max_hops=1
Aug  6 18:02:35 arm kernel: [    2.496922] Bluetooth: RFCOMM TTY layer initialized
Aug  6 18:02:35 arm kernel: [    2.496935] Bluetooth: RFCOMM socket layer initialized
Aug  6 18:02:35 arm kernel: [    2.496951] Bluetooth: RFCOMM ver 1.11
Aug  6 18:02:35 arm kernel: [    2.496962] Bluetooth: BNEP (Ethernet Emulation) ver 1.3
Aug  6 18:02:35 arm kernel: [    2.496970] Bluetooth: BNEP filters: protocol multicast
Aug  6 18:02:35 arm kernel: [    2.496980] Bluetooth: BNEP socket layer initialized
Aug  6 18:02:35 arm kernel: [    2.496988] Bluetooth: HIDP (Human Interface Emulation) ver 1.2
Aug  6 18:02:35 arm kernel: [    2.496998] Bluetooth: HIDP socket layer initialized
Aug  6 18:02:35 arm kernel: [    2.497099] 9pnet: Installing 9P2000 support
Aug  6 18:02:35 arm kernel: [    2.497122] Key type dns_resolver registered
Aug  6 18:02:35 arm kernel: [    2.497526] registered taskstats version 1
Aug  6 18:02:35 arm kernel: [    2.497534] Loading compiled-in X.509 certificates
Aug  6 18:02:35 arm kernel: [    2.497887] Btrfs loaded, crc32c=crc32c-generic
Aug  6 18:02:35 arm kernel: [    2.504232] ff000000.serial: ttyPS0 at MMIO 0xff000000 (irq = 33, base_baud = 6249999) is a xuartps
Aug  6 18:02:35 arm kernel: [    3.722152] console [ttyPS0] enabled
Aug  6 18:02:35 arm kernel: [    3.726402] ff010000.serial: ttyPS1 at MMIO 0xff010000 (irq = 34, base_baud = 6249999) is a xuartps
Aug  6 18:02:35 arm kernel: [    3.736031] of-fpga-region fpga-full: FPGA Region probed
Aug  6 18:02:35 arm kernel: [    3.742212] xilinx-dpdma fd4c0000.dma: Xilinx DPDMA engine is probed
Aug  6 18:02:35 arm kernel: [    3.748798] xilinx-zynqmp-dma fd500000.dma: ZynqMP DMA driver Probe success
Aug  6 18:02:35 arm kernel: [    3.755907] xilinx-zynqmp-dma fd510000.dma: ZynqMP DMA driver Probe success
Aug  6 18:02:35 arm kernel: [    3.763014] xilinx-zynqmp-dma fd520000.dma: ZynqMP DMA driver Probe success
Aug  6 18:02:35 arm kernel: [    3.770123] xilinx-zynqmp-dma fd530000.dma: ZynqMP DMA driver Probe success
Aug  6 18:02:35 arm kernel: [    3.777230] xilinx-zynqmp-dma fd540000.dma: ZynqMP DMA driver Probe success
Aug  6 18:02:35 arm kernel: [    3.784346] xilinx-zynqmp-dma fd550000.dma: ZynqMP DMA driver Probe success
Aug  6 18:02:35 arm kernel: [    3.791452] xilinx-zynqmp-dma fd560000.dma: ZynqMP DMA driver Probe success
Aug  6 18:02:35 arm kernel: [    3.798561] xilinx-zynqmp-dma fd570000.dma: ZynqMP DMA driver Probe success
Aug  6 18:02:35 arm kernel: [    3.805651] xilinx-psgtr fd400000.zynqmp_phy: Invalid lane type
Aug  6 18:02:35 arm kernel: [    3.811574] zynqmp-display fd4a0000.zynqmp-display: failed to get phy lane
Aug  6 18:02:35 arm kernel: [    3.818457] zynqmp-display: probe of fd4a0000.zynqmp-display failed with error -22
Aug  6 18:02:35 arm kernel: [    3.826444] xilinx-psgtr fd400000.zynqmp_phy: Lane:3 type:3 protocol:2 pll_locked:yes
Aug  6 18:02:35 arm kernel: [    3.834325] ahci-ceva fd0c0000.ahci: AHCI 0001.0301 32 slots 2 ports 6 Gbps 0x3 impl platform mode
Aug  6 18:02:35 arm kernel: [    3.843285] ahci-ceva fd0c0000.ahci: flags: 64bit ncq sntf pm clo only pmp fbs pio slum part ccc sds apst 
Aug  6 18:02:35 arm kernel: [    3.854163] scsi host0: ahci-ceva
Aug  6 18:02:35 arm kernel: [    3.857733] scsi host1: ahci-ceva
Aug  6 18:02:35 arm kernel: [    3.861193] ata1: SATA max UDMA/133 mmio [mem 0xfd0c0000-0xfd0c1fff] port 0x100 irq 31
Aug  6 18:02:35 arm kernel: [    3.869116] ata2: SATA max UDMA/133 mmio [mem 0xfd0c0000-0xfd0c1fff] port 0x180 irq 31
Aug  6 18:02:35 arm kernel: [    3.877728] m25p80 spi0.0: found n25q512a, expected m25p80
Aug  6 18:02:35 arm kernel: [    3.883620] m25p80 spi0.0: n25q512a (65536 Kbytes)
Aug  6 18:02:35 arm kernel: [    3.888438] 4 fixed-partitions partitions found on MTD device spi0.0
Aug  6 18:02:35 arm kernel: [    3.894794] Creating 4 MTD partitions on "spi0.0":
Aug  6 18:02:35 arm kernel: [    3.899587] 0x000000000000-0x000000100000 : "qspi-fsbl-uboot"
Aug  6 18:02:35 arm kernel: [    3.905878] 0x000000100000-0x000000600000 : "qspi-linux"
Aug  6 18:02:35 arm kernel: [    3.911612] 0x000000600000-0x000000620000 : "qspi-device-tree"
Aug  6 18:02:35 arm kernel: [    3.917834] 0x000000620000-0x000000c00000 : "qspi-rootfs"
Aug  6 18:02:35 arm kernel: [    3.925926] macb ff0e0000.ethernet: Not enabling partial store and forward
Aug  6 18:02:35 arm kernel: [    3.933297] libphy: MACB_mii_bus: probed
Aug  6 18:02:35 arm kernel: [    3.939364] TI DP83867 ff0e0000.ethernet-ffffffff:0c: attached PHY driver [TI DP83867] (mii_bus:phy_addr=ff0e0000.ethernet-ffffffff:0c, irq=POLL)
Aug  6 18:02:35 arm kernel: [    3.952420] macb ff0e0000.ethernet eth0: Cadence GEM rev 0x50070106 at 0xff0e0000 irq 22 (38:39:35:35:35:30)
Aug  6 18:02:35 arm kernel: [    3.962548] xilinx-axipmon ffa00000.perf-monitor: Probed Xilinx APM
Aug  6 18:02:35 arm kernel: [    3.969082] xilinx-axipmon fd0b0000.perf-monitor: Probed Xilinx APM
Aug  6 18:02:35 arm kernel: [    3.975563] xilinx-axipmon fd490000.perf-monitor: Probed Xilinx APM
Aug  6 18:02:35 arm kernel: [    3.982044] xilinx-axipmon ffa10000.perf-monitor: Probed Xilinx APM
Aug  6 18:02:35 arm kernel: [    3.990061] dwc3 fe200000.dwc3: Failed to get clk 'ref': -2
Aug  6 18:02:35 arm kernel: [    3.996006] xilinx-psgtr fd400000.zynqmp_phy: Lane:2 type:0 protocol:3 pll_locked:yes
Aug  6 18:02:35 arm kernel: [    4.006065] xhci-hcd xhci-hcd.0.auto: xHCI Host Controller
Aug  6 18:02:35 arm kernel: [    4.011562] xhci-hcd xhci-hcd.0.auto: new USB bus registered, assigned bus number 1
Aug  6 18:02:35 arm kernel: [    4.019553] xhci-hcd xhci-hcd.0.auto: hcc params 0x0238f625 hci version 0x100 quirks 0x0000000202010810
Aug  6 18:02:35 arm kernel: [    4.028972] xhci-hcd xhci-hcd.0.auto: irq 39, io mem 0xfe200000
Aug  6 18:02:35 arm kernel: [    4.035093] usb usb1: New USB device found, idVendor=1d6b, idProduct=0002, bcdDevice= 4.19
Aug  6 18:02:35 arm kernel: [    4.043361] usb usb1: New USB device strings: Mfr=3, Product=2, SerialNumber=1
Aug  6 18:02:35 arm kernel: [    4.050583] usb usb1: Product: xHCI Host Controller
Aug  6 18:02:35 arm kernel: [    4.055459] usb usb1: Manufacturer: Linux 4.19.0 xhci-hcd
Aug  6 18:02:35 arm kernel: [    4.060858] usb usb1: SerialNumber: xhci-hcd.0.auto
Aug  6 18:02:35 arm kernel: [    4.066035] hub 1-0:1.0: USB hub found
Aug  6 18:02:35 arm kernel: [    4.069806] hub 1-0:1.0: 1 port detected
Aug  6 18:02:35 arm kernel: [    4.073925] xhci-hcd xhci-hcd.0.auto: xHCI Host Controller
Aug  6 18:02:35 arm kernel: [    4.079416] xhci-hcd xhci-hcd.0.auto: new USB bus registered, assigned bus number 2
Aug  6 18:02:35 arm kernel: [    4.087080] xhci-hcd xhci-hcd.0.auto: Host supports USB 3.0  SuperSpeed
Aug  6 18:02:35 arm kernel: [    4.093818] usb usb2: New USB device found, idVendor=1d6b, idProduct=0003, bcdDevice= 4.19
Aug  6 18:02:35 arm kernel: [    4.102086] usb usb2: New USB device strings: Mfr=3, Product=2, SerialNumber=1
Aug  6 18:02:35 arm kernel: [    4.109303] usb usb2: Product: xHCI Host Controller
Aug  6 18:02:35 arm kernel: [    4.114179] usb usb2: Manufacturer: Linux 4.19.0 xhci-hcd
Aug  6 18:02:35 arm kernel: [    4.119578] usb usb2: SerialNumber: xhci-hcd.0.auto
Aug  6 18:02:35 arm kernel: [    4.124702] hub 2-0:1.0: USB hub found
Aug  6 18:02:35 arm kernel: [    4.128473] hub 2-0:1.0: 1 port detected
Aug  6 18:02:35 arm kernel: [    4.134448] at24 1-0054: 1024 byte 24c08 EEPROM, writable, 1 bytes/write
Aug  6 18:02:35 arm kernel: [    4.141190] i2c i2c-0: Added multiplexed i2c bus 1
Aug  6 18:02:35 arm kernel: [    4.146194] i2c i2c-0: Added multiplexed i2c bus 2
Aug  6 18:02:35 arm kernel: [    4.151262] i2c i2c-0: Added multiplexed i2c bus 3
Aug  6 18:02:35 arm kernel: [    4.156182] i2c i2c-0: Added multiplexed i2c bus 4
Aug  6 18:02:35 arm kernel: [    4.161189] pca953x 5-0020: 5-0020 supply vcc not found, using dummy regulator
Aug  6 18:02:35 arm kernel: [    4.168451] pca953x 5-0020: Linked as a consumer to regulator.0
Aug  6 18:02:35 arm kernel: [    4.175037] i2c i2c-0: Added multiplexed i2c bus 5
Aug  6 18:02:35 arm kernel: [    4.179963] i2c i2c-0: Added multiplexed i2c bus 6
Aug  6 18:02:35 arm kernel: [    4.184877] i2c i2c-0: Added multiplexed i2c bus 7
Aug  6 18:02:35 arm kernel: [    4.189800] i2c i2c-0: Added multiplexed i2c bus 8
Aug  6 18:02:35 arm kernel: [    4.189822] ata1: SATA link down (SStatus 0 SControl 330)
Aug  6 18:02:35 arm kernel: [    4.194596] pca954x 0-0074: registered 8 multiplexed busses for I2C switch pca9548
Aug  6 18:02:35 arm kernel: [    4.200012] ata2: SATA link down (SStatus 0 SControl 330)
Aug  6 18:02:35 arm kernel: [    4.207572] cdns-i2c ff030000.i2c: 400 kHz mmio ff030000 irq 24
Aug  6 18:02:35 arm kernel: [    4.219230] cdns-wdt fd4d0000.watchdog: Xilinx Watchdog Timer at (____ptrval____) with timeout 60s
Aug  6 18:02:35 arm kernel: [    4.260686] mmc0: SDHCI controller on ff170000.mmc [ff170000.mmc] using ADMA 64-bit
Aug  6 18:02:35 arm kernel: [    4.276339] rtc_zynqmp ffa60000.rtc: setting system clock to 2021-08-06 18:02:31 UTC (1628272951)
Aug  6 18:02:35 arm kernel: [    4.285219] of_cfs_init
Aug  6 18:02:35 arm kernel: [    4.287681] of_cfs_init: OK
Aug  6 18:02:35 arm kernel: [    4.290575] cfg80211: Loading compiled-in X.509 certificates for regulatory database
Aug  6 18:02:35 arm kernel: [    4.337266] mmc0: new high speed SDHC card at address aaaa
Aug  6 18:02:35 arm kernel: [    4.343273] mmcblk0: mmc0:aaaa SB16G 14.8 GiB 
Aug  6 18:02:35 arm kernel: [    4.352051]  mmcblk0: p1 p2
Aug  6 18:02:35 arm kernel: [    4.428854] cfg80211: Loaded X.509 cert 'sforshee: 00b28ddf47aef9cea7'
Aug  6 18:02:35 arm kernel: [    4.435512] zynqmp_pll_disable() clock disable failed for dpll_int, ret = -13
Aug  6 18:02:35 arm kernel: [    4.443423] ALSA device list:
Aug  6 18:02:35 arm kernel: [    4.446387]   No soundcards found.
Aug  6 18:02:35 arm kernel: [    4.450104] platform regulatory.0: Direct firmware load for regulatory.db failed with error -2
Aug  6 18:02:35 arm kernel: [    4.458724] cfg80211: failed to load regulatory.db
Aug  6 18:02:35 arm kernel: [    4.477449] EXT4-fs (mmcblk0p2): mounted filesystem with ordered data mode. Opts: (null)
Aug  6 18:02:35 arm kernel: [    4.485560] VFS: Mounted root (ext4 filesystem) on device 179:2.
Aug  6 18:02:35 arm kernel: [    4.500693] devtmpfs: mounted
Aug  6 18:02:35 arm kernel: [    4.503842] Freeing unused kernel memory: 832K
Aug  6 18:02:35 arm kernel: [    4.515698] Run /sbin/init as init process
Aug  6 18:02:35 arm kernel: [    4.687818] random: fast init done
Aug  6 18:02:35 arm kernel: [    4.991243] systemd[1]: systemd 245.4-4ubuntu3 running in system mode. (+PAM +AUDIT +SELINUX +IMA +APPARMOR +SMACK +SYSVINIT +UTMP +LIBCRYPTSETUP +GCRYPT +GNUTLS +ACL +XZ +LZ4 +SECCOMP +BLKID +ELFUTILS +KMOD +IDN2 -IDN +PCRE2 default-hierarchy=hybrid)
Aug  6 18:02:35 arm kernel: [    5.013868] systemd[1]: Detected architecture arm64.
Aug  6 18:02:35 arm kernel: [    5.050414] systemd[1]: Set hostname to <arm>.
Aug  6 18:02:35 arm kernel: [    5.443571] systemd[1]: /lib/systemd/system/dbus.socket:5: ListenStream= references a path below legacy directory /var/run/, updating /var/run/dbus/system_bus_socket → /run/dbus/system_bus_socket; please update the unit file accordingly.
Aug  6 18:02:35 arm kernel: [    5.637059] random: systemd: uninitialized urandom read (16 bytes read)
Aug  6 18:02:35 arm kernel: [    5.643826] systemd[1]: system-modprobe.slice: unit configures an IP firewall, but the local system does not support BPF/cgroup firewalling.
Aug  6 18:02:35 arm kernel: [    5.656455] systemd[1]: (This warning is only shown for the first unit using IP firewalling.)
Aug  6 18:02:35 arm kernel: [    5.665438] systemd[1]: Created slice system-modprobe.slice.
Aug  6 18:02:35 arm kernel: [    5.687696] random: systemd: uninitialized urandom read (16 bytes read)
Aug  6 18:02:35 arm kernel: [    5.694560] systemd[1]: Created slice system-serial\x2dgetty.slice.
Aug  6 18:02:35 arm kernel: [    5.715672] random: systemd: uninitialized urandom read (16 bytes read)
Aug  6 18:02:35 arm kernel: [    5.722480] systemd[1]: Created slice User and Session Slice.
Aug  6 18:02:35 arm kernel: [    5.743817] systemd[1]: Started Dispatch Password Requests to Console Directory Watch.
Aug  6 18:02:35 arm kernel: [    5.767779] systemd[1]: Started Forward Password Requests to Wall Directory Watch.
Aug  6 18:02:35 arm kernel: [    5.791775] systemd[1]: Condition check resulted in Arbitrary Executable File Formats File System Automount Point being skipped.
Aug  6 18:02:35 arm kernel: [    5.803465] systemd[1]: Reached target Local Encrypted Volumes.
Aug  6 18:02:35 arm kernel: [    5.823795] systemd[1]: Reached target Paths.
Aug  6 18:02:35 arm kernel: [    5.839720] systemd[1]: Reached target Remote File Systems.
Aug  6 18:02:35 arm kernel: [    5.859703] systemd[1]: Reached target Slices.
Aug  6 18:02:35 arm kernel: [    5.875728] systemd[1]: Reached target Swap.
Aug  6 18:02:35 arm kernel: [    5.892090] systemd[1]: Listening on Syslog Socket.
Aug  6 18:02:35 arm kernel: [    5.907849] systemd[1]: Listening on initctl Compatibility Named Pipe.
Aug  6 18:02:35 arm kernel: [    5.932136] systemd[1]: Listening on Journal Audit Socket.
Aug  6 18:02:35 arm kernel: [    5.951900] systemd[1]: Listening on Journal Socket (/dev/log).
Aug  6 18:02:35 arm kernel: [    5.971954] systemd[1]: Listening on Journal Socket.
Aug  6 18:02:35 arm kernel: [    5.987960] systemd[1]: Listening on udev Control Socket.
Aug  6 18:02:35 arm kernel: [    6.011878] systemd[1]: Listening on udev Kernel Socket.
Aug  6 18:02:35 arm kernel: [    6.033112] systemd[1]: Mounting Huge Pages File System...
Aug  6 18:02:35 arm kernel: [    6.053297] systemd[1]: Mounting POSIX Message Queue File System...
Aug  6 18:02:35 arm kernel: [    6.077322] systemd[1]: Mounting Kernel Debug File System...
Aug  6 18:02:35 arm kernel: [    6.091968] systemd[1]: Condition check resulted in Kernel Trace File System being skipped.
Aug  6 18:02:35 arm kernel: [    6.101814] systemd[1]: Starting Journal Service...
Aug  6 18:02:35 arm kernel: [    6.121589] systemd[1]: Starting Set the console keyboard layout...
Aug  6 18:02:35 arm kernel: [    6.143792] systemd[1]: Condition check resulted in Create list of static device nodes for the current kernel being skipped.
Aug  6 18:02:35 arm kernel: [    6.155811] systemd[1]: Condition check resulted in Load Kernel Module drm being skipped.
Aug  6 18:02:35 arm kernel: [    6.165911] systemd[1]: Condition check resulted in Set Up Additional Binary Formats being skipped.
Aug  6 18:02:35 arm kernel: [    6.178468] systemd[1]: Starting Load Kernel Modules...
Aug  6 18:02:35 arm kernel: [    6.197260] systemd[1]: Starting Remount Root and Kernel File Systems...
